Archive member included to satisfy reference by file (symbol)

c:/mounriver/mounriver_studio/toolchain/risc-v embedded gcc/bin/../lib/gcc/riscv-none-embed/8.2.0/rv32imac/ilp32\libgcc.a(_divdi3.o)
                              ./User/diskio.o (__divdi3)
c:/mounriver/mounriver_studio/toolchain/risc-v embedded gcc/bin/../lib/gcc/riscv-none-embed/8.2.0/rv32imac/ilp32\libgcc.a(mulsf3.o)
                              ./User/lcd.o (__mulsf3)
c:/mounriver/mounriver_studio/toolchain/risc-v embedded gcc/bin/../lib/gcc/riscv-none-embed/8.2.0/rv32imac/ilp32\libgcc.a(fixunssfsi.o)
                              ./User/lcd.o (__fixunssfsi)
c:/mounriver/mounriver_studio/toolchain/risc-v embedded gcc/bin/../lib/gcc/riscv-none-embed/8.2.0/rv32imac/ilp32\libgcc.a(_clz.o)
                              c:/mounriver/mounriver_studio/toolchain/risc-v embedded gcc/bin/../lib/gcc/riscv-none-embed/8.2.0/rv32imac/ilp32\libgcc.a(_divdi3.o) (__clz_tab)
c:/mounriver/mounriver_studio/toolchain/risc-v embedded gcc/bin/../lib/gcc/riscv-none-embed/8.2.0/rv32imac/ilp32\libgcc.a(_clzsi2.o)
                              c:/mounriver/mounriver_studio/toolchain/risc-v embedded gcc/bin/../lib/gcc/riscv-none-embed/8.2.0/rv32imac/ilp32\libgcc.a(mulsf3.o) (__clzsi2)
c:/mounriver/mounriver_studio/toolchain/risc-v embedded gcc/bin/../lib/gcc/riscv-none-embed/8.2.0/../../../../riscv-none-embed/lib/rv32imac/ilp32\libg_nano.a(lib_a-memcpy.o)
                              ./User/sdio.o (memcpy)
c:/mounriver/mounriver_studio/toolchain/risc-v embedded gcc/bin/../lib/gcc/riscv-none-embed/8.2.0/../../../../riscv-none-embed/lib/rv32imac/ilp32\libg_nano.a(lib_a-printf.o)
                              ./User/main.o (printf)
c:/mounriver/mounriver_studio/toolchain/risc-v embedded gcc/bin/../lib/gcc/riscv-none-embed/8.2.0/../../../../riscv-none-embed/lib/rv32imac/ilp32\libg_nano.a(lib_a-puts.o)
                              ./User/main.o (puts)
c:/mounriver/mounriver_studio/toolchain/risc-v embedded gcc/bin/../lib/gcc/riscv-none-embed/8.2.0/../../../../riscv-none-embed/lib/rv32imac/ilp32\libg_nano.a(lib_a-wbuf.o)
                              c:/mounriver/mounriver_studio/toolchain/risc-v embedded gcc/bin/../lib/gcc/riscv-none-embed/8.2.0/../../../../riscv-none-embed/lib/rv32imac/ilp32\libg_nano.a(lib_a-puts.o) (__swbuf_r)
c:/mounriver/mounriver_studio/toolchain/risc-v embedded gcc/bin/../lib/gcc/riscv-none-embed/8.2.0/../../../../riscv-none-embed/lib/rv32imac/ilp32\libg_nano.a(lib_a-wsetup.o)
                              c:/mounriver/mounriver_studio/toolchain/risc-v embedded gcc/bin/../lib/gcc/riscv-none-embed/8.2.0/../../../../riscv-none-embed/lib/rv32imac/ilp32\libg_nano.a(lib_a-puts.o) (__swsetup_r)
c:/mounriver/mounriver_studio/toolchain/risc-v embedded gcc/bin/../lib/gcc/riscv-none-embed/8.2.0/../../../../riscv-none-embed/lib/rv32imac/ilp32\libg_nano.a(lib_a-fflush.o)
                              c:/mounriver/mounriver_studio/toolchain/risc-v embedded gcc/bin/../lib/gcc/riscv-none-embed/8.2.0/../../../../riscv-none-embed/lib/rv32imac/ilp32\libg_nano.a(lib_a-wbuf.o) (_fflush_r)
c:/mounriver/mounriver_studio/toolchain/risc-v embedded gcc/bin/../lib/gcc/riscv-none-embed/8.2.0/../../../../riscv-none-embed/lib/rv32imac/ilp32\libg_nano.a(lib_a-findfp.o)
                              c:/mounriver/mounriver_studio/toolchain/risc-v embedded gcc/bin/../lib/gcc/riscv-none-embed/8.2.0/../../../../riscv-none-embed/lib/rv32imac/ilp32\libg_nano.a(lib_a-printf.o) (__sinit)
c:/mounriver/mounriver_studio/toolchain/risc-v embedded gcc/bin/../lib/gcc/riscv-none-embed/8.2.0/../../../../riscv-none-embed/lib/rv32imac/ilp32\libg_nano.a(lib_a-fwalk.o)
                              c:/mounriver/mounriver_studio/toolchain/risc-v embedded gcc/bin/../lib/gcc/riscv-none-embed/8.2.0/../../../../riscv-none-embed/lib/rv32imac/ilp32\libg_nano.a(lib_a-findfp.o) (_fwalk)
c:/mounriver/mounriver_studio/toolchain/risc-v embedded gcc/bin/../lib/gcc/riscv-none-embed/8.2.0/../../../../riscv-none-embed/lib/rv32imac/ilp32\libg_nano.a(lib_a-impure.o)
                              c:/mounriver/mounriver_studio/toolchain/risc-v embedded gcc/bin/../lib/gcc/riscv-none-embed/8.2.0/../../../../riscv-none-embed/lib/rv32imac/ilp32\libg_nano.a(lib_a-fflush.o) (_global_impure_ptr)
c:/mounriver/mounriver_studio/toolchain/risc-v embedded gcc/bin/../lib/gcc/riscv-none-embed/8.2.0/../../../../riscv-none-embed/lib/rv32imac/ilp32\libg_nano.a(lib_a-makebuf.o)
                              c:/mounriver/mounriver_studio/toolchain/risc-v embedded gcc/bin/../lib/gcc/riscv-none-embed/8.2.0/../../../../riscv-none-embed/lib/rv32imac/ilp32\libg_nano.a(lib_a-wsetup.o) (__smakebuf_r)
c:/mounriver/mounriver_studio/toolchain/risc-v embedded gcc/bin/../lib/gcc/riscv-none-embed/8.2.0/../../../../riscv-none-embed/lib/rv32imac/ilp32\libg_nano.a(lib_a-memset.o)
[...]
Memory Configuration

Name             Origin             Length             Attributes
FLASH            0x0000000000000000 0x0000000000030000 xr
RAM              0x0000000020000000 0x0000000000020000 xrw
*default*        0x0000000000000000 0xffffffffffffffff

Linker script and memory map

LOAD ./User/IIC.o
LOAD ./User/ch32v30x_it.o
LOAD ./User/diskio.o
LOAD ./User/es8388.o
LOAD ./User/ff.o
LOAD ./User/ffsystem.o
LOAD ./User/ffunicode.o
LOAD ./User/lcd.o
LOAD ./User/main.o
LOAD ./User/sdio.o
LOAD ./User/system_ch32v30x.o
LOAD ./Startup/startup_ch32v30x.o
LOAD ./Peripheral/src/ch32v30x_adc.o
LOAD ./Peripheral/src/ch32v30x_bkp.o
LOAD ./Peripheral/src/ch32v30x_can.o
LOAD ./Peripheral/src/ch32v30x_crc.o
LOAD ./Peripheral/src/ch32v30x_dac.o
LOAD ./Peripheral/src/ch32v30x_dbgmcu.o
LOAD ./Peripheral/src/ch32v30x_dma.o
LOAD ./Peripheral/src/ch32v30x_dvp.o
LOAD ./Peripheral/src/ch32v30x_eth.o
LOAD ./Peripheral/src/ch32v30x_exti.o
LOAD ./Peripheral/src/ch32v30x_flash.o
LOAD ./Peripheral/src/ch32v30x_fsmc.o
LOAD ./Peripheral/src/ch32v30x_gpio.o
LOAD ./Peripheral/src/ch32v30x_i2c.o
LOAD ./Peripheral/src/ch32v30x_iwdg.o
LOAD ./Peripheral/src/ch32v30x_misc.o
LOAD ./Peripheral/src/ch32v30x_opa.o
LOAD ./Peripheral/src/ch32v30x_pwr.o
LOAD ./Peripheral/src/ch32v30x_rcc.o
LOAD ./Peripheral/src/ch32v30x_rng.o
LOAD ./Peripheral/src/ch32v30x_rtc.o
LOAD ./Peripheral/src/ch32v30x_sdio.o
LOAD ./Peripheral/src/ch32v30x_spi.o
LOAD ./Peripheral/src/ch32v30x_tim.o
LOAD ./Peripheral/src/ch32v30x_usart.o
LOAD ./Peripheral/src/ch32v30x_wwdg.o
LOAD ./Debug/debug.o
LOAD ./Core/core_riscv.o
LOAD c:/mounriver/mounriver_studio/toolchain/risc-v embedded gcc/bin/../lib/gcc/riscv-none-embed/8.2.0/rv32imac/ilp32\libgcc.a
LOAD c:/mounriver/mounriver_studio/toolchain/risc-v embedded gcc/bin/../lib/gcc/riscv-none-embed/8.2.0/../../../../riscv-none-embed/lib/rv32imac/ilp32\libg_nano.a
LOAD c:/mounriver/mounriver_studio/toolchain/risc-v embedded gcc/bin/../lib/gcc/riscv-none-embed/8.2.0/../../../../riscv-none-embed/lib/rv32imac/ilp32\libc_nano.a
LOAD c:/mounriver/mounriver_studio/toolchain/risc-v embedded gcc/bin/../lib/gcc/riscv-none-embed/8.2.0/rv32imac/ilp32\libgcc.a
START GROUP
LOAD c:/mounriver/mounriver_studio/toolchain/risc-v embedded gcc/bin/../lib/gcc/riscv-none-embed/8.2.0/rv32imac/ilp32\libgcc.a
LOAD c:/mounriver/mounriver_studio/toolchain/risc-v embedded gcc/bin/../lib/gcc/riscv-none-embed/8.2.0/../../../../riscv-none-embed/lib/rv32imac/ilp32\libc_nano.a
LOAD c:/mounriver/mounriver_studio/toolchain/risc-v embedded gcc/bin/../lib/gcc/riscv-none-embed/8.2.0/../../../../riscv-none-embed/lib/rv32imac/ilp32\libnosys.a
END GROUP
START GROUP
LOAD c:/mounriver/mounriver_studio/toolchain/risc-v embedded gcc/bin/../lib/gcc/riscv-none-embed/8.2.0/rv32imac/ilp32\libgcc.a
LOAD c:/mounriver/mounriver_studio/toolchain/risc-v embedded gcc/bin/../lib/gcc/riscv-none-embed/8.2.0/../../../../riscv-none-embed/lib/rv32imac/ilp32\libc_nano.a
LOAD c:/mounriver/mounriver_studio/toolchain/risc-v embedded gcc/bin/../lib/gcc/riscv-none-embed/8.2.0/../../../../riscv-none-embed/lib/rv32imac/ilp32\libnosys.a
END GROUP
                0x0000000000000800                __stack_size = 0x800
                [!provide]                        PROVIDE (_stack_size = __stack_size)

.init           0x0000000000000000       0x38
                0x0000000000000000                _sinit = .
                0x0000000000000000                . = ALIGN (0x4)
 *(SORT_NONE(.init))
 .init          0x0000000000000000       0x38 ./Startup/startup_ch32v30x.o
                0x0000000000000000                _start
                0x0000000000000038                . = ALIGN (0x4)
                0x0000000000000038                _einit = .

.vector         0x0000000000000038      0x1c8
 *(.vector)
 .vector        0x0000000000000038      0x1a0 ./Startup/startup_ch32v30x.o
                0x0000000000000200                . = ALIGN (0x40)
 *fill*         0x00000000000001d8       0x28 

.text           0x0000000000000200     0x6f48
                0x0000000000000200                . = ALIGN (0x4)
 *(.text)
 .text          0x0000000000000200       0xa8 c:/mounriver/mounriver_studio/toolchain/risc-v embedded gcc/bin/../lib/gcc/riscv-none-embed/8.2.0/../../../../riscv-none-embed/lib/rv32imac/ilp32\libg_nano.a(lib_a-memset.o)
                0x0000000000000200                memset
 *(.text.*)
 .text.IIC_Init
                0x00000000000002a8       0xa6 ./User/IIC.o
                0x00000000000002a8                IIC_Init
 .text.NMI_Handler
                0x000000000000034e        0x4 ./User/ch32v30x_it.o
                0x000000000000034e                NMI_Handler
 .text.HardFault_Handler
                0x0000000000000352        0x2 ./User/ch32v30x_it.o
                0x0000000000000352                HardFault_Handler
 .text.disk_status
                0x0000000000000354        0x8 ./User/diskio.o
                0x0000000000000354                disk_status
 .text.disk_initialize
                0x000000000000035c       0x1c ./User/diskio.o
                0x000000000000035c                disk_initialize
 .text.disk_read
                0x0000000000000378       0x22 ./User/diskio.o
                0x0000000000000378                disk_read
 .text.disk_write
                0x000000000000039a       0x22 ./User/diskio.o
                0x000000000000039a                disk_write
 .text.disk_ioctl
                0x00000000000003bc       0x4e ./User/diskio.o
                0x00000000000003bc                disk_ioctl
 .text.get_fattime
                0x000000000000040a        0x4 ./User/diskio.o
                0x000000000000040a                get_fattime
 .text.ES8388_Contrl_Init
                0x000000000000040e       0x30 ./User/es8388.o
                0x000000000000040e                ES8388_Contrl_Init
 .text.ES8388_Write_Reg
                0x000000000000043e       0xee ./User/es8388.o
                0x000000000000043e                ES8388_Write_Reg
 .text.ES8388_Init
                0x000000000000052c       0xc8 ./User/es8388.o
                0x000000000000052c                ES8388_Init
 .text.ES8388_I2S_Cfg
                0x00000000000005f4        0xe ./User/es8388.o
                0x00000000000005f4                ES8388_I2S_Cfg
 .text.ES8388_Set_Volume
                0x0000000000000602       0x32 ./User/es8388.o
                0x0000000000000602                ES8388_Set_Volume
 .text.ES8388_ADDA_Cfg
                0x0000000000000634       0x16 ./User/es8388.o
                0x0000000000000634                ES8388_ADDA_Cfg
 .text.ES8388_Output_Cfg
                0x000000000000064a       0x12 ./User/es8388.o
                0x000000000000064a                ES8388_Output_Cfg
 .text.ld_dword
                0x000000000000065c       0x1e ./User/ff.o
 .text.st_dword
                0x000000000000067a       0x1c ./User/ff.o
 .text.mem_set  0x0000000000000696        0xe ./User/ff.o
 .text.mem_cmp  0x00000000000006a4       0x1a ./User/ff.o
 .text.clst2sect
                0x00000000000006be       0x1c ./User/ff.o
 .text.get_ldnumber
                0x00000000000006da       0x52 ./User/ff.o
 .text.validate
                0x000000000000072c       0x48 ./User/ff.o
 .text.mem_cpy.part.0
                0x0000000000000774       0x1a ./User/ff.o
 .text.ld_clust.isra.1
                0x000000000000078e       0x26 ./User/ff.o
 .text.st_clust.isra.2
                0x00000000000007b4       0x28 ./User/ff.o
 .text.sync_window.part.4
                0x00000000000007dc       0x58 ./User/ff.o
 .text.move_window
                0x0000000000000834       0x4a ./User/ff.o
 .text.check_fs
                0x000000000000087e       0x80 ./User/ff.o
 .text.put_fat  0x00000000000008fe      0x130 ./User/ff.o
 .text.get_fat.isra.8
                0x0000000000000a2e       0xd8 ./User/ff.o
 .text.create_chain
                0x0000000000000b06      0x10a ./User/ff.o
 .text.remove_chain
                0x0000000000000c10       0x92 ./User/ff.o
 .text.mount_volume
                0x0000000000000ca2      0x2f0 ./User/ff.o
 .text.dir_sdi.constprop.15
                0x0000000000000f92       0x8e ./User/ff.o
 .text.sync_fs  0x0000000000001020       0xc0 ./User/ff.o
 .text.dir_clear
                0x00000000000010e0       0x76 ./User/ff.o
 .text.dir_next
                0x0000000000001156       0xdc ./User/ff.o
 .text.follow_path
                0x0000000000001232      0x23c ./User/ff.o
 .text.dir_register
                0x000000000000146e       0x82 ./User/ff.o
 .text.f_mount  0x00000000000014f0       0x50 ./User/ff.o
                0x00000000000014f0                f_mount
 .text.f_open   0x0000000000001540      0x1ee ./User/ff.o
                0x0000000000001540                f_open
 .text.f_read   0x000000000000172e      0x1aa ./User/ff.o
                0x000000000000172e                f_read
 .text.f_sync   0x00000000000018d8       0xb8 ./User/ff.o
                0x00000000000018d8                f_sync
 .text.f_close  0x0000000000001990       0x22 ./User/ff.o
                0x0000000000001990                f_close
 .text.f_lseek  0x00000000000019b2      0x16c ./User/ff.o
                0x00000000000019b2                f_lseek
 .text.f_mkfs   0x0000000000001b1e      0x70a ./User/ff.o
                0x0000000000001b1e                f_mkfs
 .text.SPI_LCD_Init
                0x0000000000002228       0xf4 ./User/lcd.o
                0x0000000000002228                SPI_LCD_Init
 .text.spi_readwrite
                0x000000000000231c       0x74 ./User/lcd.o
                0x000000000000231c                spi_readwrite
 .text.LCD_WR_DATA8
                0x0000000000002390       0x38 ./User/lcd.o
                0x0000000000002390                LCD_WR_DATA8
 .text.LCD_WR_DATA
                0x00000000000023c8       0x40 ./User/lcd.o
                0x00000000000023c8                LCD_WR_DATA
 .text.LCD_WR_REG
                0x0000000000002408       0x38 ./User/lcd.o
                0x0000000000002408                LCD_WR_REG
 .text.LCD_Address_Set
                0x0000000000002440       0x54 ./User/lcd.o
                0x0000000000002440                LCD_Address_Set
 .text.LCD_Init
                0x0000000000002494      0x212 ./User/lcd.o
                0x0000000000002494                LCD_Init
 .text.LCD_ShowPicture
                0x00000000000026a6       0x80 ./User/lcd.o
                0x00000000000026a6                LCD_ShowPicture
 .text.I2S2_Init_TX
                0x0000000000002726       0xa8 ./User/main.o
                0x0000000000002726                I2S2_Init_TX
 .text.DMA_Tx_Init
                0x00000000000027ce       0x5a ./User/main.o
                0x00000000000027ce                DMA_Tx_Init
 .text.TIM1_Int_Init
                0x0000000000002828       0x74 ./User/main.o
                0x0000000000002828                TIM1_Int_Init
 .text.Audio_Init
                0x000000000000289c       0xca ./User/main.o
                0x000000000000289c                Audio_Init
 .text.play     0x0000000000002966        0xe ./User/main.o
                0x0000000000002966                play
 .text.VideoNVICInit
                0x0000000000002974       0x6e ./User/main.o
                0x0000000000002974                VideoNVICInit
 .text.startup.main
                0x00000000000029e2       0xc6 ./User/main.o
                0x00000000000029e2                main
 .text.TIM1_UP_IRQHandler
                0x0000000000002aa8      0x16e ./User/main.o
                0x0000000000002aa8                TIM1_UP_IRQHandler
 .text.SDIO_Clock_Set
                0x0000000000002c16       0x10 ./User/sdio.o
                0x0000000000002c16                SDIO_Clock_Set
 .text.SD_GetCardInfo
                0x0000000000002c26      0x31a ./User/sdio.o
                0x0000000000002c26                SD_GetCardInfo
 .text.CmdError
                0x0000000000002f40       0x36 ./User/sdio.o
                0x0000000000002f40                CmdError
 .text.CmdResp7Error
                0x0000000000002f76       0x4a ./User/sdio.o
                0x0000000000002f76                CmdResp7Error
 .text.CmdResp1Error
                0x0000000000002fc0       0x5c ./User/sdio.o
                0x0000000000002fc0                CmdResp1Error
 .text.SD_SelectDeselect
                0x000000000000301c       0x32 ./User/sdio.o
                0x000000000000301c                SD_SelectDeselect
 .text.SD_ProcessIRQSrc
                0x000000000000304e      0x13a ./User/sdio.o
                0x000000000000304e                SD_ProcessIRQSrc
 .text.SDIO_IRQHandler
                0x0000000000003188        0x8 ./User/sdio.o
                0x0000000000003188                SDIO_IRQHandler
 .text.CmdResp3Error
                0x0000000000003190       0x32 ./User/sdio.o
                0x0000000000003190                CmdResp3Error
 .text.SD_PowerON
                0x00000000000031c2      0x1de ./User/sdio.o
                0x00000000000031c2                SD_PowerON
 .text.CmdResp2Error
                0x00000000000033a0       0x52 ./User/sdio.o
                0x00000000000033a0                CmdResp2Error
 .text.CmdResp6Error
                0x00000000000033f2       0x8c ./User/sdio.o
                0x00000000000033f2                CmdResp6Error
 .text.SD_InitializeCards
                0x000000000000347e      0x14e ./User/sdio.o
                0x000000000000347e                SD_InitializeCards
 .text.IsCardProgramming
                0x00000000000035cc       0xa6 ./User/sdio.o
                0x00000000000035cc                IsCardProgramming
 .text.FindSCR  0x0000000000003672      0x1c4 ./User/sdio.o
                0x0000000000003672                FindSCR
 .text.SDEnWideBus
                0x0000000000003836       0xb0 ./User/sdio.o
                0x0000000000003836                SDEnWideBus
 .text.SD_EnableWideBusOperation
                0x00000000000038e6       0x58 ./User/sdio.o
                0x00000000000038e6                SD_EnableWideBusOperation
 .text.SD_Init  0x000000000000393e       0xde ./User/sdio.o
                0x000000000000393e                SD_Init
 .text.convert_from_bytes_to_power_of_two
                0x0000000000003a1c       0x16 ./User/sdio.o
                0x0000000000003a1c                convert_from_bytes_to_power_of_two
 .text.SD_DMA_Config
                0x0000000000003a32       0x80 ./User/sdio.o
                0x0000000000003a32                SD_DMA_Config
 .text.SD_ReadBlock
                0x0000000000003ab2      0x26a ./User/sdio.o
                0x0000000000003ab2                SD_ReadBlock
 .text.SD_ReadMultiBlocks
                0x0000000000003d1c      0x2f2 ./User/sdio.o
                0x0000000000003d1c                SD_ReadMultiBlocks
 .text.SD_WriteBlock
                0x000000000000400e      0x368 ./User/sdio.o
                0x000000000000400e                SD_WriteBlock
 .text.SD_WriteMultiBlocks
                0x0000000000004376      0x394 ./User/sdio.o
                0x0000000000004376                SD_WriteMultiBlocks
 .text.SD_ReadDisk
                0x000000000000470a       0x92 ./User/sdio.o
                0x000000000000470a                SD_ReadDisk
 .text.SD_WriteDisk
                0x000000000000479c       0x8c ./User/sdio.o
                0x000000000000479c                SD_WriteDisk
 .text.SystemInit
                0x0000000000004828      0x110 ./User/system_ch32v30x.o
                0x0000000000004828                SystemInit
 .text.vector_handler
                0x0000000000004938       0xbe ./Startup/startup_ch32v30x.o
                0x000000000000493c                Ecall_M_Mode_Handler
                0x000000000000493e                Ecall_U_Mode_Handler
                0x0000000000004940                Break_Point_Handler
                0x0000000000004942                SysTick_Handler
                0x0000000000004944                SW_handler
                0x0000000000004946                WWDG_IRQHandler
                0x0000000000004948                PVD_IRQHandler
                0x000000000000494a                TAMPER_IRQHandler
                0x000000000000494c                RTC_IRQHandler
                0x000000000000494e                FLASH_IRQHandler
                0x0000000000004950                RCC_IRQHandler
                0x0000000000004952                EXTI0_IRQHandler
                0x0000000000004954                EXTI1_IRQHandler
                0x0000000000004956                EXTI2_IRQHandler
                0x0000000000004958                EXTI3_IRQHandler
                0x000000000000495a                EXTI4_IRQHandler
                0x000000000000495c                DMA1_Channel1_IRQHandler
                0x000000000000495e                DMA1_Channel2_IRQHandler
                0x0000000000004960                DMA1_Channel3_IRQHandler
                0x0000000000004962                DMA1_Channel4_IRQHandler
                0x0000000000004964                DMA1_Channel5_IRQHandler
                0x0000000000004966                DMA1_Channel6_IRQHandler
                0x0000000000004968                DMA1_Channel7_IRQHandler
                0x000000000000496a                ADC1_2_IRQHandler
                0x000000000000496c                USB_HP_CAN1_TX_IRQHandler
                0x000000000000496e                USB_LP_CAN1_RX0_IRQHandler
                0x0000000000004970                CAN1_RX1_IRQHandler
                0x0000000000004972                CAN1_SCE_IRQHandler
                0x0000000000004974                EXTI9_5_IRQHandler
                0x0000000000004976                TIM1_BRK_IRQHandler
                0x000000000000497a                TIM1_TRG_COM_IRQHandler
                0x000000000000497c                TIM1_CC_IRQHandler
                0x000000000000497e                TIM2_IRQHandler
                0x0000000000004980                TIM3_IRQHandler
                0x0000000000004982                TIM4_IRQHandler
                0x0000000000004984                I2C1_EV_IRQHandler
                0x0000000000004986                I2C1_ER_IRQHandler
                0x0000000000004988                I2C2_EV_IRQHandler
                0x000000000000498a                I2C2_ER_IRQHandler
                0x000000000000498c                SPI1_IRQHandler
                0x000000000000498e                SPI2_IRQHandler
                0x0000000000004990                USART1_IRQHandler
                0x0000000000004992                USART2_IRQHandler
                0x0000000000004994                USART3_IRQHandler
                0x0000000000004996                EXTI15_10_IRQHandler
                0x0000000000004998                RTCAlarm_IRQHandler
                0x000000000000499a                USBWakeUp_IRQHandler
                0x000000000000499c                TIM8_BRK_IRQHandler
                0x000000000000499e                TIM8_UP_IRQHandler
                0x00000000000049a0                TIM8_TRG_COM_IRQHandler
                0x00000000000049a2                TIM8_CC_IRQHandler
                0x00000000000049a4                RNG_IRQHandler
                0x00000000000049a6                FSMC_IRQHandler
                0x00000000000049aa                TIM5_IRQHandler
                0x00000000000049ac                SPI3_IRQHandler
                0x00000000000049ae                UART4_IRQHandler
                0x00000000000049b0                UART5_IRQHandler
                0x00000000000049b2                TIM6_IRQHandler
                0x00000000000049b4                TIM7_IRQHandler
                0x00000000000049b6                DMA2_Channel1_IRQHandler
                0x00000000000049b8                DMA2_Channel2_IRQHandler
                0x00000000000049ba                DMA2_Channel3_IRQHandler
                0x00000000000049bc                DMA2_Channel4_IRQHandler
                0x00000000000049be                DMA2_Channel5_IRQHandler
                0x00000000000049c0                ETH_IRQHandler
                0x00000000000049c2                ETH_WKUP_IRQHandler
                0x00000000000049c4                CAN2_TX_IRQHandler
                0x00000000000049c6                CAN2_RX0_IRQHandler
                0x00000000000049c8                CAN2_RX1_IRQHandler
                0x00000000000049ca                CAN2_SCE_IRQHandler
                0x00000000000049cc                OTG_FS_IRQHandler
                0x00000000000049ce                USBHSWakeup_IRQHandler
                0x00000000000049d0                USBHS_IRQHandler
                0x00000000000049d2                DVP_IRQHandler
                0x00000000000049d4                UART6_IRQHandler
                0x00000000000049d6                UART7_IRQHandler
                0x00000000000049d8                UART8_IRQHandler
                0x00000000000049da                TIM9_BRK_IRQHandler
                0x00000000000049dc                TIM9_UP_IRQHandler
                0x00000000000049de                TIM9_TRG_COM_IRQHandler
                0x00000000000049e0                TIM9_CC_IRQHandler
                0x00000000000049e2                TIM10_BRK_IRQHandler
                0x00000000000049e4                TIM10_UP_IRQHandler
                0x00000000000049e6                TIM10_TRG_COM_IRQHandler
                0x00000000000049e8                TIM10_CC_IRQHandler
                0x00000000000049ea                DMA2_Channel6_IRQHandler
                0x00000000000049ec                DMA2_Channel7_IRQHandler
                0x00000000000049ee                DMA2_Channel8_IRQHandler
                0x00000000000049f0                DMA2_Channel9_IRQHandler
                0x00000000000049f2                DMA2_Channel10_IRQHandler
                0x00000000000049f4                DMA2_Channel11_IRQHandler
 .text.handle_reset
                0x00000000000049f6       0x8e ./Startup/startup_ch32v30x.o
                0x00000000000049f6                handle_reset
 .text.DMA_DeInit
                0x0000000000004a84      0x16c ./Peripheral/src/ch32v30x_dma.o
                0x0000000000004a84                DMA_DeInit
 .text.DMA_Init
                0x0000000000004bf0       0x38 ./Peripheral/src/ch32v30x_dma.o
                0x0000000000004bf0                DMA_Init
 .text.DMA_Cmd  0x0000000000004c28       0x14 ./Peripheral/src/ch32v30x_dma.o
                0x0000000000004c28                DMA_Cmd
 .text.DMA_GetFlagStatus
                0x0000000000004c3c       0x32 ./Peripheral/src/ch32v30x_dma.o
                0x0000000000004c3c                DMA_GetFlagStatus
 .text.GPIO_Init
                0x0000000000004c6e       0xc2 ./Peripheral/src/ch32v30x_gpio.o
                0x0000000000004c6e                GPIO_Init
 .text.GPIO_SetBits
                0x0000000000004d30        0x4 ./Peripheral/src/ch32v30x_gpio.o
                0x0000000000004d30                GPIO_SetBits
 .text.GPIO_ResetBits
                0x0000000000004d34        0x4 ./Peripheral/src/ch32v30x_gpio.o
                0x0000000000004d34                GPIO_ResetBits
 .text.GPIO_WriteBit
                0x0000000000004d38        0xa ./Peripheral/src/ch32v30x_gpio.o
                0x0000000000004d38                GPIO_WriteBit
 .text.I2C_Init
                0x0000000000004d42      0x11a ./Peripheral/src/ch32v30x_i2c.o
                0x0000000000004d42                I2C_Init
 .text.I2C_Cmd  0x0000000000004e5c       0x1c ./Peripheral/src/ch32v30x_i2c.o
                0x0000000000004e5c                I2C_Cmd
 .text.I2C_GenerateSTART
                0x0000000000004e78       0x1e ./Peripheral/src/ch32v30x_i2c.o
                0x0000000000004e78                I2C_GenerateSTART
 .text.I2C_GenerateSTOP
                0x0000000000004e96       0x1e ./Peripheral/src/ch32v30x_i2c.o
                0x0000000000004e96                I2C_GenerateSTOP
 .text.I2C_AcknowledgeConfig
                0x0000000000004eb4       0x1e ./Peripheral/src/ch32v30x_i2c.o
                0x0000000000004eb4                I2C_AcknowledgeConfig
 .text.I2C_SendData
                0x0000000000004ed2        0x6 ./Peripheral/src/ch32v30x_i2c.o
                0x0000000000004ed2                I2C_SendData
 .text.I2C_Send7bitAddress
                0x0000000000004ed8       0x14 ./Peripheral/src/ch32v30x_i2c.o
                0x0000000000004ed8                I2C_Send7bitAddress
 .text.I2C_CheckEvent
                0x0000000000004eec       0x1a ./Peripheral/src/ch32v30x_i2c.o
                0x0000000000004eec                I2C_CheckEvent
 .text.I2C_GetFlagStatus
                0x0000000000004f06       0x32 ./Peripheral/src/ch32v30x_i2c.o
                0x0000000000004f06                I2C_GetFlagStatus
 .text.NVIC_PriorityGroupConfig
                0x0000000000004f38        0x6 ./Peripheral/src/ch32v30x_misc.o
                0x0000000000004f38                NVIC_PriorityGroupConfig
 .text.NVIC_Init
                0x0000000000004f3e       0xb8 ./Peripheral/src/ch32v30x_misc.o
                0x0000000000004f3e                NVIC_Init
 .text.RCC_GetClocksFreq
                0x0000000000004ff6      0x10e ./Peripheral/src/ch32v30x_rcc.o
                0x0000000000004ff6                RCC_GetClocksFreq
 .text.RCC_AHBPeriphClockCmd
                0x0000000000005104       0x1e ./Peripheral/src/ch32v30x_rcc.o
                0x0000000000005104                RCC_AHBPeriphClockCmd
 .text.RCC_APB2PeriphClockCmd
                0x0000000000005122       0x1e ./Peripheral/src/ch32v30x_rcc.o
                0x0000000000005122                RCC_APB2PeriphClockCmd
 .text.RCC_APB1PeriphClockCmd
                0x0000000000005140       0x1e ./Peripheral/src/ch32v30x_rcc.o
                0x0000000000005140                RCC_APB1PeriphClockCmd
 .text.SDIO_DeInit
                0x000000000000515e       0x30 ./Peripheral/src/ch32v30x_sdio.o
                0x000000000000515e                SDIO_DeInit
 .text.SDIO_Init
                0x000000000000518e       0x2c ./Peripheral/src/ch32v30x_sdio.o
                0x000000000000518e                SDIO_Init
 .text.SDIO_ClockCmd
                0x00000000000051ba       0x16 ./Peripheral/src/ch32v30x_sdio.o
                0x00000000000051ba                SDIO_ClockCmd
 .text.SDIO_SetPowerState
                0x00000000000051d0       0x12 ./Peripheral/src/ch32v30x_sdio.o
                0x00000000000051d0                SDIO_SetPowerState
 .text.SDIO_GetPowerState
                0x00000000000051e2        0xa ./Peripheral/src/ch32v30x_sdio.o
                0x00000000000051e2                SDIO_GetPowerState
 .text.SDIO_DMACmd
                0x00000000000051ec       0x14 ./Peripheral/src/ch32v30x_sdio.o
                0x00000000000051ec                SDIO_DMACmd
 .text.SDIO_SendCommand
                0x0000000000005200       0x22 ./Peripheral/src/ch32v30x_sdio.o
                0x0000000000005200                SDIO_SendCommand
 .text.SDIO_DataConfig
                0x0000000000005222       0x26 ./Peripheral/src/ch32v30x_sdio.o
                0x0000000000005222                SDIO_DataConfig
 .text.SDIO_ReadData
                0x0000000000005248        0xa ./Peripheral/src/ch32v30x_sdio.o
                0x0000000000005248                SDIO_ReadData
 .text.SDIO_WriteData
                0x0000000000005252        0xa ./Peripheral/src/ch32v30x_sdio.o
                0x0000000000005252                SDIO_WriteData
 .text.SDIO_GetFlagStatus
                0x000000000000525c        0xe ./Peripheral/src/ch32v30x_sdio.o
                0x000000000000525c                SDIO_GetFlagStatus
 .text.SDIO_ClearFlag
                0x000000000000526a        0x8 ./Peripheral/src/ch32v30x_sdio.o
                0x000000000000526a                SDIO_ClearFlag
 .text.SPI_Init
                0x0000000000005272       0x5a ./Peripheral/src/ch32v30x_spi.o
                0x0000000000005272                SPI_Init
 .text.I2S_Init
                0x00000000000052cc       0xda ./Peripheral/src/ch32v30x_spi.o
                0x00000000000052cc                I2S_Init
 .text.SPI_Cmd  0x00000000000053a6       0x1e ./Peripheral/src/ch32v30x_spi.o
                0x00000000000053a6                SPI_Cmd
 .text.I2S_Cmd  0x00000000000053c4       0x1e ./Peripheral/src/ch32v30x_spi.o
                0x00000000000053c4                I2S_Cmd
 .text.SPI_I2S_DMACmd
                0x00000000000053e2       0x16 ./Peripheral/src/ch32v30x_spi.o
                0x00000000000053e2                SPI_I2S_DMACmd
 .text.SPI_I2S_SendData
                0x00000000000053f8        0x6 ./Peripheral/src/ch32v30x_spi.o
                0x00000000000053f8                SPI_I2S_SendData
 .text.SPI_I2S_ReceiveData
                0x00000000000053fe        0x6 ./Peripheral/src/ch32v30x_spi.o
                0x00000000000053fe                SPI_I2S_ReceiveData
 .text.SPI_I2S_GetFlagStatus
                0x0000000000005404        0xc ./Peripheral/src/ch32v30x_spi.o
                0x0000000000005404                SPI_I2S_GetFlagStatus
 .text.TIM_TimeBaseInit
                0x0000000000005410       0xc0 ./Peripheral/src/ch32v30x_tim.o
                0x0000000000005410                TIM_TimeBaseInit
 .text.TIM_Cmd  0x00000000000054d0       0x1c ./Peripheral/src/ch32v30x_tim.o
                0x00000000000054d0                TIM_Cmd
 .text.TIM_ITConfig
                0x00000000000054ec       0x16 ./Peripheral/src/ch32v30x_tim.o
                0x00000000000054ec                TIM_ITConfig
 .text.TIM_ClearFlag
                0x0000000000005502        0xe ./Peripheral/src/ch32v30x_tim.o
                0x0000000000005502                TIM_ClearFlag
 .text.USART_Init
                0x0000000000005510       0xda ./Peripheral/src/ch32v30x_usart.o
                0x0000000000005510                USART_Init
 .text.USART_Cmd
                0x00000000000055ea       0x1c ./Peripheral/src/ch32v30x_usart.o
                0x00000000000055ea                USART_Cmd
 .text.USART_SendData
                0x0000000000005606        0xa ./Peripheral/src/ch32v30x_usart.o
                0x0000000000005606                USART_SendData
 .text.USART_GetFlagStatus
                0x0000000000005610        0xc ./Peripheral/src/ch32v30x_usart.o
                0x0000000000005610                USART_GetFlagStatus
 .text.Delay_Init
                0x000000000000561c       0x26 ./Debug/debug.o
                0x000000000000561c                Delay_Init
 .text.Delay_Ms
                0x0000000000005642       0x2c ./Debug/debug.o
                0x0000000000005642                Delay_Ms
 .text.USART_Printf_Init
                0x000000000000566e       0x64 ./Debug/debug.o
                0x000000000000566e                USART_Printf_Init
 .text._write   0x00000000000056d2       0x50 ./Debug/debug.o
                0x00000000000056d2                _write
 .text.__divdi3
                0x0000000000005722      0x3d8 c:/mounriver/mounriver_studio/toolchain/risc-v embedded gcc/bin/../lib/gcc/riscv-none-embed/8.2.0/rv32imac/ilp32\libgcc.a(_divdi3.o)
                0x0000000000005722                __divdi3
 .text.memcpy   0x0000000000005afa       0xb6 c:/mounriver/mounriver_studio/toolchain/risc-v embedded gcc/bin/../lib/gcc/riscv-none-embed/8.2.0/../../../../riscv-none-embed/lib/rv32imac/ilp32\libg_nano.a(lib_a-memcpy.o)
                0x0000000000005afa                memcpy
 .text.printf   0x0000000000005bb0       0x40 c:/mounriver/mounriver_studio/toolchain/risc-v embedded gcc/bin/../lib/gcc/riscv-none-embed/8.2.0/../../../../riscv-none-embed/lib/rv32imac/ilp32\libg_nano.a(lib_a-printf.o)
                0x0000000000005bb0                iprintf
                0x0000000000005bb0                printf
 .text._puts_r  0x0000000000005bf0       0xda c:/mounriver/mounriver_studio/toolchain/risc-v embedded gcc/bin/../lib/gcc/riscv-none-embed/8.2.0/../../../../riscv-none-embed/lib/rv32imac/ilp32\libg_nano.a(lib_a-puts.o)
                0x0000000000005bf0                _puts_r
 .text.puts     0x0000000000005cca        0xc c:/mounriver/mounriver_studio/toolchain/risc-v embedded gcc/bin/../lib/gcc/riscv-none-embed/8.2.0/../../../../riscv-none-embed/lib/rv32imac/ilp32\libg_nano.a(lib_a-puts.o)
                0x0000000000005cca                puts
 .text.__swbuf_r
                0x0000000000005cd6       0xc0 c:/mounriver/mounriver_studio/toolchain/risc-v embedded gcc/bin/../lib/gcc/riscv-none-embed/8.2.0/../../../../riscv-none-embed/lib/rv32imac/ilp32\libg_nano.a(lib_a-wbuf.o)
                0x0000000000005cd6                __swbuf_r
 .text.__swsetup_r
                0x0000000000005d96      0x10c c:/mounriver/mounriver_studio/toolchain/risc-v embedded gcc/bin/../lib/gcc/riscv-none-embed/8.2.0/../../../../riscv-none-embed/lib/rv32imac/ilp32\libg_nano.a(lib_a-wsetup.o)
                0x0000000000005d96                __swsetup_r
 .text.__sflush_r
                0x0000000000005ea2      0x13c c:/mounriver/mounriver_studio/toolchain/risc-v embedded gcc/bin/../lib/gcc/riscv-none-embed/8.2.0/../../../../riscv-none-embed/lib/rv32imac/ilp32\libg_nano.a(lib_a-fflush.o)
                0x0000000000005ea2                __sflush_r
 .text._fflush_r
                0x0000000000005fde       0x66 c:/mounriver/mounriver_studio/toolchain/risc-v embedded gcc/bin/../lib/gcc/riscv-none-embed/8.2.0/../../../../riscv-none-embed/lib/rv32imac/ilp32\libg_nano.a(lib_a-fflush.o)
                0x0000000000005fde                _fflush_r
 .text.std      0x0000000000006044       0x6a c:/mounriver/mounriver_studio/toolchain/risc-v embedded gcc/bin/../lib/gcc/riscv-none-embed/8.2.0/../../../../riscv-none-embed/lib/rv32imac/ilp32\libg_nano.a(lib_a-findfp.o)
 .text._cleanup_r
                0x00000000000060ae        0xa c:/mounriver/mounriver_studio/toolchain/risc-v embedded gcc/bin/../lib/gcc/riscv-none-embed/8.2.0/../../../../riscv-none-embed/lib/rv32imac/ilp32\libg_nano.a(lib_a-findfp.o)
                0x00000000000060ae                _cleanup_r
 .text.__sfmoreglue
                0x00000000000060b8       0x46 c:/mounriver/mounriver_studio/toolchain/risc-v embedded gcc/bin/../lib/gcc/riscv-none-embed/8.2.0/../../../../riscv-none-embed/lib/rv32imac/ilp32\libg_nano.a(lib_a-findfp.o)
                0x00000000000060b8                __sfmoreglue
 .text.__sinit  0x00000000000060fe       0x6c c:/mounriver/mounriver_studio/toolchain/risc-v embedded gcc/bin/../lib/gcc/riscv-none-embed/8.2.0/../../../../riscv-none-embed/lib/rv32imac/ilp32\libg_nano.a(lib_a-findfp.o)
                0x00000000000060fe                __sinit
 .text.__sfp    0x000000000000616a       0xa0 c:/mounriver/mounriver_studio/toolchain/risc-v embedded gcc/bin/../lib/gcc/riscv-none-embed/8.2.0/../../../../riscv-none-embed/lib/rv32imac/ilp32\libg_nano.a(lib_a-findfp.o)
                0x000000000000616a                __sfp
 .text._fwalk_reent
                0x000000000000620a       0x6c c:/mounriver/mounriver_studio/toolchain/risc-v embedded gcc/bin/../lib/gcc/riscv-none-embed/8.2.0/../../../../riscv-none-embed/lib/rv32imac/ilp32\libg_nano.a(lib_a-fwalk.o)
                0x000000000000620a                _fwalk_reent
 .text.__swhatbuf_r
                0x0000000000006276       0x5a c:/mounriver/mounriver_studio/toolchain/risc-v embedded gcc/bin/../lib/gcc/riscv-none-embed/8.2.0/../../../../riscv-none-embed/lib/rv32imac/ilp32\libg_nano.a(lib_a-makebuf.o)
                0x0000000000006276                __swhatbuf_r
 .text.__smakebuf_r
                0x00000000000062d0       0xa0 c:/mounriver/mounriver_studio/toolchain/risc-v embedded gcc/bin/../lib/gcc/riscv-none-embed/8.2.0/../../../../riscv-none-embed/lib/rv32imac/ilp32\libg_nano.a(lib_a-makebuf.o)
                0x00000000000062d0                __smakebuf_r
 .text._free_r  0x0000000000006370       0xa8 c:/mounriver/mounriver_studio/toolchain/risc-v embedded gcc/bin/../lib/gcc/riscv-none-embed/8.2.0/../../../../riscv-none-embed/lib/rv32imac/ilp32\libg_nano.a(lib_a-nano-freer.o)
                0x0000000000006370                _free_r
 .text._malloc_r
                0x0000000000006418       0xd4 c:/mounriver/mounriver_studio/toolchain/risc-v embedded gcc/bin/../lib/gcc/riscv-none-embed/8.2.0/../../../../riscv-none-embed/lib/rv32imac/ilp32\libg_nano.a(lib_a-nano-mallocr.o)
                0x0000000000006418                _malloc_r
 .text.__sfputc_r
                0x00000000000064ec       0x2a c:/mounriver/mounriver_studio/toolchain/risc-v embedded gcc/bin/../lib/gcc/riscv-none-embed/8.2.0/../../../../riscv-none-embed/lib/rv32imac/ilp32\libg_nano.a(lib_a-nano-vfprintf.o)
 .text.__sfputs_r
                0x0000000000006516       0x44 c:/mounriver/mounriver_studio/toolchain/risc-v embedded gcc/bin/../lib/gcc/riscv-none-embed/8.2.0/../../../../riscv-none-embed/lib/rv32imac/ilp32\libg_nano.a(lib_a-nano-vfprintf.o)
                0x0000000000006516                __sfputs_r
 .text._vfprintf_r
                0x000000000000655a      0x29c c:/mounriver/mounriver_studio/toolchain/risc-v embedded gcc/bin/../lib/gcc/riscv-none-embed/8.2.0/../../../../riscv-none-embed/lib/rv32imac/ilp32\libg_nano.a(lib_a-nano-vfprintf.o)
                0x000000000000655a                _vfprintf_r
                0x000000000000655a                _vfiprintf_r
 .text._printf_common
                0x00000000000067f6      0x10c c:/mounriver/mounriver_studio/toolchain/risc-v embedded gcc/bin/../lib/gcc/riscv-none-embed/8.2.0/../../../../riscv-none-embed/lib/rv32imac/ilp32\libg_nano.a(lib_a-nano-vfprintf_i.o)
                0x00000000000067f6                _printf_common
 .text._printf_i
                0x0000000000006902      0x2aa c:/mounriver/mounriver_studio/toolchain/risc-v embedded gcc/bin/../lib/gcc/riscv-none-embed/8.2.0/../../../../riscv-none-embed/lib/rv32imac/ilp32\libg_nano.a(lib_a-nano-vfprintf_i.o)
                0x0000000000006902                _printf_i
 .text._sbrk_r  0x0000000000006bac       0x28 c:/mounriver/mounriver_studio/toolchain/risc-v embedded gcc/bin/../lib/gcc/riscv-none-embed/8.2.0/../../../../riscv-none-embed/lib/rv32imac/ilp32\libg_nano.a(lib_a-sbrkr.o)
                0x0000000000006bac                _sbrk_r
 .text.__sread  0x0000000000006bd4       0x30 c:/mounriver/mounriver_studio/toolchain/risc-v embedded gcc/bin/../lib/gcc/riscv-none-embed/8.2.0/../../../../riscv-none-embed/lib/rv32imac/ilp32\libg_nano.a(lib_a-stdio.o)
                0x0000000000006bd4                __sread
 .text.__swrite
                0x0000000000006c04       0x4e c:/mounriver/mounriver_studio/toolchain/risc-v embedded gcc/bin/../lib/gcc/riscv-none-embed/8.2.0/../../../../riscv-none-embed/lib/rv32imac/ilp32\libg_nano.a(lib_a-stdio.o)
                0x0000000000006c04                __swrite
 .text.__sseek  0x0000000000006c52       0x36 c:/mounriver/mounriver_studio/toolchain/risc-v embedded gcc/bin/../lib/gcc/riscv-none-embed/8.2.0/../../../../riscv-none-embed/lib/rv32imac/ilp32\libg_nano.a(lib_a-stdio.o)
                0x0000000000006c52                __sseek
 .text.__sclose
                0x0000000000006c88        0x6 c:/mounriver/mounriver_studio/toolchain/risc-v embedded gcc/bin/../lib/gcc/riscv-none-embed/8.2.0/../../../../riscv-none-embed/lib/rv32imac/ilp32\libg_nano.a(lib_a-stdio.o)
                0x0000000000006c88                __sclose
 .text._write_r
                0x0000000000006c8e       0x2e c:/mounriver/mounriver_studio/toolchain/risc-v embedded gcc/bin/../lib/gcc/riscv-none-embed/8.2.0/../../../../riscv-none-embed/lib/rv32imac/ilp32\libg_nano.a(lib_a-writer.o)
                0x0000000000006c8e                _write_r
 .text._close_r
                0x0000000000006cbc       0x28 c:/mounriver/mounriver_studio/toolchain/risc-v embedded gcc/bin/../lib/gcc/riscv-none-embed/8.2.0/../../../../riscv-none-embed/lib/rv32imac/ilp32\libg_nano.a(lib_a-closer.o)
                0x0000000000006cbc                _close_r
 .text._fstat_r
                0x0000000000006ce4       0x2a c:/mounriver/mounriver_studio/toolchain/risc-v embedded gcc/bin/../lib/gcc/riscv-none-embed/8.2.0/../../../../riscv-none-embed/lib/rv32imac/ilp32\libg_nano.a(lib_a-fstatr.o)
                0x0000000000006ce4                _fstat_r
 .text._isatty_r
                0x0000000000006d0e       0x28 c:/mounriver/mounriver_studio/toolchain/risc-v embedded gcc/bin/../lib/gcc/riscv-none-embed/8.2.0/../../../../riscv-none-embed/lib/rv32imac/ilp32\libg_nano.a(lib_a-isattyr.o)
                0x0000000000006d0e                _isatty_r
 .text._lseek_r
                0x0000000000006d36       0x2c c:/mounriver/mounriver_studio/toolchain/risc-v embedded gcc/bin/../lib/gcc/riscv-none-embed/8.2.0/../../../../riscv-none-embed/lib/rv32imac/ilp32\libg_nano.a(lib_a-lseekr.o)
                0x0000000000006d36                _lseek_r
 .text.memchr   0x0000000000006d62       0x1a c:/mounriver/mounriver_studio/toolchain/risc-v embedded gcc/bin/../lib/gcc/riscv-none-embed/8.2.0/../../../../riscv-none-embed/lib/rv32imac/ilp32\libg_nano.a(lib_a-memchr.o)
                0x0000000000006d62                memchr
 .text.__malloc_lock
                0x0000000000006d7c        0x2 c:/mounriver/mounriver_studio/toolchain/risc-v embedded gcc/bin/../lib/gcc/riscv-none-embed/8.2.0/../../../../riscv-none-embed/lib/rv32imac/ilp32\libg_nano.a(lib_a-mlock.o)
                0x0000000000006d7c                __malloc_lock
 .text.__malloc_unlock
                0x0000000000006d7e        0x2 c:/mounriver/mounriver_studio/toolchain/risc-v embedded gcc/bin/../lib/gcc/riscv-none-embed/8.2.0/../../../../riscv-none-embed/lib/rv32imac/ilp32\libg_nano.a(lib_a-mlock.o)
                0x0000000000006d7e                __malloc_unlock
 .text._read_r  0x0000000000006d80       0x2c c:/mounriver/mounriver_studio/toolchain/risc-v embedded gcc/bin/../lib/gcc/riscv-none-embed/8.2.0/../../../../riscv-none-embed/lib/rv32imac/ilp32\libg_nano.a(lib_a-readr.o)
                0x0000000000006d80                _read_r
 .text._close   0x0000000000006dac        0xc c:/mounriver/mounriver_studio/toolchain/risc-v embedded gcc/bin/../lib/gcc/riscv-none-embed/8.2.0/../../../../riscv-none-embed/lib/rv32imac/ilp32\libnosys.a(close.o)
                0x0000000000006dac                _close
 .text._fstat   0x0000000000006db8        0xc c:/mounriver/mounriver_studio/toolchain/risc-v embedded gcc/bin/../lib/gcc/riscv-none-embed/8.2.0/../../../../riscv-none-embed/lib/rv32imac/ilp32\libnosys.a(fstat.o)
                0x0000000000006db8                _fstat
 .text._isatty  0x0000000000006dc4        0xc c:/mounriver/mounriver_studio/toolchain/risc-v embedded gcc/bin/../lib/gcc/riscv-none-embed/8.2.0/../../../../riscv-none-embed/lib/rv32imac/ilp32\libnosys.a(isatty.o)
                0x0000000000006dc4                _isatty
 .text._lseek   0x0000000000006dd0        0xc c:/mounriver/mounriver_studio/toolchain/risc-v embedded gcc/bin/../lib/gcc/riscv-none-embed/8.2.0/../../../../riscv-none-embed/lib/rv32imac/ilp32\libnosys.a(lseek.o)
                0x0000000000006dd0                _lseek
 .text._read    0x0000000000006ddc        0xc c:/mounriver/mounriver_studio/toolchain/risc-v embedded gcc/bin/../lib/gcc/riscv-none-embed/8.2.0/../../../../riscv-none-embed/lib/rv32imac/ilp32\libnosys.a(read.o)
                0x0000000000006ddc                _read
 .text._sbrk    0x0000000000006de8       0x20 c:/mounriver/mounriver_studio/toolchain/risc-v embedded gcc/bin/../lib/gcc/riscv-none-embed/8.2.0/../../../../riscv-none-embed/lib/rv32imac/ilp32\libnosys.a(sbrk.o)
                0x0000000000006de8                _sbrk
 *(.rodata)
 *(.rodata*)
 *fill*         0x0000000000006e08        0x0 
 .rodata.check_fs.str1.4
                0x0000000000006e08        0xa ./User/ff.o
 *fill*         0x0000000000006e12        0x2 
 .rodata.cst.2272
                0x0000000000006e14        0xe ./User/ff.o
 *fill*         0x0000000000006e22        0x2 
 .rodata.cst32.2273
                0x0000000000006e24        0xe ./User/ff.o
 *fill*         0x0000000000006e32        0x2 
 .rodata.defopt.2274
                0x0000000000006e34       0x10 ./User/ff.o
 .rodata.f_mkfs.str1.4
                0x0000000000006e44       0x34 ./User/ff.o
 .rodata.follow_path.str1.4
                0x0000000000006e78        0xf ./User/ff.o
 *fill*         0x0000000000006e87        0x1 
 .rodata.Audio_Init.str1.4
                0x0000000000006e88       0x63 ./User/main.o
 *fill*         0x0000000000006eeb        0x1 
 .rodata.TIM1_UP_IRQHandler.str1.4
                0x0000000000006eec       0x65 ./User/main.o
 *fill*         0x0000000000006f51        0x3 
 .rodata.VideoNVICInit.str1.4
                0x0000000000006f54       0x17 ./User/main.o
 *fill*         0x0000000000006f6b        0x1 
 .rodata.main.str1.4
                0x0000000000006f6c       0x28 ./User/main.o
 .rodata.str1.4
                0x0000000000006f94       0x18 ./User/main.o
 .rodata.__clz_tab
                0x0000000000006fac      0x100 c:/mounriver/mounriver_studio/toolchain/risc-v embedded gcc/bin/../lib/gcc/riscv-none-embed/8.2.0/rv32imac/ilp32\libgcc.a(_clz.o)
                0x0000000000006fac                __clz_tab
 .rodata.__sf_fake_stderr
                0x00000000000070ac       0x20 c:/mounriver/mounriver_studio/toolchain/risc-v embedded gcc/bin/../lib/gcc/riscv-none-embed/8.2.0/../../../../riscv-none-embed/lib/rv32imac/ilp32\libg_nano.a(lib_a-findfp.o)
                0x00000000000070ac                __sf_fake_stderr
 .rodata.__sf_fake_stdin
                0x00000000000070cc       0x20 c:/mounriver/mounriver_studio/toolchain/risc-v embedded gcc/bin/../lib/gcc/riscv-none-embed/8.2.0/../../../../riscv-none-embed/lib/rv32imac/ilp32\libg_nano.a(lib_a-findfp.o)
                0x00000000000070cc                __sf_fake_stdin
 .rodata.__sf_fake_stdout
                0x00000000000070ec       0x20 c:/mounriver/mounriver_studio/toolchain/risc-v embedded gcc/bin/../lib/gcc/riscv-none-embed/8.2.0/../../../../riscv-none-embed/lib/rv32imac/ilp32\libg_nano.a(lib_a-findfp.o)
                0x00000000000070ec                __sf_fake_stdout
 .rodata._vfprintf_r.str1.4
                0x000000000000710c       0x13 c:/mounriver/mounriver_studio/toolchain/risc-v embedded gcc/bin/../lib/gcc/riscv-none-embed/8.2.0/../../../../riscv-none-embed/lib/rv32imac/ilp32\libg_nano.a(lib_a-nano-vfprintf.o)
 *fill*         0x000000000000711f        0x1 
 .rodata._printf_i.str1.4
                0x0000000000007120       0x28 c:/mounriver/mounriver_studio/toolchain/risc-v embedded gcc/bin/../lib/gcc/riscv-none-embed/8.2.0/../../../../riscv-none-embed/lib/rv32imac/ilp32\libg_nano.a(lib_a-nano-vfprintf_i.o)
                                         0x25 (size before relaxing)
 *(.glue_7)
 *(.glue_7t)
 *(.gnu.linkonce.t.*)
                0x0000000000007148                . = ALIGN (0x4)

.rela.dyn       0x0000000000007148        0x0
 .rela.text.disk_ioctl
                0x0000000000007148        0x0 ./User/IIC.o
 .rela.text.Audio_Init
                0x0000000000007148        0x0 ./User/IIC.o
 .rela.text.VideoNVICInit
                0x0000000000007148        0x0 ./User/IIC.o
 .rela.text.startup.main
                0x0000000000007148        0x0 ./User/IIC.o
 .rela.text.TIM1_UP_IRQHandler
                0x0000000000007148        0x0 ./User/IIC.o
 .rela.text.SD_SelectDeselect
                0x0000000000007148        0x0 ./User/IIC.o
 .rela.text.SD_ProcessIRQSrc
                0x0000000000007148        0x0 ./User/IIC.o
 .rela.text.SD_PowerON
                0x0000000000007148        0x0 ./User/IIC.o
 .rela.text.SD_InitializeCards
                0x0000000000007148        0x0 ./User/IIC.o
 .rela.text.IsCardProgramming
                0x0000000000007148        0x0 ./User/IIC.o
 .rela.text.FindSCR
                0x0000000000007148        0x0 ./User/IIC.o
 .rela.text.SDEnWideBus
                0x0000000000007148        0x0 ./User/IIC.o
 .rela.text.SD_Init
                0x0000000000007148        0x0 ./User/IIC.o
 .rela.text.SD_ReadBlock
                0x0000000000007148        0x0 ./User/IIC.o
 .rela.text.SD_ReadMultiBlocks
                0x0000000000007148        0x0 ./User/IIC.o
 .rela.text.SD_WriteBlock
                0x0000000000007148        0x0 ./User/IIC.o
 .rela.text.SD_WriteMultiBlocks
                0x0000000000007148        0x0 ./User/IIC.o
 .rela.text.SD_ReadDisk
                0x0000000000007148        0x0 ./User/IIC.o
 .rela.text.SD_WriteDisk
                0x0000000000007148        0x0 ./User/IIC.o
 .rela.init     0x0000000000007148        0x0 ./User/IIC.o
 .rela.vector   0x0000000000007148        0x0 ./User/IIC.o
 .rela.text.handle_reset
                0x0000000000007148        0x0 ./User/IIC.o
 .rela.text._vfprintf_r
                0x0000000000007148        0x0 ./User/IIC.o
 .rela.text._sbrk_r
                0x0000000000007148        0x0 ./User/IIC.o
 .rela.text._write_r
                0x0000000000007148        0x0 ./User/IIC.o
 .rela.text._close_r
                0x0000000000007148        0x0 ./User/IIC.o
 .rela.text._fstat_r
                0x0000000000007148        0x0 ./User/IIC.o
 .rela.text._isatty_r
                0x0000000000007148        0x0 ./User/IIC.o
 .rela.text._lseek_r
                0x0000000000007148        0x0 ./User/IIC.o
 .rela.text._read_r
                0x0000000000007148        0x0 ./User/IIC.o
 .rela.text._close
                0x0000000000007148        0x0 ./User/IIC.o
 .rela.text._fstat
                0x0000000000007148        0x0 ./User/IIC.o
 .rela.text._isatty
                0x0000000000007148        0x0 ./User/IIC.o
 .rela.text._lseek
                0x0000000000007148        0x0 ./User/IIC.o
 .rela.text._read
                0x0000000000007148        0x0 ./User/IIC.o
 .rela.text._sbrk
                0x0000000000007148        0x0 ./User/IIC.o

.fini           0x0000000000007148        0x0
 *(SORT_NONE(.fini))
                0x0000000000007148                . = ALIGN (0x4)
                [!provide]                        PROVIDE (_etext = .)
                [!provide]                        PROVIDE (_eitcm = .)

.preinit_array  0x0000000000007148        0x0
                [!provide]                        PROVIDE (__preinit_array_start = .)
 *(.preinit_array)
                [!provide]                        PROVIDE (__preinit_array_end = .)

.init_array     0x0000000000007148        0x0
                [!provide]                        PROVIDE (__init_array_start = .)
 *(SORT_BY_INIT_PRIORITY(.init_array.*) SORT_BY_INIT_PRIORITY(.ctors.*))
 *(.init_array EXCLUDE_FILE(*crtend?.o *crtend.o *crtbegin?.o *crtbegin.o) .ctors)
                [!provide]                        PROVIDE (__init_array_end = .)

.fini_array     0x0000000000007148        0x0
                [!provide]                        PROVIDE (__fini_array_start = .)
 *(SORT_BY_INIT_PRIORITY(.fini_array.*) SORT_BY_INIT_PRIORITY(.dtors.*))
 *(.fini_array EXCLUDE_FILE(*crtend?.o *crtend.o *crtbegin?.o *crtbegin.o) .dtors)
                [!provide]                        PROVIDE (__fini_array_end = .)

.ctors
 *crtbegin.o(.ctors)
 *crtbegin?.o(.ctors)
 *(EXCLUDE_FILE(*crtend?.o *crtend.o) .ctors)
 *(SORT_BY_NAME(.ctors.*))
 *(.ctors)

.dtors
 *crtbegin.o(.dtors)
 *crtbegin?.o(.dtors)
 *(EXCLUDE_FILE(*crtend?.o *crtend.o) .dtors)
 *(SORT_BY_NAME(.dtors.*))
 *(.dtors)

.dalign         0x0000000020000000        0x0 load address 0x0000000000007148
                0x0000000020000000                . = ALIGN (0x4)
                0x0000000020000000                PROVIDE (_data_vma = .)

.dlalign        0x0000000000007148        0x0
                0x0000000000007148                . = ALIGN (0x4)
                0x0000000000007148                PROVIDE (_data_lma = .)

.data           0x0000000020000000     0xb290 load address 0x0000000000007148
 *(.gnu.linkonce.r.*)
 *(.data .data.*)
 .data.audiobuffer
                0x0000000020000000     0x3200 ./User/main.o
                0x0000000020000000                audiobuffer
 .data.framebuffer
                0x0000000020003200     0x8000 ./User/main.o
                0x0000000020003200                framebuffer
 .data.APBAHBPrescTable
                0x000000002000b200       0x10 ./Peripheral/src/ch32v30x_rcc.o
 .data.impure_data
                0x000000002000b210       0x60 c:/mounriver/mounriver_studio/toolchain/risc-v embedded gcc/bin/../lib/gcc/riscv-none-embed/8.2.0/../../../../riscv-none-embed/lib/rv32imac/ilp32\libg_nano.a(lib_a-impure.o)
 *(.gnu.linkonce.d.*)
                0x000000002000b270                . = ALIGN (0x8)
                0x000000002000ba70                PROVIDE (__global_pointer$ = (. + 0x800))
 *(.sdata .sdata.*)
 .sdata.audio_path1
                0x000000002000b270        0x4 ./User/main.o
                0x000000002000b270                audio_path1
 .sdata.video_path1
                0x000000002000b274        0x4 ./User/main.o
                0x000000002000b274                video_path1
 .sdata.DeviceMode
                0x000000002000b278        0x1 ./User/sdio.o
 *fill*         0x000000002000b279        0x3 
 .sdata.SystemCoreClock
                0x000000002000b27c        0x4 ./User/system_ch32v30x.o
                0x000000002000b27c                SystemCoreClock
 .sdata.ADCPrescTable
                0x000000002000b280        0x4 ./Peripheral/src/ch32v30x_rcc.o
 .sdata._impure_ptr
                0x000000002000b284        0x4 c:/mounriver/mounriver_studio/toolchain/risc-v embedded gcc/bin/../lib/gcc/riscv-none-embed/8.2.0/../../../../riscv-none-embed/lib/rv32imac/ilp32\libg_nano.a(lib_a-impure.o)
                0x000000002000b284                _impure_ptr
 *(.sdata2.*)
 .sdata2._global_impure_ptr
                0x000000002000b288        0x4 c:/mounriver/mounriver_studio/toolchain/risc-v embedded gcc/bin/../lib/gcc/riscv-none-embed/8.2.0/../../../../riscv-none-embed/lib/rv32imac/ilp32\libg_nano.a(lib_a-impure.o)
                0x000000002000b288                _global_impure_ptr
 *(.gnu.linkonce.s.*)
                0x000000002000b290                . = ALIGN (0x8)
 *fill*         0x000000002000b28c        0x4 
 *(.srodata.cst16)
 *(.srodata.cst8)
 *(.srodata.cst4)
 *(.srodata.cst2)
 *(.srodata .srodata.*)
                0x000000002000b290                . = ALIGN (0x4)
                0x000000002000b290                PROVIDE (_edata = .)

.bss            0x000000002000b290      0xdf4 load address 0x00000000000123d8
                0x000000002000b290                . = ALIGN (0x4)
                0x000000002000b290                PROVIDE (_sbss = .)
 *(.sbss*)
 .sbss.Fsid     0x000000002000b290        0x2 ./User/ff.o
 .sbss.CardType
                0x000000002000b292        0x1 ./User/sdio.o
 *fill*         0x000000002000b293        0x1 
 .sbss.RCA      0x000000002000b294        0x4 ./User/sdio.o
 .sbss.StopCondition
                0x000000002000b298        0x1 ./User/sdio.o
 .sbss.TransferEnd
                0x000000002000b299        0x1 ./User/sdio.o
                0x000000002000b299                TransferEnd
 *fill*         0x000000002000b29a        0x2 
 .sbss.TransferError
                0x000000002000b29c        0x4 ./User/sdio.o
                0x000000002000b29c                TransferError
 .sbss.NVIC_Priority_Group
                0x000000002000b2a0        0x4 ./Peripheral/src/ch32v30x_misc.o
                0x000000002000b2a0                NVIC_Priority_Group
 .sbss.p_ms     0x000000002000b2a4        0x2 ./Debug/debug.o
 .sbss.p_us     0x000000002000b2a6        0x1 ./Debug/debug.o
 *fill*         0x000000002000b2a7        0x1 
 .sbss.__malloc_free_list
                0x000000002000b2a8        0x4 c:/mounriver/mounriver_studio/toolchain/risc-v embedded gcc/bin/../lib/gcc/riscv-none-embed/8.2.0/../../../../riscv-none-embed/lib/rv32imac/ilp32\libg_nano.a(lib_a-nano-mallocr.o)
                0x000000002000b2a8                __malloc_free_list
 .sbss.__malloc_sbrk_start
                0x000000002000b2ac        0x4 c:/mounriver/mounriver_studio/toolchain/risc-v embedded gcc/bin/../lib/gcc/riscv-none-embed/8.2.0/../../../../riscv-none-embed/lib/rv32imac/ilp32\libg_nano.a(lib_a-nano-mallocr.o)
                0x000000002000b2ac                __malloc_sbrk_start
 .sbss.heap_end.1518
                0x000000002000b2b0        0x4 c:/mounriver/mounriver_studio/toolchain/risc-v embedded gcc/bin/../lib/gcc/riscv-none-embed/8.2.0/../../../../riscv-none-embed/lib/rv32imac/ilp32\libnosys.a(sbrk.o)
 *(.gnu.linkonce.sb.*)
 *(.bss*)
 .bss.FatFs     0x000000002000b2b4        0xc ./User/ff.o
 .bss.CID_Tab   0x000000002000b2c0       0x10 ./User/sdio.o
 .bss.CSD_Tab   0x000000002000b2d0       0x10 ./User/sdio.o
 *(.gnu.linkonce.b.*)
 *(COMMON*)
 COMMON         0x000000002000b2e0      0xb00 ./User/main.o
                0x000000002000b2e0                fs
                0x000000002000b510                audio_fil
                0x000000002000b738                videopath
                0x000000002000b73c                audiopath
                0x000000002000b740                audio_inf
                0x000000002000b76c                framenumber
                0x000000002000b770                fnew
                0x000000002000b998                audio_br
                0x000000002000b99c                video_br
                0x000000002000b9a0                video_fil
                0x000000002000bbc8                res
                0x000000002000bbcc                fnum
                0x000000002000bbd0                videooffset
                0x000000002000bbd4                audio_offset
                0x000000002000bbd8                res_sd
                0x000000002000bbdc                work
                0x000000002000bddc                file_size
 COMMON         0x000000002000bde0      0x2a0 ./User/sdio.o
                0x000000002000bde0                SDIO_CmdInitStructure
                0x000000002000bdf4                SDIO_DATA_BUFFER
                0x000000002000bff4                tempbuff
                0x000000002000bff8                SDCardInfo
                0x000000002000c050                SDIO_InitStructure
                0x000000002000c068                SDIO_DataInitStructure
 COMMON         0x000000002000c080        0x4 c:/mounriver/mounriver_studio/toolchain/risc-v embedded gcc/bin/../lib/gcc/riscv-none-embed/8.2.0/../../../../riscv-none-embed/lib/rv32imac/ilp32\libg_nano.a(lib_a-reent.o)
                0x000000002000c080                errno
                0x000000002000c084                . = ALIGN (0x4)
                0x000000002000c084                PROVIDE (_ebss = .)
                [!provide]                        PROVIDE (_end = _ebss)
                0x000000002000c084                PROVIDE (end = .)

.stack          0x000000002001f800      0x800
                0x000000002001f800                . = ALIGN (0x4)
                [!provide]                        PROVIDE (_susrstack = .)
                0x0000000020020000                . = (. + __stack_size)
 *fill*         0x000000002001f800      0x800 
                0x0000000020020000                PROVIDE (_eusrstack = .)
OUTPUT(ES8388.elf elf32-littleriscv)

.debug_info     0x0000000000000000    0x1d683
 .debug_info    0x0000000000000000      0xd8c ./User/IIC.o
 .debug_info    0x0000000000000d8c      0x962 ./User/ch32v30x_it.o
 .debug_info    0x00000000000016ee      0xf46 ./User/diskio.o
 .debug_info    0x0000000000002634     0x1406 ./User/es8388.o
 .debug_info    0x0000000000003a3a     0x42d4 ./User/ff.o
 .debug_info    0x0000000000007d0e     0x2a72 ./User/lcd.o
 .debug_info    0x000000000000a780     0x2671 ./User/main.o
 .debug_info    0x000000000000cdf1     0x3514 ./User/sdio.o
 .debug_info    0x0000000000010305      0xc0a ./User/system_ch32v30x.o
 .debug_info    0x0000000000010f0f       0x22 ./Startup/startup_ch32v30x.o
 .debug_info    0x0000000000010f31      0xd13 ./Peripheral/src/ch32v30x_dma.o
 .debug_info    0x0000000000011c44     0x10c3 ./Peripheral/src/ch32v30x_gpio.o
 .debug_info    0x0000000000012d07     0x147e ./Peripheral/src/ch32v30x_i2c.o
 .debug_info    0x0000000000014185      0xf6a ./Peripheral/src/ch32v30x_misc.o
 .debug_info    0x00000000000150ef     0x1557 ./Peripheral/src/ch32v30x_rcc.o
 .debug_info    0x0000000000016646     0x10d1 ./Peripheral/src/ch32v30x_sdio.o
 .debug_info    0x0000000000017717     0x12ae ./Peripheral/src/ch32v30x_spi.o
 .debug_info    0x00000000000189c5     0x2a18 ./Peripheral/src/ch32v30x_tim.o
 .debug_info    0x000000000001b3dd     0x13d1 ./Peripheral/src/ch32v30x_usart.o
 .debug_info    0x000000000001c7ae      0xed5 ./Debug/debug.o

.debug_abbrev   0x0000000000000000     0x3f0c
 .debug_abbrev  0x0000000000000000      0x280 ./User/IIC.o
 .debug_abbrev  0x0000000000000280      0x1cf ./User/ch32v30x_it.o
 .debug_abbrev  0x000000000000044f      0x2cf ./User/diskio.o
 .debug_abbrev  0x000000000000071e      0x346 ./User/es8388.o
 .debug_abbrev  0x0000000000000a64      0x388 ./User/ff.o
 .debug_abbrev  0x0000000000000dec      0x427 ./User/lcd.o
 .debug_abbrev  0x0000000000001213      0x43a ./User/main.o
 .debug_abbrev  0x000000000000164d      0x51e ./User/sdio.o
 .debug_abbrev  0x0000000000001b6b      0x2c0 ./User/system_ch32v30x.o
 .debug_abbrev  0x0000000000001e2b       0x12 ./Startup/startup_ch32v30x.o
 .debug_abbrev  0x0000000000001e3d      0x2fd ./Peripheral/src/ch32v30x_dma.o
 .debug_abbrev  0x000000000000213a      0x31a ./Peripheral/src/ch32v30x_gpio.o
 .debug_abbrev  0x0000000000002454      0x3aa ./Peripheral/src/ch32v30x_i2c.o
 .debug_abbrev  0x00000000000027fe      0x2d9 ./Peripheral/src/ch32v30x_misc.o
 .debug_abbrev  0x0000000000002ad7      0x351 ./Peripheral/src/ch32v30x_rcc.o
 .debug_abbrev  0x0000000000002e28      0x385 ./Peripheral/src/ch32v30x_sdio.o
 .debug_abbrev  0x00000000000031ad      0x325 ./Peripheral/src/ch32v30x_spi.o
 .debug_abbrev  0x00000000000034d2      0x421 ./Peripheral/src/ch32v30x_tim.o
 .debug_abbrev  0x00000000000038f3      0x325 ./Peripheral/src/ch32v30x_usart.o
 .debug_abbrev  0x0000000000003c18      0x2f4 ./Debug/debug.o

.debug_loc      0x0000000000000000     0xc8e3
 .debug_loc     0x0000000000000000       0x4d ./User/IIC.o
 .debug_loc     0x000000000000004d      0x2e4 ./User/diskio.o
 .debug_loc     0x0000000000000331      0x224 ./User/es8388.o
 .debug_loc     0x0000000000000555     0x486c ./User/ff.o
 .debug_loc     0x0000000000004dc1     0x171c ./User/lcd.o
 .debug_loc     0x00000000000064dd      0x216 ./User/main.o
 .debug_loc     0x00000000000066f3     0x1ac8 ./User/sdio.o
 .debug_loc     0x00000000000081bb      0x11a ./User/system_ch32v30x.o
 .debug_loc     0x00000000000082d5      0x19a ./Peripheral/src/ch32v30x_dma.o
 .debug_loc     0x000000000000846f      0x647 ./Peripheral/src/ch32v30x_gpio.o
 .debug_loc     0x0000000000008ab6      0x726 ./Peripheral/src/ch32v30x_i2c.o
 .debug_loc     0x00000000000091dc       0xce ./Peripheral/src/ch32v30x_misc.o
 .debug_loc     0x00000000000092aa      0xa5c ./Peripheral/src/ch32v30x_rcc.o
 .debug_loc     0x0000000000009d06      0x1bb ./Peripheral/src/ch32v30x_sdio.o
 .debug_loc     0x0000000000009ec1      0x5e2 ./Peripheral/src/ch32v30x_spi.o
 .debug_loc     0x000000000000a4a3     0x1b0c ./Peripheral/src/ch32v30x_tim.o
 .debug_loc     0x000000000000bfaf      0x7ad ./Peripheral/src/ch32v30x_usart.o
 .debug_loc     0x000000000000c75c      0x187 ./Debug/debug.o

.debug_aranges  0x0000000000000000      0xec0
 .debug_aranges
                0x0000000000000000       0x20 ./User/IIC.o
 .debug_aranges
                0x0000000000000020       0x28 ./User/ch32v30x_it.o
 .debug_aranges
                0x0000000000000048       0x48 ./User/diskio.o
 .debug_aranges
                0x0000000000000090       0x60 ./User/es8388.o
 .debug_aranges
                0x00000000000000f0      0x170 ./User/ff.o
 .debug_aranges
                0x0000000000000260       0xc8 ./User/lcd.o
 .debug_aranges
                0x0000000000000328       0x78 ./User/main.o
 .debug_aranges
                0x00000000000003a0      0x108 ./User/sdio.o
 .debug_aranges
                0x00000000000004a8       0x28 ./User/system_ch32v30x.o
 .debug_aranges
                0x00000000000004d0       0x30 ./Startup/startup_ch32v30x.o
 .debug_aranges
                0x0000000000000500       0x60 ./Peripheral/src/ch32v30x_dma.o
 .debug_aranges
                0x0000000000000560       0xa8 ./Peripheral/src/ch32v30x_gpio.o
 .debug_aranges
                0x0000000000000608      0x110 ./Peripheral/src/ch32v30x_i2c.o
 .debug_aranges
                0x0000000000000718       0x28 ./Peripheral/src/ch32v30x_misc.o
 .debug_aranges
                0x0000000000000740      0x1a8 ./Peripheral/src/ch32v30x_rcc.o
 .debug_aranges
                0x00000000000008e8       0xf8 ./Peripheral/src/ch32v30x_sdio.o
 .debug_aranges
                0x00000000000009e0       0xd0 ./Peripheral/src/ch32v30x_spi.o
 .debug_aranges
                0x0000000000000ab0      0x2d0 ./Peripheral/src/ch32v30x_tim.o
 .debug_aranges
                0x0000000000000d80      0x100 ./Peripheral/src/ch32v30x_usart.o
 .debug_aranges
                0x0000000000000e80       0x40 ./Debug/debug.o

.debug_ranges   0x0000000000000000     0x1328
 .debug_ranges  0x0000000000000000       0x10 ./User/IIC.o
 .debug_ranges  0x0000000000000010       0x18 ./User/ch32v30x_it.o
 .debug_ranges  0x0000000000000028       0x38 ./User/diskio.o
 .debug_ranges  0x0000000000000060       0x88 ./User/es8388.o
 .debug_ranges  0x00000000000000e8      0x598 ./User/ff.o
 .debug_ranges  0x0000000000000680      0x120 ./User/lcd.o
 .debug_ranges  0x00000000000007a0       0x98 ./User/main.o
 .debug_ranges  0x0000000000000838       0xf8 ./User/sdio.o
 .debug_ranges  0x0000000000000930       0x38 ./User/system_ch32v30x.o
 .debug_ranges  0x0000000000000968       0x28 ./Startup/startup_ch32v30x.o
 .debug_ranges  0x0000000000000990       0x50 ./Peripheral/src/ch32v30x_dma.o
 .debug_ranges  0x00000000000009e0       0x98 ./Peripheral/src/ch32v30x_gpio.o
 .debug_ranges  0x0000000000000a78      0x100 ./Peripheral/src/ch32v30x_i2c.o
 .debug_ranges  0x0000000000000b78       0x48 ./Peripheral/src/ch32v30x_misc.o
 .debug_ranges  0x0000000000000bc0      0x198 ./Peripheral/src/ch32v30x_rcc.o
 .debug_ranges  0x0000000000000d58       0xe8 ./Peripheral/src/ch32v30x_sdio.o
 .debug_ranges  0x0000000000000e40       0xc0 ./Peripheral/src/ch32v30x_spi.o
 .debug_ranges  0x0000000000000f00      0x308 ./Peripheral/src/ch32v30x_tim.o
 .debug_ranges  0x0000000000001208       0xf0 ./Peripheral/src/ch32v30x_usart.o
 .debug_ranges  0x00000000000012f8       0x30 ./Debug/debug.o

.debug_line     0x0000000000000000    0x1be2f
 .debug_line    0x0000000000000000      0x41e ./User/IIC.o
 .debug_line    0x000000000000041e      0x21c ./User/ch32v30x_it.o
 .debug_line    0x000000000000063a      0x4a1 ./User/diskio.o
 .debug_line    0x0000000000000adb      0x9e6 ./User/es8388.o
 .debug_line    0x00000000000014c1     0x749f ./User/ff.o
 .debug_line    0x0000000000008960     0x1d1b ./User/lcd.o
 .debug_line    0x000000000000a67b      0xf8a ./User/main.o
 .debug_line    0x000000000000b605     0x551c ./User/sdio.o
 .debug_line    0x0000000000010b21      0x790 ./User/system_ch32v30x.o
 .debug_line    0x00000000000112b1      0x358 ./Startup/startup_ch32v30x.o
 .debug_line    0x0000000000011609      0x9a2 ./Peripheral/src/ch32v30x_dma.o
 .debug_line    0x0000000000011fab      0xd1e ./Peripheral/src/ch32v30x_gpio.o
 .debug_line    0x0000000000012cc9     0x1136 ./Peripheral/src/ch32v30x_i2c.o
 .debug_line    0x0000000000013dff      0x4a3 ./Peripheral/src/ch32v30x_misc.o
 .debug_line    0x00000000000142a2     0x1786 ./Peripheral/src/ch32v30x_rcc.o
 .debug_line    0x0000000000015a28      0xc6c ./Peripheral/src/ch32v30x_sdio.o
 .debug_line    0x0000000000016694      0xd70 ./Peripheral/src/ch32v30x_spi.o
 .debug_line    0x0000000000017404     0x33e4 ./Peripheral/src/ch32v30x_tim.o
 .debug_line    0x000000000001a7e8     0x101a ./Peripheral/src/ch32v30x_usart.o
 .debug_line    0x000000000001b802      0x62d ./Debug/debug.o

.debug_str      0x0000000000000000     0x4a08
 .debug_str     0x0000000000000000      0x7c1 ./User/IIC.o
                                        0x864 (size before relaxing)
 .debug_str     0x00000000000007c1       0x34 ./User/ch32v30x_it.o
                                        0x598 (size before relaxing)
 .debug_str     0x00000000000007f5      0x368 ./User/diskio.o
                                        0x904 (size before relaxing)
 .debug_str     0x0000000000000b5d      0x134 ./User/es8388.o
                                        0x8e4 (size before relaxing)
 .debug_str     0x0000000000000c91      0x57e ./User/ff.o
                                        0x7e7 (size before relaxing)
 .debug_str     0x000000000000120f      0x34a ./User/lcd.o
                                        0xb09 (size before relaxing)
 .debug_str     0x0000000000001559      0xb7f ./User/main.o
                                       0x1896 (size before relaxing)
 .debug_str     0x00000000000020d8      0x96a ./User/sdio.o
                                       0x1a7e (size before relaxing)
 .debug_str     0x0000000000002a42      0x11c ./User/system_ch32v30x.o
                                        0x6cf (size before relaxing)
 .debug_str     0x0000000000002b5e       0x2a ./Startup/startup_ch32v30x.o
                                         0x53 (size before relaxing)
 .debug_str     0x0000000000002b88       0xf3 ./Peripheral/src/ch32v30x_dma.o
                                        0x7d5 (size before relaxing)
 .debug_str     0x0000000000002c7b      0x21e ./Peripheral/src/ch32v30x_gpio.o
                                        0x953 (size before relaxing)
 .debug_str     0x0000000000002e99      0x329 ./Peripheral/src/ch32v30x_i2c.o
                                        0xac2 (size before relaxing)
 .debug_str     0x00000000000031c2       0xf1 ./Peripheral/src/ch32v30x_misc.o
                                        0xcad (size before relaxing)
 .debug_str     0x00000000000032b3      0x50d ./Peripheral/src/ch32v30x_rcc.o
                                        0xca3 (size before relaxing)
 .debug_str     0x00000000000037c0      0x203 ./Peripheral/src/ch32v30x_sdio.o
                                        0xa40 (size before relaxing)
 .debug_str     0x00000000000039c3      0x1d8 ./Peripheral/src/ch32v30x_spi.o
                                        0xa62 (size before relaxing)
 .debug_str     0x0000000000003b9b      0xa0b ./Peripheral/src/ch32v30x_tim.o
                                       0x125d (size before relaxing)
 .debug_str     0x00000000000045a6      0x409 ./Peripheral/src/ch32v30x_usart.o
                                        0xaf9 (size before relaxing)
 .debug_str     0x00000000000049af       0x59 ./Debug/debug.o
                                        0x8cd (size before relaxing)

.comment        0x0000000000000000       0x33
 .comment       0x0000000000000000       0x33 ./User/IIC.o
                                         0x34 (size before relaxing)
 .comment       0x0000000000000033       0x34 ./User/ch32v30x_it.o
 .comment       0x0000000000000033       0x34 ./User/diskio.o
 .comment       0x0000000000000033       0x34 ./User/es8388.o
 .comment       0x0000000000000033       0x34 ./User/ff.o
 .comment       0x0000000000000033       0x34 ./User/lcd.o
 .comment       0x0000000000000033       0x34 ./User/main.o
 .comment       0x0000000000000033       0x34 ./User/sdio.o
 .comment       0x0000000000000033       0x34 ./User/system_ch32v30x.o
 .comment       0x0000000000000033       0x34 ./Peripheral/src/ch32v30x_dma.o
 .comment       0x0000000000000033       0x34 ./Peripheral/src/ch32v30x_gpio.o
 .comment       0x0000000000000033       0x34 ./Peripheral/src/ch32v30x_i2c.o
 .comment       0x0000000000000033       0x34 ./Peripheral/src/ch32v30x_misc.o
 .comment       0x0000000000000033       0x34 ./Peripheral/src/ch32v30x_rcc.o
 .comment       0x0000000000000033       0x34 ./Peripheral/src/ch32v30x_sdio.o
 .comment       0x0000000000000033       0x34 ./Peripheral/src/ch32v30x_spi.o
 .comment       0x0000000000000033       0x34 ./Peripheral/src/ch32v30x_tim.o
 .comment       0x0000000000000033       0x34 ./Peripheral/src/ch32v30x_usart.o
 .comment       0x0000000000000033       0x34 ./Debug/debug.o

.debug_frame    0x0000000000000000     0x3370
 .debug_frame   0x0000000000000000       0x48 ./User/IIC.o
 .debug_frame   0x0000000000000048       0x30 ./User/ch32v30x_it.o
 .debug_frame   0x0000000000000078       0xa4 ./User/diskio.o
 .debug_frame   0x000000000000011c      0x118 ./User/es8388.o
 .debug_frame   0x0000000000000234      0x76c ./User/ff.o
 .debug_frame   0x00000000000009a0      0x518 ./User/lcd.o
 .debug_frame   0x0000000000000eb8      0x198 ./User/main.o
 .debug_frame   0x0000000000001050      0x4f4 ./User/sdio.o
 .debug_frame   0x0000000000001544       0x3c ./User/system_ch32v30x.o
 .debug_frame   0x0000000000001580       0xc0 ./Peripheral/src/ch32v30x_dma.o
 .debug_frame   0x0000000000001640      0x150 ./Peripheral/src/ch32v30x_gpio.o
 .debug_frame   0x0000000000001790      0x25c ./Peripheral/src/ch32v30x_i2c.o
 .debug_frame   0x00000000000019ec       0x30 ./Peripheral/src/ch32v30x_misc.o
 .debug_frame   0x0000000000001a1c      0x340 ./Peripheral/src/ch32v30x_rcc.o
 .debug_frame   0x0000000000001d5c      0x1f8 ./Peripheral/src/ch32v30x_sdio.o
 .debug_frame   0x0000000000001f54      0x1b8 ./Peripheral/src/ch32v30x_spi.o
 .debug_frame   0x000000000000210c      0x66c ./Peripheral/src/ch32v30x_tim.o
 .debug_frame   0x0000000000002778      0x210 ./Peripheral/src/ch32v30x_usart.o
 .debug_frame   0x0000000000002988       0x94 ./Debug/debug.o
 .debug_frame   0x0000000000002a1c       0x20 c:/mounriver/mounriver_studio/toolchain/risc-v embedded gcc/bin/../lib/gcc/riscv-none-embed/8.2.0/../../../../riscv-none-embed/lib/rv32imac/ilp32\libg_nano.a(lib_a-memcpy.o)
 .debug_frame   0x0000000000002a3c       0x54 c:/mounriver/mounriver_studio/toolchain/risc-v embedded gcc/bin/../lib/gcc/riscv-none-embed/8.2.0/../../../../riscv-none-embed/lib/rv32imac/ilp32\libg_nano.a(lib_a-printf.o)
 .debug_frame   0x0000000000002a90       0x54 c:/mounriver/mounriver_studio/toolchain/risc-v embedded gcc/bin/../lib/gcc/riscv-none-embed/8.2.0/../../../../riscv-none-embed/lib/rv32imac/ilp32\libg_nano.a(lib_a-puts.o)
 .debug_frame   0x0000000000002ae4       0x50 c:/mounriver/mounriver_studio/toolchain/risc-v embedded gcc/bin/../lib/gcc/riscv-none-embed/8.2.0/../../../../riscv-none-embed/lib/rv32imac/ilp32\libg_nano.a(lib_a-wbuf.o)
 .debug_frame   0x0000000000002b34       0x3c c:/mounriver/mounriver_studio/toolchain/risc-v embedded gcc/bin/../lib/gcc/riscv-none-embed/8.2.0/../../../../riscv-none-embed/lib/rv32imac/ilp32\libg_nano.a(lib_a-wsetup.o)
 .debug_frame   0x0000000000002b70       0x7c c:/mounriver/mounriver_studio/toolchain/risc-v embedded gcc/bin/../lib/gcc/riscv-none-embed/8.2.0/../../../../riscv-none-embed/lib/rv32imac/ilp32\libg_nano.a(lib_a-fflush.o)
 .debug_frame   0x0000000000002bec      0x148 c:/mounriver/mounriver_studio/toolchain/risc-v embedded gcc/bin/../lib/gcc/riscv-none-embed/8.2.0/../../../../riscv-none-embed/lib/rv32imac/ilp32\libg_nano.a(lib_a-findfp.o)
 .debug_frame   0x0000000000002d34       0x88 c:/mounriver/mounriver_studio/toolchain/risc-v embedded gcc/bin/../lib/gcc/riscv-none-embed/8.2.0/../../../../riscv-none-embed/lib/rv32imac/ilp32\libg_nano.a(lib_a-fwalk.o)
 .debug_frame   0x0000000000002dbc       0x64 c:/mounriver/mounriver_studio/toolchain/risc-v embedded gcc/bin/../lib/gcc/riscv-none-embed/8.2.0/../../../../riscv-none-embed/lib/rv32imac/ilp32\libg_nano.a(lib_a-makebuf.o)
 .debug_frame   0x0000000000002e20       0x40 c:/mounriver/mounriver_studio/toolchain/risc-v embedded gcc/bin/../lib/gcc/riscv-none-embed/8.2.0/../../../../riscv-none-embed/lib/rv32imac/ilp32\libg_nano.a(lib_a-nano-freer.o)
 .debug_frame   0x0000000000002e60       0x40 c:/mounriver/mounriver_studio/toolchain/risc-v embedded gcc/bin/../lib/gcc/riscv-none-embed/8.2.0/../../../../riscv-none-embed/lib/rv32imac/ilp32\libg_nano.a(lib_a-nano-mallocr.o)
 .debug_frame   0x0000000000002ea0       0xd0 c:/mounriver/mounriver_studio/toolchain/risc-v embedded gcc/bin/../lib/gcc/riscv-none-embed/8.2.0/../../../../riscv-none-embed/lib/rv32imac/ilp32\libg_nano.a(lib_a-nano-vfprintf.o)
 .debug_frame   0x0000000000002f70       0x8c c:/mounriver/mounriver_studio/toolchain/risc-v embedded gcc/bin/../lib/gcc/riscv-none-embed/8.2.0/../../../../riscv-none-embed/lib/rv32imac/ilp32\libg_nano.a(lib_a-nano-vfprintf_i.o)
 .debug_frame   0x0000000000002ffc       0x30 c:/mounriver/mounriver_studio/toolchain/risc-v embedded gcc/bin/../lib/gcc/riscv-none-embed/8.2.0/../../../../riscv-none-embed/lib/rv32imac/ilp32\libg_nano.a(lib_a-sbrkr.o)
 .debug_frame   0x000000000000302c       0xa4 c:/mounriver/mounriver_studio/toolchain/risc-v embedded gcc/bin/../lib/gcc/riscv-none-embed/8.2.0/../../../../riscv-none-embed/lib/rv32imac/ilp32\libg_nano.a(lib_a-stdio.o)
 .debug_frame   0x00000000000030d0       0x30 c:/mounriver/mounriver_studio/toolchain/risc-v embedded gcc/bin/../lib/gcc/riscv-none-embed/8.2.0/../../../../riscv-none-embed/lib/rv32imac/ilp32\libg_nano.a(lib_a-writer.o)
 .debug_frame   0x0000000000003100       0x30 c:/mounriver/mounriver_studio/toolchain/risc-v embedded gcc/bin/../lib/gcc/riscv-none-embed/8.2.0/../../../../riscv-none-embed/lib/rv32imac/ilp32\libg_nano.a(lib_a-closer.o)
 .debug_frame   0x0000000000003130       0x30 c:/mounriver/mounriver_studio/toolchain/risc-v embedded gcc/bin/../lib/gcc/riscv-none-embed/8.2.0/../../../../riscv-none-embed/lib/rv32imac/ilp32\libg_nano.a(lib_a-fstatr.o)
 .debug_frame   0x0000000000003160       0x30 c:/mounriver/mounriver_studio/toolchain/risc-v embedded gcc/bin/../lib/gcc/riscv-none-embed/8.2.0/../../../../riscv-none-embed/lib/rv32imac/ilp32\libg_nano.a(lib_a-isattyr.o)
 .debug_frame   0x0000000000003190       0x30 c:/mounriver/mounriver_studio/toolchain/risc-v embedded gcc/bin/../lib/gcc/riscv-none-embed/8.2.0/../../../../riscv-none-embed/lib/rv32imac/ilp32\libg_nano.a(lib_a-lseekr.o)
 .debug_frame   0x00000000000031c0       0x20 c:/mounriver/mounriver_studio/toolchain/risc-v embedded gcc/bin/../lib/gcc/riscv-none-embed/8.2.0/../../../../riscv-none-embed/lib/rv32imac/ilp32\libg_nano.a(lib_a-memchr.o)
 .debug_frame   0x00000000000031e0       0x30 c:/mounriver/mounriver_studio/toolchain/risc-v embedded gcc/bin/../lib/gcc/riscv-none-embed/8.2.0/../../../../riscv-none-embed/lib/rv32imac/ilp32\libg_nano.a(lib_a-mlock.o)
 .debug_frame   0x0000000000003210       0x30 c:/mounriver/mounriver_studio/toolchain/risc-v embedded gcc/bin/../lib/gcc/riscv-none-embed/8.2.0/../../../../riscv-none-embed/lib/rv32imac/ilp32\libg_nano.a(lib_a-readr.o)
 .debug_frame   0x0000000000003240       0x70 c:/mounriver/mounriver_studio/toolchain/risc-v embedded gcc/bin/../lib/gcc/riscv-none-embed/8.2.0/../../../../riscv-none-embed/lib/rv32imac/ilp32\libg_nano.a(lib_a-reent.o)
 .debug_frame   0x00000000000032b0       0x20 c:/mounriver/mounriver_studio/toolchain/risc-v embedded gcc/bin/../lib/gcc/riscv-none-embed/8.2.0/../../../../riscv-none-embed/lib/rv32imac/ilp32\libnosys.a(close.o)
 .debug_frame   0x00000000000032d0       0x20 c:/mounriver/mounriver_studio/toolchain/risc-v embedded gcc/bin/../lib/gcc/riscv-none-embed/8.2.0/../../../../riscv-none-embed/lib/rv32imac/ilp32\libnosys.a(fstat.o)
 .debug_frame   0x00000000000032f0       0x20 c:/mounriver/mounriver_studio/toolchain/risc-v embedded gcc/bin/../lib/gcc/riscv-none-embed/8.2.0/../../../../riscv-none-embed/lib/rv32imac/ilp32\libnosys.a(isatty.o)
 .debug_frame   0x0000000000003310       0x20 c:/mounriver/mounriver_studio/toolchain/risc-v embedded gcc/bin/../lib/gcc/riscv-none-embed/8.2.0/../../../../riscv-none-embed/lib/rv32imac/ilp32\libnosys.a(lseek.o)
 .debug_frame   0x0000000000003330       0x20 c:/mounriver/mounriver_studio/toolchain/risc-v embedded gcc/bin/../lib/gcc/riscv-none-embed/8.2.0/../../../../riscv-none-embed/lib/rv32imac/ilp32\libnosys.a(read.o)
 .debug_frame   0x0000000000003350       0x20 c:/mounriver/mounriver_studio/toolchain/risc-v embedded gcc/bin/../lib/gcc/riscv-none-embed/8.2.0/../../../../riscv-none-embed/lib/rv32imac/ilp32\libnosys.a(sbrk.o)

.stab           0x0000000000000000       0x84
 .stab          0x0000000000000000       0x24 c:/mounriver/mounriver_studio/toolchain/risc-v embedded gcc/bin/../lib/gcc/riscv-none-embed/8.2.0/../../../../riscv-none-embed/lib/rv32imac/ilp32\libnosys.a(close.o)
 .stab          0x0000000000000024       0x18 c:/mounriver/mounriver_studio/toolchain/risc-v embedded gcc/bin/../lib/gcc/riscv-none-embed/8.2.0/../../../../riscv-none-embed/lib/rv32imac/ilp32\libnosys.a(fstat.o)
                                         0x24 (size before relaxing)
 .stab          0x000000000000003c       0x18 c:/mounriver/mounriver_studio/toolchain/risc-v embedded gcc/bin/../lib/gcc/riscv-none-embed/8.2.0/../../../../riscv-none-embed/lib/rv32imac/ilp32\libnosys.a(isatty.o)
                                         0x24 (size before relaxing)
 .stab          0x0000000000000054       0x18 c:/mounriver/mounriver_studio/toolchain/risc-v embedded gcc/bin/../lib/gcc/riscv-none-embed/8.2.0/../../../../riscv-none-embed/lib/rv32imac/ilp32\libnosys.a(lseek.o)
                                         0x24 (size before relaxing)
 .stab          0x000000000000006c       0x18 c:/mounriver/mounriver_studio/toolchain/risc-v embedded gcc/bin/../lib/gcc/riscv-none-embed/8.2.0/../../../../riscv-none-embed/lib/rv32imac/ilp32\libnosys.a(read.o)
                                         0x24 (size before relaxing)

.stabstr        0x0000000000000000      0x117
 .stabstr       0x0000000000000000      0x117 c:/mounriver/mounriver_studio/toolchain/risc-v embedded gcc/bin/../lib/gcc/riscv-none-embed/8.2.0/../../../../riscv-none-embed/lib/rv32imac/ilp32\libnosys.a(close.o)
