Archive member included to satisfy reference by file (symbol)

c:/mounriver/mounriver_studio/toolchain/risc-v embedded gcc/bin/../lib/gcc/riscv-none-embed/8.2.0/rv32imac/ilp32\libgcc.a(_divdi3.o)
                              ./User/diskio.o (__divdi3)
c:/mounriver/mounriver_studio/toolchain/risc-v embedded gcc/bin/../lib/gcc/riscv-none-embed/8.2.0/rv32imac/ilp32\libgcc.a(mulsf3.o)
                              ./User/lcd.o (__mulsf3)
c:/mounriver/mounriver_studio/toolchain/risc-v embedded gcc/bin/../lib/gcc/riscv-none-embed/8.2.0/rv32imac/ilp32\libgcc.a(fixunssfsi.o)
                              ./User/lcd.o (__fixunssfsi)
c:/mounriver/mounriver_studio/toolchain/risc-v embedded gcc/bin/../lib/gcc/riscv-none-embed/8.2.0/rv32imac/ilp32\libgcc.a(_clz.o)
                              c:/mounriver/mounriver_studio/toolchain/risc-v embedded gcc/bin/../lib/gcc/riscv-none-embed/8.2.0/rv32imac/ilp32\libgcc.a(_divdi3.o) (__clz_tab)
c:/mounriver/mounriver_studio/toolchain/risc-v embedded gcc/bin/../lib/gcc/riscv-none-embed/8.2.0/rv32imac/ilp32\libgcc.a(_clzsi2.o)
                              c:/mounriver/mounriver_studio/toolchain/risc-v embedded gcc/bin/../lib/gcc/riscv-none-embed/8.2.0/rv32imac/ilp32\libgcc.a(mulsf3.o) (__clzsi2)
c:/mounriver/mounriver_studio/toolchain/risc-v embedded gcc/bin/../lib/gcc/riscv-none-embed/8.2.0/../../../../riscv-none-embed/lib/rv32imac/ilp32\libg_nano.a(lib_a-memcpy.o)
                              ./User/sdio.o (memcpy)
c:/mounriver/mounriver_studio/toolchain/risc-v embedded gcc/bin/../lib/gcc/riscv-none-embed/8.2.0/../../../../riscv-none-embed/lib/rv32imac/ilp32\libg_nano.a(lib_a-printf.o)
                              ./User/main.o (printf)
c:/mounriver/mounriver_studio/toolchain/risc-v embedded gcc/bin/../lib/gcc/riscv-none-embed/8.2.0/../../../../riscv-none-embed/lib/rv32imac/ilp32\libg_nano.a(lib_a-puts.o)
                              ./User/main.o (puts)
c:/mounriver/mounriver_studio/toolchain/risc-v embedded gcc/bin/../lib/gcc/riscv-none-embed/8.2.0/../../../../riscv-none-embed/lib/rv32imac/ilp32\libg_nano.a(lib_a-strcmp.o)
                              ./User/main.o (strcmp)
c:/mounriver/mounriver_studio/toolchain/risc-v embedded gcc/bin/../lib/gcc/riscv-none-embed/8.2.0/../../../../riscv-none-embed/lib/rv32imac/ilp32\libg_nano.a(lib_a-wbuf.o)
                              c:/mounriver/mounriver_studio/toolchain/risc-v embedded gcc/bin/../lib/gcc/riscv-none-embed/8.2.0/../../../../riscv-none-embed/lib/rv32imac/ilp32\libg_nano.a(lib_a-puts.o) (__swbuf_r)
c:/mounriver/mounriver_studio/toolchain/risc-v embedded gcc/bin/../lib/gcc/riscv-none-embed/8.2.0/../../../../riscv-none-embed/lib/rv32imac/ilp32\libg_nano.a(lib_a-wsetup.o)
                              c:/mounriver/mounriver_studio/toolchain/risc-v embedded gcc/bin/../lib/gcc/riscv-none-embed/8.2.0/../../../../riscv-none-embed/lib/rv32imac/ilp32\libg_nano.a(lib_a-puts.o) (__swsetup_r)
c:/mounriver/mounriver_studio/toolchain/risc-v embedded gcc/bin/../lib/gcc/riscv-none-embed/8.2.0/../../../../riscv-none-embed/lib/rv32imac/ilp32\libg_nano.a(lib_a-fflush.o)
                              c:/mounriver/mounriver_studio/toolchain/risc-v embedded gcc/bin/../lib/gcc/riscv-none-embed/8.2.0/../../../../riscv-none-embed/lib/rv32imac/ilp32\libg_nano.a(lib_a-wbuf.o) (_fflush_r)
c:/mounriver/mounriver_studio/toolchain/risc-v embedded gcc/bin/../lib/gcc/riscv-none-embed/8.2.0/../../../../riscv-none-embed/lib/rv32imac/ilp32\libg_nano.a(lib_a-findfp.o)
                              c:/mounriver/mounriver_studio/toolchain/risc-v embedded gcc/bin/../lib/gcc/riscv-none-embed/8.2.0/../../../../riscv-none-embed/lib/rv32imac/ilp32\libg_nano.a(lib_a-printf.o) (__sinit)
c:/mounriver/mounriver_studio/toolchain/risc-v embedded gcc/bin/../lib/gcc/riscv-none-embed/8.2.0/../../../../riscv-none-embed/lib/rv32imac/ilp32\libg_nano.a(lib_a-fwalk.o)
                              c:/mounriver/mounriver_studio/toolchain/risc-v embedded gcc/bin/../lib/gcc/riscv-none-embed/8.2.0/../../../../riscv-none-embed/lib/rv32imac/ilp32\libg_nano.a(lib_a-findfp.o) (_fwalk)
c:/mounriver/mounriver_studio/toolchain/risc-v embedded gcc/bin/../lib/gcc/riscv-none-embed/8.2.0/../../../../riscv-none-embed/lib/rv32imac/ilp32\libg_nano.a(lib_a-impure.o)
                              c:/mounriver/mounriver_studio/toolchain/risc-v embedded gcc/bin/../lib/gcc/riscv-none-embed/8.2.0/../../../../riscv-none-embed/lib/rv32imac/ilp32\libg_nano.a(lib_a-fflush.o) (_global_impure_ptr)
c:/mounriver/mounriver_studio/toolchain/risc-v embedded gcc/bin/../lib/gcc/riscv-none-embed/8.2.0/../../../../riscv-none-embed/lib/rv32imac/ilp32\libg_nano.a(lib_a-makebuf.o)
                              c:/mounriver/mounriver_studio/toolchain/risc-v embedded gcc/bin/../lib/gcc/riscv-none-embed/8.2.0/../../../../riscv-none-embed/lib/rv32imac/ilp32\libg_nano.a(lib_a-wsetup.o) (__smakebuf_r)
[...]
Memory Configuration

Name             Origin             Length             Attributes
FLASH            0x0000000000000000 0x0000000000030000 xr
RAM              0x0000000020000000 0x0000000000020000 xrw
*default*        0x0000000000000000 0xffffffffffffffff

Linker script and memory map

LOAD ./User/IIC.o
LOAD ./User/ch32v30x_it.o
LOAD ./User/diskio.o
LOAD ./User/es8388.o
LOAD ./User/ff.o
LOAD ./User/ffsystem.o
LOAD ./User/ffunicode.o
LOAD ./User/lcd.o
LOAD ./User/main.o
LOAD ./User/pwm.o
LOAD ./User/sdio.o
LOAD ./User/system_ch32v30x.o
LOAD ./User/videoplay.o
LOAD ./Startup/startup_ch32v30x.o
LOAD ./Peripheral/src/ch32v30x_adc.o
LOAD ./Peripheral/src/ch32v30x_bkp.o
LOAD ./Peripheral/src/ch32v30x_can.o
LOAD ./Peripheral/src/ch32v30x_crc.o
LOAD ./Peripheral/src/ch32v30x_dac.o
LOAD ./Peripheral/src/ch32v30x_dbgmcu.o
LOAD ./Peripheral/src/ch32v30x_dma.o
LOAD ./Peripheral/src/ch32v30x_dvp.o
LOAD ./Peripheral/src/ch32v30x_eth.o
LOAD ./Peripheral/src/ch32v30x_exti.o
LOAD ./Peripheral/src/ch32v30x_flash.o
LOAD ./Peripheral/src/ch32v30x_fsmc.o
LOAD ./Peripheral/src/ch32v30x_gpio.o
LOAD ./Peripheral/src/ch32v30x_i2c.o
LOAD ./Peripheral/src/ch32v30x_iwdg.o
LOAD ./Peripheral/src/ch32v30x_misc.o
LOAD ./Peripheral/src/ch32v30x_opa.o
LOAD ./Peripheral/src/ch32v30x_pwr.o
LOAD ./Peripheral/src/ch32v30x_rcc.o
LOAD ./Peripheral/src/ch32v30x_rng.o
LOAD ./Peripheral/src/ch32v30x_rtc.o
LOAD ./Peripheral/src/ch32v30x_sdio.o
LOAD ./Peripheral/src/ch32v30x_spi.o
LOAD ./Peripheral/src/ch32v30x_tim.o
LOAD ./Peripheral/src/ch32v30x_usart.o
LOAD ./Peripheral/src/ch32v30x_wwdg.o
LOAD ./Debug/debug.o
LOAD ./Core/core_riscv.o
LOAD c:/mounriver/mounriver_studio/toolchain/risc-v embedded gcc/bin/../lib/gcc/riscv-none-embed/8.2.0/rv32imac/ilp32\libgcc.a
LOAD c:/mounriver/mounriver_studio/toolchain/risc-v embedded gcc/bin/../lib/gcc/riscv-none-embed/8.2.0/../../../../riscv-none-embed/lib/rv32imac/ilp32\libg_nano.a
LOAD c:/mounriver/mounriver_studio/toolchain/risc-v embedded gcc/bin/../lib/gcc/riscv-none-embed/8.2.0/../../../../riscv-none-embed/lib/rv32imac/ilp32\libc_nano.a
LOAD c:/mounriver/mounriver_studio/toolchain/risc-v embedded gcc/bin/../lib/gcc/riscv-none-embed/8.2.0/rv32imac/ilp32\libgcc.a
START GROUP
LOAD c:/mounriver/mounriver_studio/toolchain/risc-v embedded gcc/bin/../lib/gcc/riscv-none-embed/8.2.0/rv32imac/ilp32\libgcc.a
LOAD c:/mounriver/mounriver_studio/toolchain/risc-v embedded gcc/bin/../lib/gcc/riscv-none-embed/8.2.0/../../../../riscv-none-embed/lib/rv32imac/ilp32\libc_nano.a
LOAD c:/mounriver/mounriver_studio/toolchain/risc-v embedded gcc/bin/../lib/gcc/riscv-none-embed/8.2.0/../../../../riscv-none-embed/lib/rv32imac/ilp32\libnosys.a
END GROUP
START GROUP
LOAD c:/mounriver/mounriver_studio/toolchain/risc-v embedded gcc/bin/../lib/gcc/riscv-none-embed/8.2.0/rv32imac/ilp32\libgcc.a
LOAD c:/mounriver/mounriver_studio/toolchain/risc-v embedded gcc/bin/../lib/gcc/riscv-none-embed/8.2.0/../../../../riscv-none-embed/lib/rv32imac/ilp32\libc_nano.a
LOAD c:/mounriver/mounriver_studio/toolchain/risc-v embedded gcc/bin/../lib/gcc/riscv-none-embed/8.2.0/../../../../riscv-none-embed/lib/rv32imac/ilp32\libnosys.a
END GROUP
                0x0000000000000800                __stack_size = 0x800
                [!provide]                        PROVIDE (_stack_size = __stack_size)

.init           0x0000000000000000       0x38
                0x0000000000000000                _sinit = .
                0x0000000000000000                . = ALIGN (0x4)
 *(SORT_NONE(.init))
 .init          0x0000000000000000       0x38 ./Startup/startup_ch32v30x.o
                0x0000000000000000                _start
                0x0000000000000038                . = ALIGN (0x4)
                0x0000000000000038                _einit = .

.vector         0x0000000000000038      0x1c8
 *(.vector)
 .vector        0x0000000000000038      0x1a0 ./Startup/startup_ch32v30x.o
                0x0000000000000200                . = ALIGN (0x40)
 *fill*         0x00000000000001d8       0x28 

.text           0x0000000000000200     0x7f08
                0x0000000000000200                . = ALIGN (0x4)
 *(.text)
 .text          0x0000000000000200      0x11e c:/mounriver/mounriver_studio/toolchain/risc-v embedded gcc/bin/../lib/gcc/riscv-none-embed/8.2.0/../../../../riscv-none-embed/lib/rv32imac/ilp32\libg_nano.a(lib_a-strcmp.o)
                0x0000000000000200                strcmp
 .text          0x000000000000031e       0xa8 c:/mounriver/mounriver_studio/toolchain/risc-v embedded gcc/bin/../lib/gcc/riscv-none-embed/8.2.0/../../../../riscv-none-embed/lib/rv32imac/ilp32\libg_nano.a(lib_a-memset.o)
                0x000000000000031e                memset
 *(.text.*)
 .text.IIC_Init
                0x00000000000003c6       0xa6 ./User/IIC.o
                0x00000000000003c6                IIC_Init
 .text.NMI_Handler
                0x000000000000046c        0x4 ./User/ch32v30x_it.o
                0x000000000000046c                NMI_Handler
 .text.HardFault_Handler
                0x0000000000000470        0x2 ./User/ch32v30x_it.o
                0x0000000000000470                HardFault_Handler
 .text.disk_status
                0x0000000000000472        0x8 ./User/diskio.o
                0x0000000000000472                disk_status
 .text.disk_initialize
                0x000000000000047a       0x1c ./User/diskio.o
                0x000000000000047a                disk_initialize
 .text.disk_read
                0x0000000000000496       0x22 ./User/diskio.o
                0x0000000000000496                disk_read
 .text.disk_write
                0x00000000000004b8       0x22 ./User/diskio.o
                0x00000000000004b8                disk_write
 .text.disk_ioctl
                0x00000000000004da       0x4e ./User/diskio.o
                0x00000000000004da                disk_ioctl
 .text.get_fattime
                0x0000000000000528        0x4 ./User/diskio.o
                0x0000000000000528                get_fattime
 .text.ES8388_Contrl_Init
                0x000000000000052c       0x30 ./User/es8388.o
                0x000000000000052c                ES8388_Contrl_Init
 .text.ES8388_Write_Reg
                0x000000000000055c       0xee ./User/es8388.o
                0x000000000000055c                ES8388_Write_Reg
 .text.ES8388_Init
                0x000000000000064a       0xc8 ./User/es8388.o
                0x000000000000064a                ES8388_Init
 .text.ES8388_I2S_Cfg
                0x0000000000000712        0xe ./User/es8388.o
                0x0000000000000712                ES8388_I2S_Cfg
 .text.ES8388_Set_Volume
                0x0000000000000720       0x32 ./User/es8388.o
                0x0000000000000720                ES8388_Set_Volume
 .text.ES8388_ADDA_Cfg
                0x0000000000000752       0x16 ./User/es8388.o
                0x0000000000000752                ES8388_ADDA_Cfg
 .text.ES8388_Output_Cfg
                0x0000000000000768       0x12 ./User/es8388.o
                0x0000000000000768                ES8388_Output_Cfg
 .text.ld_dword
                0x000000000000077a       0x1e ./User/ff.o
 .text.st_dword
                0x0000000000000798       0x1c ./User/ff.o
 .text.mem_set  0x00000000000007b4        0xe ./User/ff.o
 .text.mem_cmp  0x00000000000007c2       0x1a ./User/ff.o
 .text.clst2sect
                0x00000000000007dc       0x1c ./User/ff.o
 .text.get_ldnumber
                0x00000000000007f8       0x52 ./User/ff.o
 .text.validate
                0x000000000000084a       0x48 ./User/ff.o
 .text.mem_cpy.part.0
                0x0000000000000892       0x1a ./User/ff.o
 .text.ld_clust.isra.1
                0x00000000000008ac       0x26 ./User/ff.o
 .text.st_clust.isra.2
                0x00000000000008d2       0x28 ./User/ff.o
 .text.sync_window.part.4
                0x00000000000008fa       0x58 ./User/ff.o
 .text.move_window
                0x0000000000000952       0x4a ./User/ff.o
 .text.check_fs
                0x000000000000099c       0x80 ./User/ff.o
 .text.put_fat  0x0000000000000a1c      0x130 ./User/ff.o
 .text.get_fat.isra.8
                0x0000000000000b4c       0xd8 ./User/ff.o
 .text.create_chain
                0x0000000000000c24      0x10a ./User/ff.o
 .text.remove_chain
                0x0000000000000d2e       0x92 ./User/ff.o
 .text.mount_volume
                0x0000000000000dc0      0x2f0 ./User/ff.o
 .text.dir_sdi.constprop.15
                0x00000000000010b0       0x8e ./User/ff.o
 .text.sync_fs  0x000000000000113e       0xc0 ./User/ff.o
 .text.dir_clear
                0x00000000000011fe       0x76 ./User/ff.o
 .text.dir_next
                0x0000000000001274       0xdc ./User/ff.o
 .text.follow_path
                0x0000000000001350      0x23c ./User/ff.o
 .text.dir_register
                0x000000000000158c       0x82 ./User/ff.o
 .text.f_mount  0x000000000000160e       0x50 ./User/ff.o
                0x000000000000160e                f_mount
 .text.f_open   0x000000000000165e      0x1ee ./User/ff.o
                0x000000000000165e                f_open
 .text.f_read   0x000000000000184c      0x1aa ./User/ff.o
                0x000000000000184c                f_read
 .text.f_sync   0x00000000000019f6       0xb8 ./User/ff.o
                0x00000000000019f6                f_sync
 .text.f_close  0x0000000000001aae       0x22 ./User/ff.o
                0x0000000000001aae                f_close
 .text.f_lseek  0x0000000000001ad0      0x16c ./User/ff.o
                0x0000000000001ad0                f_lseek
 .text.f_mkfs   0x0000000000001c3c      0x70a ./User/ff.o
                0x0000000000001c3c                f_mkfs
 .text.SPI_LCD_Init
                0x0000000000002346       0xf4 ./User/lcd.o
                0x0000000000002346                SPI_LCD_Init
 .text.spi_readwrite
                0x000000000000243a       0x74 ./User/lcd.o
                0x000000000000243a                spi_readwrite
 .text.LCD_WR_DATA8
                0x00000000000024ae       0x38 ./User/lcd.o
                0x00000000000024ae                LCD_WR_DATA8
 .text.LCD_WR_DATA
                0x00000000000024e6       0x40 ./User/lcd.o
                0x00000000000024e6                LCD_WR_DATA
 .text.LCD_WR_REG
                0x0000000000002526       0x38 ./User/lcd.o
                0x0000000000002526                LCD_WR_REG
 .text.LCD_Address_Set
                0x000000000000255e       0x54 ./User/lcd.o
                0x000000000000255e                LCD_Address_Set
 .text.LCD_Init
                0x00000000000025b2      0x212 ./User/lcd.o
                0x00000000000025b2                LCD_Init
 .text.LCD_ShowPicture
                0x00000000000027c4       0x80 ./User/lcd.o
                0x00000000000027c4                LCD_ShowPicture
 .text.Audio_Init
                0x0000000000002844       0xcc ./User/main.o
                0x0000000000002844                Audio_Init
 .text.play     0x0000000000002910       0x1e ./User/main.o
                0x0000000000002910                play
 .text.stop     0x000000000000292e       0x1c ./User/main.o
                0x000000000000292e                stop
 .text.VideoNVICInit
                0x000000000000294a       0x82 ./User/main.o
                0x000000000000294a                VideoNVICInit
 .text.VideoSet
                0x00000000000029cc       0x86 ./User/main.o
                0x00000000000029cc                VideoSet
 .text.AudioSet
                0x0000000000002a52       0xb6 ./User/main.o
                0x0000000000002a52                AudioSet
 .text.EXTI0_INT_INIT
                0x0000000000002b08       0x64 ./User/main.o
                0x0000000000002b08                EXTI0_INT_INIT
 .text.EXTI1_INT_INIT
                0x0000000000002b6c       0x66 ./User/main.o
                0x0000000000002b6c                EXTI1_INT_INIT
 .text.EXTI2_INT_INIT
                0x0000000000002bd2       0x68 ./User/main.o
                0x0000000000002bd2                EXTI2_INT_INIT
 .text.EXTI3_INT_INIT
                0x0000000000002c3a       0x6a ./User/main.o
                0x0000000000002c3a                EXTI3_INT_INIT
 .text.EXTI_INT_INIT
                0x0000000000002ca4       0x18 ./User/main.o
                0x0000000000002ca4                EXTI_INT_INIT
 .text.startup.main
                0x0000000000002cbc       0xf6 ./User/main.o
                0x0000000000002cbc                main
 .text.TIM1_UP_IRQHandler
                0x0000000000002db2      0x220 ./User/main.o
                0x0000000000002db2                TIM1_UP_IRQHandler
 .text.EXTI0_IRQHandler
                0x0000000000002fd2       0x30 ./User/main.o
                0x0000000000002fd2                EXTI0_IRQHandler
 .text.EXTI1_IRQHandler
                0x0000000000003002       0x7e ./User/main.o
                0x0000000000003002                EXTI1_IRQHandler
 .text.EXTI2_IRQHandler
                0x0000000000003080       0x82 ./User/main.o
                0x0000000000003080                EXTI2_IRQHandler
 .text.EXTI3_IRQHandler
                0x0000000000003102       0x38 ./User/main.o
                0x0000000000003102                EXTI3_IRQHandler
 .text.USART2_IRQHandler
                0x000000000000313a      0x25a ./User/main.o
                0x000000000000313a                USART2_IRQHandler
 .text.SDIO_Clock_Set
                0x0000000000003394       0x10 ./User/sdio.o
                0x0000000000003394                SDIO_Clock_Set
 .text.SD_GetCardInfo
                0x00000000000033a4      0x31a ./User/sdio.o
                0x00000000000033a4                SD_GetCardInfo
 .text.CmdError
                0x00000000000036be       0x36 ./User/sdio.o
                0x00000000000036be                CmdError
 .text.CmdResp7Error
                0x00000000000036f4       0x4a ./User/sdio.o
                0x00000000000036f4                CmdResp7Error
 .text.CmdResp1Error
                0x000000000000373e       0x5c ./User/sdio.o
                0x000000000000373e                CmdResp1Error
 .text.SD_SelectDeselect
                0x000000000000379a       0x32 ./User/sdio.o
                0x000000000000379a                SD_SelectDeselect
 .text.SD_ProcessIRQSrc
                0x00000000000037cc      0x13a ./User/sdio.o
                0x00000000000037cc                SD_ProcessIRQSrc
 .text.SDIO_IRQHandler
                0x0000000000003906        0x8 ./User/sdio.o
                0x0000000000003906                SDIO_IRQHandler
 .text.CmdResp3Error
                0x000000000000390e       0x32 ./User/sdio.o
                0x000000000000390e                CmdResp3Error
 .text.SD_PowerON
                0x0000000000003940      0x1de ./User/sdio.o
                0x0000000000003940                SD_PowerON
 .text.CmdResp2Error
                0x0000000000003b1e       0x52 ./User/sdio.o
                0x0000000000003b1e                CmdResp2Error
 .text.CmdResp6Error
                0x0000000000003b70       0x8c ./User/sdio.o
                0x0000000000003b70                CmdResp6Error
 .text.SD_InitializeCards
                0x0000000000003bfc      0x14e ./User/sdio.o
                0x0000000000003bfc                SD_InitializeCards
 .text.IsCardProgramming
                0x0000000000003d4a       0xa6 ./User/sdio.o
                0x0000000000003d4a                IsCardProgramming
 .text.FindSCR  0x0000000000003df0      0x1c4 ./User/sdio.o
                0x0000000000003df0                FindSCR
 .text.SDEnWideBus
                0x0000000000003fb4       0xb0 ./User/sdio.o
                0x0000000000003fb4                SDEnWideBus
 .text.SD_EnableWideBusOperation
                0x0000000000004064       0x58 ./User/sdio.o
                0x0000000000004064                SD_EnableWideBusOperation
 .text.SD_Init  0x00000000000040bc       0xe0 ./User/sdio.o
                0x00000000000040bc                SD_Init
 .text.convert_from_bytes_to_power_of_two
                0x000000000000419c       0x16 ./User/sdio.o
                0x000000000000419c                convert_from_bytes_to_power_of_two
 .text.SD_DMA_Config
                0x00000000000041b2       0x80 ./User/sdio.o
                0x00000000000041b2                SD_DMA_Config
 .text.SD_ReadBlock
                0x0000000000004232      0x278 ./User/sdio.o
                0x0000000000004232                SD_ReadBlock
 .text.SD_ReadMultiBlocks
                0x00000000000044aa      0x300 ./User/sdio.o
                0x00000000000044aa                SD_ReadMultiBlocks
 .text.SD_WriteBlock
                0x00000000000047aa      0x378 ./User/sdio.o
                0x00000000000047aa                SD_WriteBlock
 .text.SD_WriteMultiBlocks
                0x0000000000004b22      0x3a2 ./User/sdio.o
                0x0000000000004b22                SD_WriteMultiBlocks
 .text.SD_ReadDisk
                0x0000000000004ec4       0x92 ./User/sdio.o
                0x0000000000004ec4                SD_ReadDisk
 .text.SD_WriteDisk
                0x0000000000004f56       0x8c ./User/sdio.o
                0x0000000000004f56                SD_WriteDisk
 .text.SystemInit
                0x0000000000004fe2      0x110 ./User/system_ch32v30x.o
                0x0000000000004fe2                SystemInit
 .text.I2S2_Init_TX
                0x00000000000050f2       0xa2 ./User/videoplay.o
                0x00000000000050f2                I2S2_Init_TX
 .text.DMA_Tx_Init
                0x0000000000005194       0x56 ./User/videoplay.o
                0x0000000000005194                DMA_Tx_Init
 .text.TIM1_Int_Init
                0x00000000000051ea      0x136 ./User/videoplay.o
                0x00000000000051ea                TIM1_Int_Init
 .text.vector_handler
                0x0000000000005320       0xbe ./Startup/startup_ch32v30x.o
                0x0000000000005324                Ecall_M_Mode_Handler
                0x0000000000005326                Ecall_U_Mode_Handler
                0x0000000000005328                Break_Point_Handler
                0x000000000000532a                SysTick_Handler
                0x000000000000532c                SW_handler
                0x000000000000532e                WWDG_IRQHandler
                0x0000000000005330                PVD_IRQHandler
                0x0000000000005332                TAMPER_IRQHandler
                0x0000000000005334                RTC_IRQHandler
                0x0000000000005336                FLASH_IRQHandler
                0x0000000000005338                RCC_IRQHandler
                0x0000000000005342                EXTI4_IRQHandler
                0x0000000000005344                DMA1_Channel1_IRQHandler
                0x0000000000005346                DMA1_Channel2_IRQHandler
                0x0000000000005348                DMA1_Channel3_IRQHandler
                0x000000000000534a                DMA1_Channel4_IRQHandler
                0x000000000000534c                DMA1_Channel5_IRQHandler
                0x000000000000534e                DMA1_Channel6_IRQHandler
                0x0000000000005350                DMA1_Channel7_IRQHandler
                0x0000000000005352                ADC1_2_IRQHandler
                0x0000000000005354                USB_HP_CAN1_TX_IRQHandler
                0x0000000000005356                USB_LP_CAN1_RX0_IRQHandler
                0x0000000000005358                CAN1_RX1_IRQHandler
                0x000000000000535a                CAN1_SCE_IRQHandler
                0x000000000000535c                EXTI9_5_IRQHandler
                0x000000000000535e                TIM1_BRK_IRQHandler
                0x0000000000005362                TIM1_TRG_COM_IRQHandler
                0x0000000000005364                TIM1_CC_IRQHandler
                0x0000000000005366                TIM2_IRQHandler
                0x0000000000005368                TIM3_IRQHandler
                0x000000000000536a                TIM4_IRQHandler
                0x000000000000536c                I2C1_EV_IRQHandler
                0x000000000000536e                I2C1_ER_IRQHandler
                0x0000000000005370                I2C2_EV_IRQHandler
                0x0000000000005372                I2C2_ER_IRQHandler
                0x0000000000005374                SPI1_IRQHandler
                0x0000000000005376                SPI2_IRQHandler
                0x0000000000005378                USART1_IRQHandler
                0x000000000000537c                USART3_IRQHandler
                0x000000000000537e                EXTI15_10_IRQHandler
                0x0000000000005380                RTCAlarm_IRQHandler
                0x0000000000005382                USBWakeUp_IRQHandler
                0x0000000000005384                TIM8_BRK_IRQHandler
                0x0000000000005386                TIM8_UP_IRQHandler
                0x0000000000005388                TIM8_TRG_COM_IRQHandler
                0x000000000000538a                TIM8_CC_IRQHandler
                0x000000000000538c                RNG_IRQHandler
                0x000000000000538e                FSMC_IRQHandler
                0x0000000000005392                TIM5_IRQHandler
                0x0000000000005394                SPI3_IRQHandler
                0x0000000000005396                UART4_IRQHandler
                0x0000000000005398                UART5_IRQHandler
                0x000000000000539a                TIM6_IRQHandler
                0x000000000000539c                TIM7_IRQHandler
                0x000000000000539e                DMA2_Channel1_IRQHandler
                0x00000000000053a0                DMA2_Channel2_IRQHandler
                0x00000000000053a2                DMA2_Channel3_IRQHandler
                0x00000000000053a4                DMA2_Channel4_IRQHandler
                0x00000000000053a6                DMA2_Channel5_IRQHandler
                0x00000000000053a8                ETH_IRQHandler
                0x00000000000053aa                ETH_WKUP_IRQHandler
                0x00000000000053ac                CAN2_TX_IRQHandler
                0x00000000000053ae                CAN2_RX0_IRQHandler
                0x00000000000053b0                CAN2_RX1_IRQHandler
                0x00000000000053b2                CAN2_SCE_IRQHandler
                0x00000000000053b4                OTG_FS_IRQHandler
                0x00000000000053b6                USBHSWakeup_IRQHandler
                0x00000000000053b8                USBHS_IRQHandler
                0x00000000000053ba                DVP_IRQHandler
                0x00000000000053bc                UART6_IRQHandler
                0x00000000000053be                UART7_IRQHandler
                0x00000000000053c0                UART8_IRQHandler
                0x00000000000053c2                TIM9_BRK_IRQHandler
                0x00000000000053c4                TIM9_UP_IRQHandler
                0x00000000000053c6                TIM9_TRG_COM_IRQHandler
                0x00000000000053c8                TIM9_CC_IRQHandler
                0x00000000000053ca                TIM10_BRK_IRQHandler
                0x00000000000053cc                TIM10_UP_IRQHandler
                0x00000000000053ce                TIM10_TRG_COM_IRQHandler
                0x00000000000053d0                TIM10_CC_IRQHandler
                0x00000000000053d2                DMA2_Channel6_IRQHandler
                0x00000000000053d4                DMA2_Channel7_IRQHandler
                0x00000000000053d6                DMA2_Channel8_IRQHandler
                0x00000000000053d8                DMA2_Channel9_IRQHandler
                0x00000000000053da                DMA2_Channel10_IRQHandler
                0x00000000000053dc                DMA2_Channel11_IRQHandler
 .text.handle_reset
                0x00000000000053de       0x8e ./Startup/startup_ch32v30x.o
                0x00000000000053de                handle_reset
 .text.DMA_DeInit
                0x000000000000546c      0x16c ./Peripheral/src/ch32v30x_dma.o
                0x000000000000546c                DMA_DeInit
 .text.DMA_Init
                0x00000000000055d8       0x38 ./Peripheral/src/ch32v30x_dma.o
                0x00000000000055d8                DMA_Init
 .text.DMA_Cmd  0x0000000000005610       0x14 ./Peripheral/src/ch32v30x_dma.o
                0x0000000000005610                DMA_Cmd
 .text.DMA_GetFlagStatus
                0x0000000000005624       0x32 ./Peripheral/src/ch32v30x_dma.o
                0x0000000000005624                DMA_GetFlagStatus
 .text.EXTI_Init
                0x0000000000005656       0x6a ./Peripheral/src/ch32v30x_exti.o
                0x0000000000005656                EXTI_Init
 .text.EXTI_ClearITPendingBit
                0x00000000000056c0        0xa ./Peripheral/src/ch32v30x_exti.o
                0x00000000000056c0                EXTI_ClearITPendingBit
 .text.GPIO_Init
                0x00000000000056ca       0xc2 ./Peripheral/src/ch32v30x_gpio.o
                0x00000000000056ca                GPIO_Init
 .text.GPIO_SetBits
                0x000000000000578c        0x4 ./Peripheral/src/ch32v30x_gpio.o
                0x000000000000578c                GPIO_SetBits
 .text.GPIO_ResetBits
                0x0000000000005790        0x4 ./Peripheral/src/ch32v30x_gpio.o
                0x0000000000005790                GPIO_ResetBits
 .text.GPIO_EXTILineConfig
                0x0000000000005794       0x2c ./Peripheral/src/ch32v30x_gpio.o
                0x0000000000005794                GPIO_EXTILineConfig
 .text.I2C_Init
                0x00000000000057c0      0x11a ./Peripheral/src/ch32v30x_i2c.o
                0x00000000000057c0                I2C_Init
 .text.I2C_Cmd  0x00000000000058da       0x1c ./Peripheral/src/ch32v30x_i2c.o
                0x00000000000058da                I2C_Cmd
 .text.I2C_GenerateSTART
                0x00000000000058f6       0x1e ./Peripheral/src/ch32v30x_i2c.o
                0x00000000000058f6                I2C_GenerateSTART
 .text.I2C_GenerateSTOP
                0x0000000000005914       0x1e ./Peripheral/src/ch32v30x_i2c.o
                0x0000000000005914                I2C_GenerateSTOP
 .text.I2C_AcknowledgeConfig
                0x0000000000005932       0x1e ./Peripheral/src/ch32v30x_i2c.o
                0x0000000000005932                I2C_AcknowledgeConfig
 .text.I2C_SendData
                0x0000000000005950        0x6 ./Peripheral/src/ch32v30x_i2c.o
                0x0000000000005950                I2C_SendData
 .text.I2C_Send7bitAddress
                0x0000000000005956       0x14 ./Peripheral/src/ch32v30x_i2c.o
                0x0000000000005956                I2C_Send7bitAddress
 .text.I2C_CheckEvent
                0x000000000000596a       0x1a ./Peripheral/src/ch32v30x_i2c.o
                0x000000000000596a                I2C_CheckEvent
 .text.I2C_GetFlagStatus
                0x0000000000005984       0x32 ./Peripheral/src/ch32v30x_i2c.o
                0x0000000000005984                I2C_GetFlagStatus
 .text.NVIC_PriorityGroupConfig
                0x00000000000059b6        0x6 ./Peripheral/src/ch32v30x_misc.o
                0x00000000000059b6                NVIC_PriorityGroupConfig
 .text.NVIC_Init
                0x00000000000059bc       0xb8 ./Peripheral/src/ch32v30x_misc.o
                0x00000000000059bc                NVIC_Init
 .text.RCC_GetClocksFreq
                0x0000000000005a74      0x10e ./Peripheral/src/ch32v30x_rcc.o
                0x0000000000005a74                RCC_GetClocksFreq
 .text.RCC_AHBPeriphClockCmd
                0x0000000000005b82       0x1e ./Peripheral/src/ch32v30x_rcc.o
                0x0000000000005b82                RCC_AHBPeriphClockCmd
 .text.RCC_APB2PeriphClockCmd
                0x0000000000005ba0       0x1e ./Peripheral/src/ch32v30x_rcc.o
                0x0000000000005ba0                RCC_APB2PeriphClockCmd
 .text.RCC_APB1PeriphClockCmd
                0x0000000000005bbe       0x1e ./Peripheral/src/ch32v30x_rcc.o
                0x0000000000005bbe                RCC_APB1PeriphClockCmd
 .text.SDIO_DeInit
                0x0000000000005bdc       0x30 ./Peripheral/src/ch32v30x_sdio.o
                0x0000000000005bdc                SDIO_DeInit
 .text.SDIO_Init
                0x0000000000005c0c       0x2c ./Peripheral/src/ch32v30x_sdio.o
                0x0000000000005c0c                SDIO_Init
 .text.SDIO_ClockCmd
                0x0000000000005c38       0x16 ./Peripheral/src/ch32v30x_sdio.o
                0x0000000000005c38                SDIO_ClockCmd
 .text.SDIO_SetPowerState
                0x0000000000005c4e       0x12 ./Peripheral/src/ch32v30x_sdio.o
                0x0000000000005c4e                SDIO_SetPowerState
 .text.SDIO_GetPowerState
                0x0000000000005c60        0xa ./Peripheral/src/ch32v30x_sdio.o
                0x0000000000005c60                SDIO_GetPowerState
 .text.SDIO_DMACmd
                0x0000000000005c6a       0x14 ./Peripheral/src/ch32v30x_sdio.o
                0x0000000000005c6a                SDIO_DMACmd
 .text.SDIO_SendCommand
                0x0000000000005c7e       0x22 ./Peripheral/src/ch32v30x_sdio.o
                0x0000000000005c7e                SDIO_SendCommand
 .text.SDIO_DataConfig
                0x0000000000005ca0       0x26 ./Peripheral/src/ch32v30x_sdio.o
                0x0000000000005ca0                SDIO_DataConfig
 .text.SDIO_ReadData
                0x0000000000005cc6        0xa ./Peripheral/src/ch32v30x_sdio.o
                0x0000000000005cc6                SDIO_ReadData
 .text.SDIO_WriteData
                0x0000000000005cd0        0xa ./Peripheral/src/ch32v30x_sdio.o
                0x0000000000005cd0                SDIO_WriteData
 .text.SDIO_GetFlagStatus
                0x0000000000005cda        0xe ./Peripheral/src/ch32v30x_sdio.o
                0x0000000000005cda                SDIO_GetFlagStatus
 .text.SDIO_ClearFlag
                0x0000000000005ce8        0x8 ./Peripheral/src/ch32v30x_sdio.o
                0x0000000000005ce8                SDIO_ClearFlag
 .text.SPI_Init
                0x0000000000005cf0       0x5a ./Peripheral/src/ch32v30x_spi.o
                0x0000000000005cf0                SPI_Init
 .text.I2S_Init
                0x0000000000005d4a       0xda ./Peripheral/src/ch32v30x_spi.o
                0x0000000000005d4a                I2S_Init
 .text.SPI_Cmd  0x0000000000005e24       0x1e ./Peripheral/src/ch32v30x_spi.o
                0x0000000000005e24                SPI_Cmd
 .text.I2S_Cmd  0x0000000000005e42       0x1e ./Peripheral/src/ch32v30x_spi.o
                0x0000000000005e42                I2S_Cmd
 .text.SPI_I2S_DMACmd
                0x0000000000005e60       0x16 ./Peripheral/src/ch32v30x_spi.o
                0x0000000000005e60                SPI_I2S_DMACmd
 .text.SPI_I2S_SendData
                0x0000000000005e76        0x6 ./Peripheral/src/ch32v30x_spi.o
                0x0000000000005e76                SPI_I2S_SendData
 .text.SPI_I2S_ReceiveData
                0x0000000000005e7c        0x6 ./Peripheral/src/ch32v30x_spi.o
                0x0000000000005e7c                SPI_I2S_ReceiveData
 .text.SPI_I2S_GetFlagStatus
                0x0000000000005e82        0xc ./Peripheral/src/ch32v30x_spi.o
                0x0000000000005e82                SPI_I2S_GetFlagStatus
 .text.TIM_TimeBaseInit
                0x0000000000005e8e       0xc0 ./Peripheral/src/ch32v30x_tim.o
                0x0000000000005e8e                TIM_TimeBaseInit
 .text.TIM_OC1Init
                0x0000000000005f4e       0xa0 ./Peripheral/src/ch32v30x_tim.o
                0x0000000000005f4e                TIM_OC1Init
 .text.TIM_OC2Init
                0x0000000000005fee       0xcc ./Peripheral/src/ch32v30x_tim.o
                0x0000000000005fee                TIM_OC2Init
 .text.TIM_OC3Init
                0x00000000000060ba       0xca ./Peripheral/src/ch32v30x_tim.o
                0x00000000000060ba                TIM_OC3Init
 .text.TIM_OC4Init
                0x0000000000006184       0x9e ./Peripheral/src/ch32v30x_tim.o
                0x0000000000006184                TIM_OC4Init
 .text.TIM_Cmd  0x0000000000006222       0x1c ./Peripheral/src/ch32v30x_tim.o
                0x0000000000006222                TIM_Cmd
 .text.TIM_CtrlPWMOutputs
                0x000000000000623e       0x16 ./Peripheral/src/ch32v30x_tim.o
                0x000000000000623e                TIM_CtrlPWMOutputs
 .text.TIM_ITConfig
                0x0000000000006254       0x16 ./Peripheral/src/ch32v30x_tim.o
                0x0000000000006254                TIM_ITConfig
 .text.TIM_ARRPreloadConfig
                0x000000000000626a       0x1e ./Peripheral/src/ch32v30x_tim.o
                0x000000000000626a                TIM_ARRPreloadConfig
 .text.TIM_OC2PreloadConfig
                0x0000000000006288       0x1a ./Peripheral/src/ch32v30x_tim.o
                0x0000000000006288                TIM_OC2PreloadConfig
 .text.TIM_ClearFlag
                0x00000000000062a2        0xe ./Peripheral/src/ch32v30x_tim.o
                0x00000000000062a2                TIM_ClearFlag
 .text.USART_Init
                0x00000000000062b0       0xda ./Peripheral/src/ch32v30x_usart.o
                0x00000000000062b0                USART_Init
 .text.USART_Cmd
                0x000000000000638a       0x1c ./Peripheral/src/ch32v30x_usart.o
                0x000000000000638a                USART_Cmd
 .text.USART_ITConfig
                0x00000000000063a6       0x36 ./Peripheral/src/ch32v30x_usart.o
                0x00000000000063a6                USART_ITConfig
 .text.USART_SendData
                0x00000000000063dc        0xa ./Peripheral/src/ch32v30x_usart.o
                0x00000000000063dc                USART_SendData
 .text.USART_ReceiveData
                0x00000000000063e6        0xa ./Peripheral/src/ch32v30x_usart.o
                0x00000000000063e6                USART_ReceiveData
 .text.USART_GetFlagStatus
                0x00000000000063f0        0xc ./Peripheral/src/ch32v30x_usart.o
                0x00000000000063f0                USART_GetFlagStatus
 .text.USART_GetITStatus
                0x00000000000063fc       0x44 ./Peripheral/src/ch32v30x_usart.o
                0x00000000000063fc                USART_GetITStatus
 .text.USART_ClearITPendingBit
                0x0000000000006440       0x16 ./Peripheral/src/ch32v30x_usart.o
                0x0000000000006440                USART_ClearITPendingBit
 .text.Delay_Init
                0x0000000000006456       0x2a ./Debug/debug.o
                0x0000000000006456                Delay_Init
 .text.Delay_Ms
                0x0000000000006480       0x2c ./Debug/debug.o
                0x0000000000006480                Delay_Ms
 .text.USART_Printf_Init
                0x00000000000064ac       0xa8 ./Debug/debug.o
                0x00000000000064ac                USART_Printf_Init
 .text._write   0x0000000000006554       0x50 ./Debug/debug.o
                0x0000000000006554                _write
 .text.__divdi3
                0x00000000000065a4      0x3d8 c:/mounriver/mounriver_studio/toolchain/risc-v embedded gcc/bin/../lib/gcc/riscv-none-embed/8.2.0/rv32imac/ilp32\libgcc.a(_divdi3.o)
                0x00000000000065a4                __divdi3
 .text.memcpy   0x000000000000697c       0xb6 c:/mounriver/mounriver_studio/toolchain/risc-v embedded gcc/bin/../lib/gcc/riscv-none-embed/8.2.0/../../../../riscv-none-embed/lib/rv32imac/ilp32\libg_nano.a(lib_a-memcpy.o)
                0x000000000000697c                memcpy
 .text.printf   0x0000000000006a32       0x40 c:/mounriver/mounriver_studio/toolchain/risc-v embedded gcc/bin/../lib/gcc/riscv-none-embed/8.2.0/../../../../riscv-none-embed/lib/rv32imac/ilp32\libg_nano.a(lib_a-printf.o)
                0x0000000000006a32                iprintf
                0x0000000000006a32                printf
 .text._puts_r  0x0000000000006a72       0xda c:/mounriver/mounriver_studio/toolchain/risc-v embedded gcc/bin/../lib/gcc/riscv-none-embed/8.2.0/../../../../riscv-none-embed/lib/rv32imac/ilp32\libg_nano.a(lib_a-puts.o)
                0x0000000000006a72                _puts_r
 .text.puts     0x0000000000006b4c        0xc c:/mounriver/mounriver_studio/toolchain/risc-v embedded gcc/bin/../lib/gcc/riscv-none-embed/8.2.0/../../../../riscv-none-embed/lib/rv32imac/ilp32\libg_nano.a(lib_a-puts.o)
                0x0000000000006b4c                puts
 .text.__swbuf_r
                0x0000000000006b58       0xc0 c:/mounriver/mounriver_studio/toolchain/risc-v embedded gcc/bin/../lib/gcc/riscv-none-embed/8.2.0/../../../../riscv-none-embed/lib/rv32imac/ilp32\libg_nano.a(lib_a-wbuf.o)
                0x0000000000006b58                __swbuf_r
 .text.__swsetup_r
                0x0000000000006c18      0x10c c:/mounriver/mounriver_studio/toolchain/risc-v embedded gcc/bin/../lib/gcc/riscv-none-embed/8.2.0/../../../../riscv-none-embed/lib/rv32imac/ilp32\libg_nano.a(lib_a-wsetup.o)
                0x0000000000006c18                __swsetup_r
 .text.__sflush_r
                0x0000000000006d24      0x13c c:/mounriver/mounriver_studio/toolchain/risc-v embedded gcc/bin/../lib/gcc/riscv-none-embed/8.2.0/../../../../riscv-none-embed/lib/rv32imac/ilp32\libg_nano.a(lib_a-fflush.o)
                0x0000000000006d24                __sflush_r
 .text._fflush_r
                0x0000000000006e60       0x66 c:/mounriver/mounriver_studio/toolchain/risc-v embedded gcc/bin/../lib/gcc/riscv-none-embed/8.2.0/../../../../riscv-none-embed/lib/rv32imac/ilp32\libg_nano.a(lib_a-fflush.o)
                0x0000000000006e60                _fflush_r
 .text.std      0x0000000000006ec6       0x6a c:/mounriver/mounriver_studio/toolchain/risc-v embedded gcc/bin/../lib/gcc/riscv-none-embed/8.2.0/../../../../riscv-none-embed/lib/rv32imac/ilp32\libg_nano.a(lib_a-findfp.o)
 .text._cleanup_r
                0x0000000000006f30        0xa c:/mounriver/mounriver_studio/toolchain/risc-v embedded gcc/bin/../lib/gcc/riscv-none-embed/8.2.0/../../../../riscv-none-embed/lib/rv32imac/ilp32\libg_nano.a(lib_a-findfp.o)
                0x0000000000006f30                _cleanup_r
 .text.__sfmoreglue
                0x0000000000006f3a       0x46 c:/mounriver/mounriver_studio/toolchain/risc-v embedded gcc/bin/../lib/gcc/riscv-none-embed/8.2.0/../../../../riscv-none-embed/lib/rv32imac/ilp32\libg_nano.a(lib_a-findfp.o)
                0x0000000000006f3a                __sfmoreglue
 .text.__sinit  0x0000000000006f80       0x6c c:/mounriver/mounriver_studio/toolchain/risc-v embedded gcc/bin/../lib/gcc/riscv-none-embed/8.2.0/../../../../riscv-none-embed/lib/rv32imac/ilp32\libg_nano.a(lib_a-findfp.o)
                0x0000000000006f80                __sinit
 .text.__sfp    0x0000000000006fec       0xa0 c:/mounriver/mounriver_studio/toolchain/risc-v embedded gcc/bin/../lib/gcc/riscv-none-embed/8.2.0/../../../../riscv-none-embed/lib/rv32imac/ilp32\libg_nano.a(lib_a-findfp.o)
                0x0000000000006fec                __sfp
 .text._fwalk_reent
                0x000000000000708c       0x6c c:/mounriver/mounriver_studio/toolchain/risc-v embedded gcc/bin/../lib/gcc/riscv-none-embed/8.2.0/../../../../riscv-none-embed/lib/rv32imac/ilp32\libg_nano.a(lib_a-fwalk.o)
                0x000000000000708c                _fwalk_reent
 .text.__swhatbuf_r
                0x00000000000070f8       0x5a c:/mounriver/mounriver_studio/toolchain/risc-v embedded gcc/bin/../lib/gcc/riscv-none-embed/8.2.0/../../../../riscv-none-embed/lib/rv32imac/ilp32\libg_nano.a(lib_a-makebuf.o)
                0x00000000000070f8                __swhatbuf_r
 .text.__smakebuf_r
                0x0000000000007152       0xa0 c:/mounriver/mounriver_studio/toolchain/risc-v embedded gcc/bin/../lib/gcc/riscv-none-embed/8.2.0/../../../../riscv-none-embed/lib/rv32imac/ilp32\libg_nano.a(lib_a-makebuf.o)
                0x0000000000007152                __smakebuf_r
 .text._free_r  0x00000000000071f2       0xa8 c:/mounriver/mounriver_studio/toolchain/risc-v embedded gcc/bin/../lib/gcc/riscv-none-embed/8.2.0/../../../../riscv-none-embed/lib/rv32imac/ilp32\libg_nano.a(lib_a-nano-freer.o)
                0x00000000000071f2                _free_r
 .text._malloc_r
                0x000000000000729a       0xd4 c:/mounriver/mounriver_studio/toolchain/risc-v embedded gcc/bin/../lib/gcc/riscv-none-embed/8.2.0/../../../../riscv-none-embed/lib/rv32imac/ilp32\libg_nano.a(lib_a-nano-mallocr.o)
                0x000000000000729a                _malloc_r
 .text.__sfputc_r
                0x000000000000736e       0x2a c:/mounriver/mounriver_studio/toolchain/risc-v embedded gcc/bin/../lib/gcc/riscv-none-embed/8.2.0/../../../../riscv-none-embed/lib/rv32imac/ilp32\libg_nano.a(lib_a-nano-vfprintf.o)
 .text.__sfputs_r
                0x0000000000007398       0x44 c:/mounriver/mounriver_studio/toolchain/risc-v embedded gcc/bin/../lib/gcc/riscv-none-embed/8.2.0/../../../../riscv-none-embed/lib/rv32imac/ilp32\libg_nano.a(lib_a-nano-vfprintf.o)
                0x0000000000007398                __sfputs_r
 .text._vfprintf_r
                0x00000000000073dc      0x29c c:/mounriver/mounriver_studio/toolchain/risc-v embedded gcc/bin/../lib/gcc/riscv-none-embed/8.2.0/../../../../riscv-none-embed/lib/rv32imac/ilp32\libg_nano.a(lib_a-nano-vfprintf.o)
                0x00000000000073dc                _vfprintf_r
                0x00000000000073dc                _vfiprintf_r
 .text._printf_common
                0x0000000000007678      0x10c c:/mounriver/mounriver_studio/toolchain/risc-v embedded gcc/bin/../lib/gcc/riscv-none-embed/8.2.0/../../../../riscv-none-embed/lib/rv32imac/ilp32\libg_nano.a(lib_a-nano-vfprintf_i.o)
                0x0000000000007678                _printf_common
 .text._printf_i
                0x0000000000007784      0x2aa c:/mounriver/mounriver_studio/toolchain/risc-v embedded gcc/bin/../lib/gcc/riscv-none-embed/8.2.0/../../../../riscv-none-embed/lib/rv32imac/ilp32\libg_nano.a(lib_a-nano-vfprintf_i.o)
                0x0000000000007784                _printf_i
 .text._sbrk_r  0x0000000000007a2e       0x28 c:/mounriver/mounriver_studio/toolchain/risc-v embedded gcc/bin/../lib/gcc/riscv-none-embed/8.2.0/../../../../riscv-none-embed/lib/rv32imac/ilp32\libg_nano.a(lib_a-sbrkr.o)
                0x0000000000007a2e                _sbrk_r
 .text.__sread  0x0000000000007a56       0x30 c:/mounriver/mounriver_studio/toolchain/risc-v embedded gcc/bin/../lib/gcc/riscv-none-embed/8.2.0/../../../../riscv-none-embed/lib/rv32imac/ilp32\libg_nano.a(lib_a-stdio.o)
                0x0000000000007a56                __sread
 .text.__swrite
                0x0000000000007a86       0x4e c:/mounriver/mounriver_studio/toolchain/risc-v embedded gcc/bin/../lib/gcc/riscv-none-embed/8.2.0/../../../../riscv-none-embed/lib/rv32imac/ilp32\libg_nano.a(lib_a-stdio.o)
                0x0000000000007a86                __swrite
 .text.__sseek  0x0000000000007ad4       0x36 c:/mounriver/mounriver_studio/toolchain/risc-v embedded gcc/bin/../lib/gcc/riscv-none-embed/8.2.0/../../../../riscv-none-embed/lib/rv32imac/ilp32\libg_nano.a(lib_a-stdio.o)
                0x0000000000007ad4                __sseek
 .text.__sclose
                0x0000000000007b0a        0x6 c:/mounriver/mounriver_studio/toolchain/risc-v embedded gcc/bin/../lib/gcc/riscv-none-embed/8.2.0/../../../../riscv-none-embed/lib/rv32imac/ilp32\libg_nano.a(lib_a-stdio.o)
                0x0000000000007b0a                __sclose
 .text._write_r
                0x0000000000007b10       0x2e c:/mounriver/mounriver_studio/toolchain/risc-v embedded gcc/bin/../lib/gcc/riscv-none-embed/8.2.0/../../../../riscv-none-embed/lib/rv32imac/ilp32\libg_nano.a(lib_a-writer.o)
                0x0000000000007b10                _write_r
 .text._close_r
                0x0000000000007b3e       0x28 c:/mounriver/mounriver_studio/toolchain/risc-v embedded gcc/bin/../lib/gcc/riscv-none-embed/8.2.0/../../../../riscv-none-embed/lib/rv32imac/ilp32\libg_nano.a(lib_a-closer.o)
                0x0000000000007b3e                _close_r
 .text._fstat_r
                0x0000000000007b66       0x2a c:/mounriver/mounriver_studio/toolchain/risc-v embedded gcc/bin/../lib/gcc/riscv-none-embed/8.2.0/../../../../riscv-none-embed/lib/rv32imac/ilp32\libg_nano.a(lib_a-fstatr.o)
                0x0000000000007b66                _fstat_r
 .text._isatty_r
                0x0000000000007b90       0x28 c:/mounriver/mounriver_studio/toolchain/risc-v embedded gcc/bin/../lib/gcc/riscv-none-embed/8.2.0/../../../../riscv-none-embed/lib/rv32imac/ilp32\libg_nano.a(lib_a-isattyr.o)
                0x0000000000007b90                _isatty_r
 .text._lseek_r
                0x0000000000007bb8       0x2c c:/mounriver/mounriver_studio/toolchain/risc-v embedded gcc/bin/../lib/gcc/riscv-none-embed/8.2.0/../../../../riscv-none-embed/lib/rv32imac/ilp32\libg_nano.a(lib_a-lseekr.o)
                0x0000000000007bb8                _lseek_r
 .text.memchr   0x0000000000007be4       0x1a c:/mounriver/mounriver_studio/toolchain/risc-v embedded gcc/bin/../lib/gcc/riscv-none-embed/8.2.0/../../../../riscv-none-embed/lib/rv32imac/ilp32\libg_nano.a(lib_a-memchr.o)
                0x0000000000007be4                memchr
 .text.__malloc_lock
                0x0000000000007bfe        0x2 c:/mounriver/mounriver_studio/toolchain/risc-v embedded gcc/bin/../lib/gcc/riscv-none-embed/8.2.0/../../../../riscv-none-embed/lib/rv32imac/ilp32\libg_nano.a(lib_a-mlock.o)
                0x0000000000007bfe                __malloc_lock
 .text.__malloc_unlock
                0x0000000000007c00        0x2 c:/mounriver/mounriver_studio/toolchain/risc-v embedded gcc/bin/../lib/gcc/riscv-none-embed/8.2.0/../../../../riscv-none-embed/lib/rv32imac/ilp32\libg_nano.a(lib_a-mlock.o)
                0x0000000000007c00                __malloc_unlock
 .text._read_r  0x0000000000007c02       0x2c c:/mounriver/mounriver_studio/toolchain/risc-v embedded gcc/bin/../lib/gcc/riscv-none-embed/8.2.0/../../../../riscv-none-embed/lib/rv32imac/ilp32\libg_nano.a(lib_a-readr.o)
                0x0000000000007c02                _read_r
 .text._close   0x0000000000007c2e        0xc c:/mounriver/mounriver_studio/toolchain/risc-v embedded gcc/bin/../lib/gcc/riscv-none-embed/8.2.0/../../../../riscv-none-embed/lib/rv32imac/ilp32\libnosys.a(close.o)
                0x0000000000007c2e                _close
 .text._fstat   0x0000000000007c3a        0xc c:/mounriver/mounriver_studio/toolchain/risc-v embedded gcc/bin/../lib/gcc/riscv-none-embed/8.2.0/../../../../riscv-none-embed/lib/rv32imac/ilp32\libnosys.a(fstat.o)
                0x0000000000007c3a                _fstat
 .text._isatty  0x0000000000007c46        0xc c:/mounriver/mounriver_studio/toolchain/risc-v embedded gcc/bin/../lib/gcc/riscv-none-embed/8.2.0/../../../../riscv-none-embed/lib/rv32imac/ilp32\libnosys.a(isatty.o)
                0x0000000000007c46                _isatty
 .text._lseek   0x0000000000007c52        0xc c:/mounriver/mounriver_studio/toolchain/risc-v embedded gcc/bin/../lib/gcc/riscv-none-embed/8.2.0/../../../../riscv-none-embed/lib/rv32imac/ilp32\libnosys.a(lseek.o)
                0x0000000000007c52                _lseek
 .text._read    0x0000000000007c5e        0xc c:/mounriver/mounriver_studio/toolchain/risc-v embedded gcc/bin/../lib/gcc/riscv-none-embed/8.2.0/../../../../riscv-none-embed/lib/rv32imac/ilp32\libnosys.a(read.o)
                0x0000000000007c5e                _read
 .text._sbrk    0x0000000000007c6a       0x20 c:/mounriver/mounriver_studio/toolchain/risc-v embedded gcc/bin/../lib/gcc/riscv-none-embed/8.2.0/../../../../riscv-none-embed/lib/rv32imac/ilp32\libnosys.a(sbrk.o)
                0x0000000000007c6a                _sbrk
 *(.rodata)
 *(.rodata*)
 *fill*         0x0000000000007c8a        0x2 
 .rodata.check_fs.str1.4
                0x0000000000007c8c        0xa ./User/ff.o
 *fill*         0x0000000000007c96        0x2 
 .rodata.cst.2272
                0x0000000000007c98        0xe ./User/ff.o
 *fill*         0x0000000000007ca6        0x2 
 .rodata.cst32.2273
                0x0000000000007ca8        0xe ./User/ff.o
 *fill*         0x0000000000007cb6        0x2 
 .rodata.defopt.2274
                0x0000000000007cb8       0x10 ./User/ff.o
 .rodata.f_mkfs.str1.4
                0x0000000000007cc8       0x34 ./User/ff.o
 .rodata.follow_path.str1.4
                0x0000000000007cfc        0xf ./User/ff.o
 *fill*         0x0000000000007d0b        0x1 
 .rodata.Audio_Init.str1.4
                0x0000000000007d0c       0x77 ./User/main.o
 *fill*         0x0000000000007d83        0x1 
 .rodata.EXTI0_IRQHandler.str1.4
                0x0000000000007d84        0xc ./User/main.o
 .rodata.EXTI1_IRQHandler.str1.4
                0x0000000000007d90        0xa ./User/main.o
 *fill*         0x0000000000007d9a        0x2 
 .rodata.EXTI2_IRQHandler.str1.4
                0x0000000000007d9c        0xa ./User/main.o
 *fill*         0x0000000000007da6        0x2 
 .rodata.EXTI3_IRQHandler.str1.4
                0x0000000000007da8        0x8 ./User/main.o
 .rodata.TIM1_UP_IRQHandler.str1.4
                0x0000000000007db0       0x5d ./User/main.o
 *fill*         0x0000000000007e0d        0x3 
 .rodata.USART2_IRQHandler.str1.4
                0x0000000000007e10       0x94 ./User/main.o
 .rodata.VideoNVICInit.str1.4
                0x0000000000007ea4       0x2b ./User/main.o
 *fill*         0x0000000000007ecf        0x1 
 .rodata.VideoSet.str1.4
                0x0000000000007ed0       0x14 ./User/main.o
 .rodata.main.str1.4
                0x0000000000007ee4       0x28 ./User/main.o
 .rodata.str1.4
                0x0000000000007f0c       0x5e ./User/main.o
 *fill*         0x0000000000007f6a        0x2 
 .rodata.__clz_tab
                0x0000000000007f6c      0x100 c:/mounriver/mounriver_studio/toolchain/risc-v embedded gcc/bin/../lib/gcc/riscv-none-embed/8.2.0/rv32imac/ilp32\libgcc.a(_clz.o)
                0x0000000000007f6c                __clz_tab
 .rodata.__sf_fake_stderr
                0x000000000000806c       0x20 c:/mounriver/mounriver_studio/toolchain/risc-v embedded gcc/bin/../lib/gcc/riscv-none-embed/8.2.0/../../../../riscv-none-embed/lib/rv32imac/ilp32\libg_nano.a(lib_a-findfp.o)
                0x000000000000806c                __sf_fake_stderr
 .rodata.__sf_fake_stdin
                0x000000000000808c       0x20 c:/mounriver/mounriver_studio/toolchain/risc-v embedded gcc/bin/../lib/gcc/riscv-none-embed/8.2.0/../../../../riscv-none-embed/lib/rv32imac/ilp32\libg_nano.a(lib_a-findfp.o)
                0x000000000000808c                __sf_fake_stdin
 .rodata.__sf_fake_stdout
                0x00000000000080ac       0x20 c:/mounriver/mounriver_studio/toolchain/risc-v embedded gcc/bin/../lib/gcc/riscv-none-embed/8.2.0/../../../../riscv-none-embed/lib/rv32imac/ilp32\libg_nano.a(lib_a-findfp.o)
                0x00000000000080ac                __sf_fake_stdout
 .rodata._vfprintf_r.str1.4
                0x00000000000080cc       0x13 c:/mounriver/mounriver_studio/toolchain/risc-v embedded gcc/bin/../lib/gcc/riscv-none-embed/8.2.0/../../../../riscv-none-embed/lib/rv32imac/ilp32\libg_nano.a(lib_a-nano-vfprintf.o)
 *fill*         0x00000000000080df        0x1 
 .rodata._printf_i.str1.4
                0x00000000000080e0       0x28 c:/mounriver/mounriver_studio/toolchain/risc-v embedded gcc/bin/../lib/gcc/riscv-none-embed/8.2.0/../../../../riscv-none-embed/lib/rv32imac/ilp32\libg_nano.a(lib_a-nano-vfprintf_i.o)
                                         0x25 (size before relaxing)
 *(.glue_7)
 *(.glue_7t)
 *(.gnu.linkonce.t.*)
                0x0000000000008108                . = ALIGN (0x4)

.rela.dyn       0x0000000000008108        0x0
 .rela.text.disk_ioctl
                0x0000000000008108        0x0 ./User/IIC.o
 .rela.text.Audio_Init
                0x0000000000008108        0x0 ./User/IIC.o
 .rela.text.VideoNVICInit
                0x0000000000008108        0x0 ./User/IIC.o
 .rela.text.VideoSet
                0x0000000000008108        0x0 ./User/IIC.o
 .rela.text.AudioSet
                0x0000000000008108        0x0 ./User/IIC.o
 .rela.text.startup.main
                0x0000000000008108        0x0 ./User/IIC.o
 .rela.text.TIM1_UP_IRQHandler
                0x0000000000008108        0x0 ./User/IIC.o
 .rela.text.EXTI1_IRQHandler
                0x0000000000008108        0x0 ./User/IIC.o
 .rela.text.EXTI2_IRQHandler
                0x0000000000008108        0x0 ./User/IIC.o
 .rela.text.EXTI3_IRQHandler
                0x0000000000008108        0x0 ./User/IIC.o
 .rela.text.USART2_IRQHandler
                0x0000000000008108        0x0 ./User/IIC.o
 .rela.text.SD_SelectDeselect
                0x0000000000008108        0x0 ./User/IIC.o
 .rela.text.SD_ProcessIRQSrc
                0x0000000000008108        0x0 ./User/IIC.o
 .rela.text.SD_PowerON
                0x0000000000008108        0x0 ./User/IIC.o
 .rela.text.SD_InitializeCards
                0x0000000000008108        0x0 ./User/IIC.o
 .rela.text.IsCardProgramming
                0x0000000000008108        0x0 ./User/IIC.o
 .rela.text.FindSCR
                0x0000000000008108        0x0 ./User/IIC.o
 .rela.text.SDEnWideBus
                0x0000000000008108        0x0 ./User/IIC.o
 .rela.text.SD_Init
                0x0000000000008108        0x0 ./User/IIC.o
 .rela.text.SD_ReadBlock
                0x0000000000008108        0x0 ./User/IIC.o
 .rela.text.SD_ReadMultiBlocks
                0x0000000000008108        0x0 ./User/IIC.o
 .rela.text.SD_WriteBlock
                0x0000000000008108        0x0 ./User/IIC.o
 .rela.text.SD_WriteMultiBlocks
                0x0000000000008108        0x0 ./User/IIC.o
 .rela.text.SD_ReadDisk
                0x0000000000008108        0x0 ./User/IIC.o
 .rela.text.SD_WriteDisk
                0x0000000000008108        0x0 ./User/IIC.o
 .rela.init     0x0000000000008108        0x0 ./User/IIC.o
 .rela.vector   0x0000000000008108        0x0 ./User/IIC.o
 .rela.text.handle_reset
                0x0000000000008108        0x0 ./User/IIC.o
 .rela.text._vfprintf_r
                0x0000000000008108        0x0 ./User/IIC.o
 .rela.text._sbrk_r
                0x0000000000008108        0x0 ./User/IIC.o
 .rela.text._write_r
                0x0000000000008108        0x0 ./User/IIC.o
 .rela.text._close_r
                0x0000000000008108        0x0 ./User/IIC.o
 .rela.text._fstat_r
                0x0000000000008108        0x0 ./User/IIC.o
 .rela.text._isatty_r
                0x0000000000008108        0x0 ./User/IIC.o
 .rela.text._lseek_r
                0x0000000000008108        0x0 ./User/IIC.o
 .rela.text._read_r
                0x0000000000008108        0x0 ./User/IIC.o
 .rela.text._close
                0x0000000000008108        0x0 ./User/IIC.o
 .rela.text._fstat
                0x0000000000008108        0x0 ./User/IIC.o
 .rela.text._isatty
                0x0000000000008108        0x0 ./User/IIC.o
 .rela.text._lseek
                0x0000000000008108        0x0 ./User/IIC.o
 .rela.text._read
                0x0000000000008108        0x0 ./User/IIC.o
 .rela.text._sbrk
                0x0000000000008108        0x0 ./User/IIC.o

.fini           0x0000000000008108        0x0
 *(SORT_NONE(.fini))
                0x0000000000008108                . = ALIGN (0x4)
                [!provide]                        PROVIDE (_etext = .)
                [!provide]                        PROVIDE (_eitcm = .)

.preinit_array  0x0000000000008108        0x0
                [!provide]                        PROVIDE (__preinit_array_start = .)
 *(.preinit_array)
                [!provide]                        PROVIDE (__preinit_array_end = .)

.init_array     0x0000000000008108        0x0
                [!provide]                        PROVIDE (__init_array_start = .)
 *(SORT_BY_INIT_PRIORITY(.init_array.*) SORT_BY_INIT_PRIORITY(.ctors.*))
 *(.init_array EXCLUDE_FILE(*crtend?.o *crtend.o *crtbegin?.o *crtbegin.o) .ctors)
                [!provide]                        PROVIDE (__init_array_end = .)

.fini_array     0x0000000000008108        0x0
                [!provide]                        PROVIDE (__fini_array_start = .)
 *(SORT_BY_INIT_PRIORITY(.fini_array.*) SORT_BY_INIT_PRIORITY(.dtors.*))
 *(.fini_array EXCLUDE_FILE(*crtend?.o *crtend.o *crtbegin?.o *crtbegin.o) .dtors)
                [!provide]                        PROVIDE (__fini_array_end = .)

.ctors
 *crtbegin.o(.ctors)
 *crtbegin?.o(.ctors)
 *(EXCLUDE_FILE(*crtend?.o *crtend.o) .ctors)
 *(SORT_BY_NAME(.ctors.*))
 *(.ctors)

.dtors
 *crtbegin.o(.dtors)
 *crtbegin?.o(.dtors)
 *(EXCLUDE_FILE(*crtend?.o *crtend.o) .dtors)
 *(SORT_BY_NAME(.dtors.*))
 *(.dtors)

.dalign         0x0000000020000000        0x0 load address 0x0000000000008108
                0x0000000020000000                . = ALIGN (0x4)
                0x0000000020000000                PROVIDE (_data_vma = .)

.dlalign        0x0000000000008108        0x0
                0x0000000000008108                . = ALIGN (0x4)
                0x0000000000008108                PROVIDE (_data_lma = .)

.data           0x0000000020000000     0x95f8 load address 0x0000000000008108
 *(.gnu.linkonce.r.*)
 *(.data .data.*)
 .data.audio_paths
                0x0000000020000000       0x10 ./User/main.o
                0x0000000020000000                audio_paths
 .data.audiobuffer
                0x0000000020000010     0x1554 ./User/main.o
                0x0000000020000010                audiobuffer
 .data.framebuffer
                0x0000000020001564     0x8000 ./User/main.o
                0x0000000020001564                framebuffer
 .data.video_paths
                0x0000000020009564       0x10 ./User/main.o
                0x0000000020009564                video_paths
 .data.APBAHBPrescTable
                0x0000000020009574       0x10 ./Peripheral/src/ch32v30x_rcc.o
 .data.impure_data
                0x0000000020009584       0x60 c:/mounriver/mounriver_studio/toolchain/risc-v embedded gcc/bin/../lib/gcc/riscv-none-embed/8.2.0/../../../../riscv-none-embed/lib/rv32imac/ilp32\libg_nano.a(lib_a-impure.o)
 *(.gnu.linkonce.d.*)
                0x00000000200095e8                . = ALIGN (0x8)
 *fill*         0x00000000200095e4        0x4 
                0x0000000020009de8                PROVIDE (__global_pointer$ = (. + 0x800))
 *(.sdata .sdata.*)
 .sdata.SystemCoreClock
                0x00000000200095e8        0x4 ./User/system_ch32v30x.o
                0x00000000200095e8                SystemCoreClock
 .sdata.ADCPrescTable
                0x00000000200095ec        0x4 ./Peripheral/src/ch32v30x_rcc.o
 .sdata._impure_ptr
                0x00000000200095f0        0x4 c:/mounriver/mounriver_studio/toolchain/risc-v embedded gcc/bin/../lib/gcc/riscv-none-embed/8.2.0/../../../../riscv-none-embed/lib/rv32imac/ilp32\libg_nano.a(lib_a-impure.o)
                0x00000000200095f0                _impure_ptr
 *(.sdata2.*)
 .sdata2._global_impure_ptr
                0x00000000200095f4        0x4 c:/mounriver/mounriver_studio/toolchain/risc-v embedded gcc/bin/../lib/gcc/riscv-none-embed/8.2.0/../../../../riscv-none-embed/lib/rv32imac/ilp32\libg_nano.a(lib_a-impure.o)
                0x00000000200095f4                _global_impure_ptr
 *(.gnu.linkonce.s.*)
                0x00000000200095f8                . = ALIGN (0x8)
 *(.srodata.cst16)
 *(.srodata.cst8)
 *(.srodata.cst4)
 *(.srodata.cst2)
 *(.srodata .srodata.*)
                0x00000000200095f8                . = ALIGN (0x4)
                0x00000000200095f8                PROVIDE (_edata = .)

.bss            0x00000000200095f8      0xe1c load address 0x0000000000011700
                0x00000000200095f8                . = ALIGN (0x4)
                0x00000000200095f8                PROVIDE (_sbss = .)
 *(.sbss*)
 .sbss.Fsid     0x00000000200095f8        0x2 ./User/ff.o
 *fill*         0x00000000200095fa        0x2 
 .sbss.Receive_Flag
                0x00000000200095fc        0x4 ./User/main.o
                0x00000000200095fc                Receive_Flag
 .sbss.Receive_sum
                0x0000000020009600        0x4 ./User/main.o
                0x0000000020009600                Receive_sum
 .sbss.path_index
                0x0000000020009604        0x4 ./User/main.o
                0x0000000020009604                path_index
 .sbss.play_flag
                0x0000000020009608        0x4 ./User/main.o
                0x0000000020009608                play_flag
 .sbss.CardType
                0x000000002000960c        0x1 ./User/sdio.o
 .sbss.DeviceMode
                0x000000002000960d        0x1 ./User/sdio.o
 *fill*         0x000000002000960e        0x2 
 .sbss.RCA      0x0000000020009610        0x4 ./User/sdio.o
 .sbss.StopCondition
                0x0000000020009614        0x1 ./User/sdio.o
 .sbss.TransferEnd
                0x0000000020009615        0x1 ./User/sdio.o
                0x0000000020009615                TransferEnd
 *fill*         0x0000000020009616        0x2 
 .sbss.TransferError
                0x0000000020009618        0x4 ./User/sdio.o
                0x0000000020009618                TransferError
 .sbss.NVIC_Priority_Group
                0x000000002000961c        0x4 ./Peripheral/src/ch32v30x_misc.o
                0x000000002000961c                NVIC_Priority_Group
 .sbss.p_ms     0x0000000020009620        0x2 ./Debug/debug.o
 .sbss.p_us     0x0000000020009622        0x1 ./Debug/debug.o
 *fill*         0x0000000020009623        0x1 
 .sbss.__malloc_free_list
                0x0000000020009624        0x4 c:/mounriver/mounriver_studio/toolchain/risc-v embedded gcc/bin/../lib/gcc/riscv-none-embed/8.2.0/../../../../riscv-none-embed/lib/rv32imac/ilp32\libg_nano.a(lib_a-nano-mallocr.o)
                0x0000000020009624                __malloc_free_list
 .sbss.__malloc_sbrk_start
                0x0000000020009628        0x4 c:/mounriver/mounriver_studio/toolchain/risc-v embedded gcc/bin/../lib/gcc/riscv-none-embed/8.2.0/../../../../riscv-none-embed/lib/rv32imac/ilp32\libg_nano.a(lib_a-nano-mallocr.o)
                0x0000000020009628                __malloc_sbrk_start
 .sbss.heap_end.1518
                0x000000002000962c        0x4 c:/mounriver/mounriver_studio/toolchain/risc-v embedded gcc/bin/../lib/gcc/riscv-none-embed/8.2.0/../../../../riscv-none-embed/lib/rv32imac/ilp32\libnosys.a(sbrk.o)
 *(.gnu.linkonce.sb.*)
 *(.bss*)
 .bss.FatFs     0x0000000020009630        0xc ./User/ff.o
 .bss.CID_Tab   0x000000002000963c       0x10 ./User/sdio.o
 .bss.CSD_Tab   0x000000002000964c       0x10 ./User/sdio.o
 *(.gnu.linkonce.b.*)
 *(COMMON*)
 COMMON         0x000000002000965c      0xb14 ./User/main.o
                0x000000002000965c                USART_ReceiveString
                0x0000000020009668                fs
                0x0000000020009898                audio_fil
                0x0000000020009ac0                videopath
                0x0000000020009ac4                audiopath
                0x0000000020009ac8                audio_inf
                0x0000000020009af4                framenumber
                0x0000000020009af8                fnew
                0x0000000020009d20                audio_br
                0x0000000020009d24                video_path
                0x0000000020009d28                video_br
                0x0000000020009d2c                audio_path
                0x0000000020009d30                video_fil
                0x0000000020009f58                res
                0x0000000020009f5c                fnum
                0x0000000020009f60                videooffset
                0x0000000020009f64                audio_offset
                0x0000000020009f68                res_sd
                0x0000000020009f6c                work
                0x000000002000a16c                file_size
 COMMON         0x000000002000a170      0x2a0 ./User/sdio.o
                0x000000002000a170                SDIO_CmdInitStructure
                0x000000002000a184                SDIO_DATA_BUFFER
                0x000000002000a384                tempbuff
                0x000000002000a388                SDCardInfo
                0x000000002000a3e0                SDIO_InitStructure
                0x000000002000a3f8                SDIO_DataInitStructure
 COMMON         0x000000002000a410        0x4 c:/mounriver/mounriver_studio/toolchain/risc-v embedded gcc/bin/../lib/gcc/riscv-none-embed/8.2.0/../../../../riscv-none-embed/lib/rv32imac/ilp32\libg_nano.a(lib_a-reent.o)
                0x000000002000a410                errno
                0x000000002000a414                . = ALIGN (0x4)
                0x000000002000a414                PROVIDE (_ebss = .)
                [!provide]                        PROVIDE (_end = _ebss)
                0x000000002000a414                PROVIDE (end = .)

.stack          0x000000002001f800      0x800
                0x000000002001f800                . = ALIGN (0x4)
                [!provide]                        PROVIDE (_susrstack = .)
                0x0000000020020000                . = (. + __stack_size)
 *fill*         0x000000002001f800      0x800 
                0x0000000020020000                PROVIDE (_eusrstack = .)
OUTPUT(ÆÆ²ú°æMP4.elf elf32-littleriscv)

.debug_info     0x0000000000000000    0x20abe
 .debug_info    0x0000000000000000      0xd8c ./User/IIC.o
 .debug_info    0x0000000000000d8c      0x962 ./User/ch32v30x_it.o
 .debug_info    0x00000000000016ee      0xf46 ./User/diskio.o
 .debug_info    0x0000000000002634     0x1407 ./User/es8388.o
 .debug_info    0x0000000000003a3b     0x42d4 ./User/ff.o
 .debug_info    0x0000000000007d0f     0x2a72 ./User/lcd.o
 .debug_info    0x000000000000a781     0x2fef ./User/main.o
 .debug_info    0x000000000000d770     0x3588 ./User/sdio.o
 .debug_info    0x0000000000010cf8      0xc0a ./User/system_ch32v30x.o
 .debug_info    0x0000000000011902     0x1b21 ./User/videoplay.o
 .debug_info    0x0000000000013423       0x22 ./Startup/startup_ch32v30x.o
 .debug_info    0x0000000000013445      0xd13 ./Peripheral/src/ch32v30x_dma.o
 .debug_info    0x0000000000014158      0xc0d ./Peripheral/src/ch32v30x_exti.o
 .debug_info    0x0000000000014d65     0x10c3 ./Peripheral/src/ch32v30x_gpio.o
 .debug_info    0x0000000000015e28     0x147e ./Peripheral/src/ch32v30x_i2c.o
 .debug_info    0x00000000000172a6      0xf6a ./Peripheral/src/ch32v30x_misc.o
 .debug_info    0x0000000000018210     0x1557 ./Peripheral/src/ch32v30x_rcc.o
 .debug_info    0x0000000000019767     0x10d1 ./Peripheral/src/ch32v30x_sdio.o
 .debug_info    0x000000000001a838     0x12ae ./Peripheral/src/ch32v30x_spi.o
 .debug_info    0x000000000001bae6     0x2a18 ./Peripheral/src/ch32v30x_tim.o
 .debug_info    0x000000000001e4fe     0x13d1 ./Peripheral/src/ch32v30x_usart.o
 .debug_info    0x000000000001f8cf     0x11ef ./Debug/debug.o

.debug_abbrev   0x0000000000000000     0x44e3
 .debug_abbrev  0x0000000000000000      0x280 ./User/IIC.o
 .debug_abbrev  0x0000000000000280      0x1cf ./User/ch32v30x_it.o
 .debug_abbrev  0x000000000000044f      0x2cf ./User/diskio.o
 .debug_abbrev  0x000000000000071e      0x346 ./User/es8388.o
 .debug_abbrev  0x0000000000000a64      0x388 ./User/ff.o
 .debug_abbrev  0x0000000000000dec      0x427 ./User/lcd.o
 .debug_abbrev  0x0000000000001213      0x46e ./User/main.o
 .debug_abbrev  0x0000000000001681      0x51e ./User/sdio.o
 .debug_abbrev  0x0000000000001b9f      0x2c0 ./User/system_ch32v30x.o
 .debug_abbrev  0x0000000000001e5f      0x2b4 ./User/videoplay.o
 .debug_abbrev  0x0000000000002113       0x12 ./Startup/startup_ch32v30x.o
 .debug_abbrev  0x0000000000002125      0x2fd ./Peripheral/src/ch32v30x_dma.o
 .debug_abbrev  0x0000000000002422      0x2da ./Peripheral/src/ch32v30x_exti.o
 .debug_abbrev  0x00000000000026fc      0x31a ./Peripheral/src/ch32v30x_gpio.o
 .debug_abbrev  0x0000000000002a16      0x3aa ./Peripheral/src/ch32v30x_i2c.o
 .debug_abbrev  0x0000000000002dc0      0x2d9 ./Peripheral/src/ch32v30x_misc.o
 .debug_abbrev  0x0000000000003099      0x351 ./Peripheral/src/ch32v30x_rcc.o
 .debug_abbrev  0x00000000000033ea      0x385 ./Peripheral/src/ch32v30x_sdio.o
 .debug_abbrev  0x000000000000376f      0x325 ./Peripheral/src/ch32v30x_spi.o
 .debug_abbrev  0x0000000000003a94      0x421 ./Peripheral/src/ch32v30x_tim.o
 .debug_abbrev  0x0000000000003eb5      0x325 ./Peripheral/src/ch32v30x_usart.o
 .debug_abbrev  0x00000000000041da      0x309 ./Debug/debug.o

.debug_loc      0x0000000000000000     0xccda
 .debug_loc     0x0000000000000000       0x4d ./User/IIC.o
 .debug_loc     0x000000000000004d      0x2e4 ./User/diskio.o
 .debug_loc     0x0000000000000331      0x224 ./User/es8388.o
 .debug_loc     0x0000000000000555     0x486c ./User/ff.o
 .debug_loc     0x0000000000004dc1     0x171c ./User/lcd.o
 .debug_loc     0x00000000000064dd      0x396 ./User/main.o
 .debug_loc     0x0000000000006873     0x1aee ./User/sdio.o
 .debug_loc     0x0000000000008361      0x11a ./User/system_ch32v30x.o
 .debug_loc     0x000000000000847b       0xe8 ./User/videoplay.o
 .debug_loc     0x0000000000008563      0x19a ./Peripheral/src/ch32v30x_dma.o
 .debug_loc     0x00000000000086fd      0x181 ./Peripheral/src/ch32v30x_exti.o
 .debug_loc     0x000000000000887e      0x647 ./Peripheral/src/ch32v30x_gpio.o
 .debug_loc     0x0000000000008ec5      0x726 ./Peripheral/src/ch32v30x_i2c.o
 .debug_loc     0x00000000000095eb       0xce ./Peripheral/src/ch32v30x_misc.o
 .debug_loc     0x00000000000096b9      0xa5c ./Peripheral/src/ch32v30x_rcc.o
 .debug_loc     0x000000000000a115      0x1bb ./Peripheral/src/ch32v30x_sdio.o
 .debug_loc     0x000000000000a2d0      0x5e2 ./Peripheral/src/ch32v30x_spi.o
 .debug_loc     0x000000000000a8b2     0x1b0c ./Peripheral/src/ch32v30x_tim.o
 .debug_loc     0x000000000000c3be      0x7ad ./Peripheral/src/ch32v30x_usart.o
 .debug_loc     0x000000000000cb6b      0x16f ./Debug/debug.o

.debug_aranges  0x0000000000000000      0xf88
 .debug_aranges
                0x0000000000000000       0x20 ./User/IIC.o
 .debug_aranges
                0x0000000000000020       0x28 ./User/ch32v30x_it.o
 .debug_aranges
                0x0000000000000048       0x48 ./User/diskio.o
 .debug_aranges
                0x0000000000000090       0x60 ./User/es8388.o
 .debug_aranges
                0x00000000000000f0      0x170 ./User/ff.o
 .debug_aranges
                0x0000000000000260       0xc8 ./User/lcd.o
 .debug_aranges
                0x0000000000000328       0xb0 ./User/main.o
 .debug_aranges
                0x00000000000003d8      0x108 ./User/sdio.o
 .debug_aranges
                0x00000000000004e0       0x28 ./User/system_ch32v30x.o
 .debug_aranges
                0x0000000000000508       0x40 ./User/videoplay.o
 .debug_aranges
                0x0000000000000548       0x30 ./Startup/startup_ch32v30x.o
 .debug_aranges
                0x0000000000000578       0x60 ./Peripheral/src/ch32v30x_dma.o
 .debug_aranges
                0x00000000000005d8       0x50 ./Peripheral/src/ch32v30x_exti.o
 .debug_aranges
                0x0000000000000628       0xa8 ./Peripheral/src/ch32v30x_gpio.o
 .debug_aranges
                0x00000000000006d0      0x110 ./Peripheral/src/ch32v30x_i2c.o
 .debug_aranges
                0x00000000000007e0       0x28 ./Peripheral/src/ch32v30x_misc.o
 .debug_aranges
                0x0000000000000808      0x1a8 ./Peripheral/src/ch32v30x_rcc.o
 .debug_aranges
                0x00000000000009b0       0xf8 ./Peripheral/src/ch32v30x_sdio.o
 .debug_aranges
                0x0000000000000aa8       0xd0 ./Peripheral/src/ch32v30x_spi.o
 .debug_aranges
                0x0000000000000b78      0x2d0 ./Peripheral/src/ch32v30x_tim.o
 .debug_aranges
                0x0000000000000e48      0x100 ./Peripheral/src/ch32v30x_usart.o
 .debug_aranges
                0x0000000000000f48       0x40 ./Debug/debug.o

.debug_ranges   0x0000000000000000     0x1488
 .debug_ranges  0x0000000000000000       0x10 ./User/IIC.o
 .debug_ranges  0x0000000000000010       0x18 ./User/ch32v30x_it.o
 .debug_ranges  0x0000000000000028       0x38 ./User/diskio.o
 .debug_ranges  0x0000000000000060       0x88 ./User/es8388.o
 .debug_ranges  0x00000000000000e8      0x598 ./User/ff.o
 .debug_ranges  0x0000000000000680      0x120 ./User/lcd.o
 .debug_ranges  0x00000000000007a0      0x188 ./User/main.o
 .debug_ranges  0x0000000000000928       0xf8 ./User/sdio.o
 .debug_ranges  0x0000000000000a20       0x38 ./User/system_ch32v30x.o
 .debug_ranges  0x0000000000000a58       0x30 ./User/videoplay.o
 .debug_ranges  0x0000000000000a88       0x28 ./Startup/startup_ch32v30x.o
 .debug_ranges  0x0000000000000ab0       0x50 ./Peripheral/src/ch32v30x_dma.o
 .debug_ranges  0x0000000000000b00       0x40 ./Peripheral/src/ch32v30x_exti.o
 .debug_ranges  0x0000000000000b40       0x98 ./Peripheral/src/ch32v30x_gpio.o
 .debug_ranges  0x0000000000000bd8      0x100 ./Peripheral/src/ch32v30x_i2c.o
 .debug_ranges  0x0000000000000cd8       0x48 ./Peripheral/src/ch32v30x_misc.o
 .debug_ranges  0x0000000000000d20      0x198 ./Peripheral/src/ch32v30x_rcc.o
 .debug_ranges  0x0000000000000eb8       0xe8 ./Peripheral/src/ch32v30x_sdio.o
 .debug_ranges  0x0000000000000fa0       0xc0 ./Peripheral/src/ch32v30x_spi.o
 .debug_ranges  0x0000000000001060      0x308 ./Peripheral/src/ch32v30x_tim.o
 .debug_ranges  0x0000000000001368       0xf0 ./Peripheral/src/ch32v30x_usart.o
 .debug_ranges  0x0000000000001458       0x30 ./Debug/debug.o

.debug_line     0x0000000000000000    0x1ddbd
 .debug_line    0x0000000000000000      0x430 ./User/IIC.o
 .debug_line    0x0000000000000430      0x222 ./User/ch32v30x_it.o
 .debug_line    0x0000000000000652      0x4ad ./User/diskio.o
 .debug_line    0x0000000000000aff      0x9fe ./User/es8388.o
 .debug_line    0x00000000000014fd     0x749f ./User/ff.o
 .debug_line    0x000000000000899c     0x1d33 ./User/lcd.o
 .debug_line    0x000000000000a6cf     0x1e71 ./User/main.o
 .debug_line    0x000000000000c540     0x5505 ./User/sdio.o
 .debug_line    0x0000000000011a45      0x7a2 ./User/system_ch32v30x.o
 .debug_line    0x00000000000121e7      0x934 ./User/videoplay.o
 .debug_line    0x0000000000012b1b      0x358 ./Startup/startup_ch32v30x.o
 .debug_line    0x0000000000012e73      0x9b4 ./Peripheral/src/ch32v30x_dma.o
 .debug_line    0x0000000000013827      0x5b9 ./Peripheral/src/ch32v30x_exti.o
 .debug_line    0x0000000000013de0      0xd30 ./Peripheral/src/ch32v30x_gpio.o
 .debug_line    0x0000000000014b10     0x1148 ./Peripheral/src/ch32v30x_i2c.o
 .debug_line    0x0000000000015c58      0x4b5 ./Peripheral/src/ch32v30x_misc.o
 .debug_line    0x000000000001610d     0x1798 ./Peripheral/src/ch32v30x_rcc.o
 .debug_line    0x00000000000178a5      0xc7e ./Peripheral/src/ch32v30x_sdio.o
 .debug_line    0x0000000000018523      0xd82 ./Peripheral/src/ch32v30x_spi.o
 .debug_line    0x00000000000192a5     0x33f6 ./Peripheral/src/ch32v30x_tim.o
 .debug_line    0x000000000001c69b     0x102c ./Peripheral/src/ch32v30x_usart.o
 .debug_line    0x000000000001d6c7      0x6f6 ./Debug/debug.o

.debug_str      0x0000000000000000     0x4d23
 .debug_str     0x0000000000000000      0x7c7 ./User/IIC.o
                                        0x86a (size before relaxing)
 .debug_str     0x00000000000007c7       0x34 ./User/ch32v30x_it.o
                                        0x59e (size before relaxing)
 .debug_str     0x00000000000007fb      0x368 ./User/diskio.o
                                        0x90a (size before relaxing)
 .debug_str     0x0000000000000b63      0x134 ./User/es8388.o
                                        0x8ea (size before relaxing)
 .debug_str     0x0000000000000c97      0x57e ./User/ff.o
                                        0x7ed (size before relaxing)
 .debug_str     0x0000000000001215      0x34a ./User/lcd.o
                                        0xb0f (size before relaxing)
 .debug_str     0x000000000000155f      0xd21 ./User/main.o
                                       0x1a14 (size before relaxing)
 .debug_str     0x0000000000002280      0xa61 ./User/sdio.o
                                       0x1a84 (size before relaxing)
 .debug_str     0x0000000000002ce1      0x11c ./User/system_ch32v30x.o
                                        0x6d5 (size before relaxing)
 .debug_str     0x0000000000002dfd      0x107 ./User/videoplay.o
                                       0x14cf (size before relaxing)
 .debug_str     0x0000000000002f04       0x2a ./Startup/startup_ch32v30x.o
                                         0x59 (size before relaxing)
 .debug_str     0x0000000000002f2e       0xf3 ./Peripheral/src/ch32v30x_dma.o
                                        0x7db (size before relaxing)
 .debug_str     0x0000000000003021       0xcd ./Peripheral/src/ch32v30x_exti.o
                                        0x775 (size before relaxing)
 .debug_str     0x00000000000030ee      0x218 ./Peripheral/src/ch32v30x_gpio.o
                                        0x959 (size before relaxing)
 .debug_str     0x0000000000003306      0x31c ./Peripheral/src/ch32v30x_i2c.o
                                        0xac8 (size before relaxing)
 .debug_str     0x0000000000003622       0xf1 ./Peripheral/src/ch32v30x_misc.o
                                        0xcb3 (size before relaxing)
 .debug_str     0x0000000000003713      0x50d ./Peripheral/src/ch32v30x_rcc.o
                                        0xca9 (size before relaxing)
 .debug_str     0x0000000000003c20      0x203 ./Peripheral/src/ch32v30x_sdio.o
                                        0xa46 (size before relaxing)
 .debug_str     0x0000000000003e23      0x1d8 ./Peripheral/src/ch32v30x_spi.o
                                        0xa68 (size before relaxing)
 .debug_str     0x0000000000003ffb      0x916 ./Peripheral/src/ch32v30x_tim.o
                                       0x1263 (size before relaxing)
 .debug_str     0x0000000000004911      0x3b9 ./Peripheral/src/ch32v30x_usart.o
                                        0xaff (size before relaxing)
 .debug_str     0x0000000000004cca       0x59 ./Debug/debug.o
                                        0xeb5 (size before relaxing)

.comment        0x0000000000000000       0x33
 .comment       0x0000000000000000       0x33 ./User/IIC.o
                                         0x34 (size before relaxing)
 .comment       0x0000000000000033       0x34 ./User/ch32v30x_it.o
 .comment       0x0000000000000033       0x34 ./User/diskio.o
 .comment       0x0000000000000033       0x34 ./User/es8388.o
 .comment       0x0000000000000033       0x34 ./User/ff.o
 .comment       0x0000000000000033       0x34 ./User/lcd.o
 .comment       0x0000000000000033       0x34 ./User/main.o
 .comment       0x0000000000000033       0x34 ./User/sdio.o
 .comment       0x0000000000000033       0x34 ./User/system_ch32v30x.o
 .comment       0x0000000000000033       0x34 ./User/videoplay.o
 .comment       0x0000000000000033       0x34 ./Peripheral/src/ch32v30x_dma.o
 .comment       0x0000000000000033       0x34 ./Peripheral/src/ch32v30x_exti.o
 .comment       0x0000000000000033       0x34 ./Peripheral/src/ch32v30x_gpio.o
 .comment       0x0000000000000033       0x34 ./Peripheral/src/ch32v30x_i2c.o
 .comment       0x0000000000000033       0x34 ./Peripheral/src/ch32v30x_misc.o
 .comment       0x0000000000000033       0x34 ./Peripheral/src/ch32v30x_rcc.o
 .comment       0x0000000000000033       0x34 ./Peripheral/src/ch32v30x_sdio.o
 .comment       0x0000000000000033       0x34 ./Peripheral/src/ch32v30x_spi.o
 .comment       0x0000000000000033       0x34 ./Peripheral/src/ch32v30x_tim.o
 .comment       0x0000000000000033       0x34 ./Peripheral/src/ch32v30x_usart.o
 .comment       0x0000000000000033       0x34 ./Debug/debug.o

.debug_frame    0x0000000000000000     0x35ec
 .debug_frame   0x0000000000000000       0x48 ./User/IIC.o
 .debug_frame   0x0000000000000048       0x30 ./User/ch32v30x_it.o
 .debug_frame   0x0000000000000078       0xa4 ./User/diskio.o
 .debug_frame   0x000000000000011c      0x118 ./User/es8388.o
 .debug_frame   0x0000000000000234      0x76c ./User/ff.o
 .debug_frame   0x00000000000009a0      0x518 ./User/lcd.o
 .debug_frame   0x0000000000000eb8      0x2c8 ./User/main.o
 .debug_frame   0x0000000000001180      0x4f4 ./User/sdio.o
 .debug_frame   0x0000000000001674       0x3c ./User/system_ch32v30x.o
 .debug_frame   0x00000000000016b0       0xb4 ./User/videoplay.o
 .debug_frame   0x0000000000001764       0xc0 ./Peripheral/src/ch32v30x_dma.o
 .debug_frame   0x0000000000001824       0x90 ./Peripheral/src/ch32v30x_exti.o
 .debug_frame   0x00000000000018b4      0x150 ./Peripheral/src/ch32v30x_gpio.o
 .debug_frame   0x0000000000001a04      0x25c ./Peripheral/src/ch32v30x_i2c.o
 .debug_frame   0x0000000000001c60       0x30 ./Peripheral/src/ch32v30x_misc.o
 .debug_frame   0x0000000000001c90      0x340 ./Peripheral/src/ch32v30x_rcc.o
 .debug_frame   0x0000000000001fd0      0x1f8 ./Peripheral/src/ch32v30x_sdio.o
 .debug_frame   0x00000000000021c8      0x1b8 ./Peripheral/src/ch32v30x_spi.o
 .debug_frame   0x0000000000002380      0x66c ./Peripheral/src/ch32v30x_tim.o
 .debug_frame   0x00000000000029ec      0x210 ./Peripheral/src/ch32v30x_usart.o
 .debug_frame   0x0000000000002bfc       0x9c ./Debug/debug.o
 .debug_frame   0x0000000000002c98       0x20 c:/mounriver/mounriver_studio/toolchain/risc-v embedded gcc/bin/../lib/gcc/riscv-none-embed/8.2.0/../../../../riscv-none-embed/lib/rv32imac/ilp32\libg_nano.a(lib_a-memcpy.o)
 .debug_frame   0x0000000000002cb8       0x54 c:/mounriver/mounriver_studio/toolchain/risc-v embedded gcc/bin/../lib/gcc/riscv-none-embed/8.2.0/../../../../riscv-none-embed/lib/rv32imac/ilp32\libg_nano.a(lib_a-printf.o)
 .debug_frame   0x0000000000002d0c       0x54 c:/mounriver/mounriver_studio/toolchain/risc-v embedded gcc/bin/../lib/gcc/riscv-none-embed/8.2.0/../../../../riscv-none-embed/lib/rv32imac/ilp32\libg_nano.a(lib_a-puts.o)
 .debug_frame   0x0000000000002d60       0x50 c:/mounriver/mounriver_studio/toolchain/risc-v embedded gcc/bin/../lib/gcc/riscv-none-embed/8.2.0/../../../../riscv-none-embed/lib/rv32imac/ilp32\libg_nano.a(lib_a-wbuf.o)
 .debug_frame   0x0000000000002db0       0x3c c:/mounriver/mounriver_studio/toolchain/risc-v embedded gcc/bin/../lib/gcc/riscv-none-embed/8.2.0/../../../../riscv-none-embed/lib/rv32imac/ilp32\libg_nano.a(lib_a-wsetup.o)
 .debug_frame   0x0000000000002dec       0x7c c:/mounriver/mounriver_studio/toolchain/risc-v embedded gcc/bin/../lib/gcc/riscv-none-embed/8.2.0/../../../../riscv-none-embed/lib/rv32imac/ilp32\libg_nano.a(lib_a-fflush.o)
 .debug_frame   0x0000000000002e68      0x148 c:/mounriver/mounriver_studio/toolchain/risc-v embedded gcc/bin/../lib/gcc/riscv-none-embed/8.2.0/../../../../riscv-none-embed/lib/rv32imac/ilp32\libg_nano.a(lib_a-findfp.o)
 .debug_frame   0x0000000000002fb0       0x88 c:/mounriver/mounriver_studio/toolchain/risc-v embedded gcc/bin/../lib/gcc/riscv-none-embed/8.2.0/../../../../riscv-none-embed/lib/rv32imac/ilp32\libg_nano.a(lib_a-fwalk.o)
 .debug_frame   0x0000000000003038       0x64 c:/mounriver/mounriver_studio/toolchain/risc-v embedded gcc/bin/../lib/gcc/riscv-none-embed/8.2.0/../../../../riscv-none-embed/lib/rv32imac/ilp32\libg_nano.a(lib_a-makebuf.o)
 .debug_frame   0x000000000000309c       0x40 c:/mounriver/mounriver_studio/toolchain/risc-v embedded gcc/bin/../lib/gcc/riscv-none-embed/8.2.0/../../../../riscv-none-embed/lib/rv32imac/ilp32\libg_nano.a(lib_a-nano-freer.o)
 .debug_frame   0x00000000000030dc       0x40 c:/mounriver/mounriver_studio/toolchain/risc-v embedded gcc/bin/../lib/gcc/riscv-none-embed/8.2.0/../../../../riscv-none-embed/lib/rv32imac/ilp32\libg_nano.a(lib_a-nano-mallocr.o)
 .debug_frame   0x000000000000311c       0xd0 c:/mounriver/mounriver_studio/toolchain/risc-v embedded gcc/bin/../lib/gcc/riscv-none-embed/8.2.0/../../../../riscv-none-embed/lib/rv32imac/ilp32\libg_nano.a(lib_a-nano-vfprintf.o)
 .debug_frame   0x00000000000031ec       0x8c c:/mounriver/mounriver_studio/toolchain/risc-v embedded gcc/bin/../lib/gcc/riscv-none-embed/8.2.0/../../../../riscv-none-embed/lib/rv32imac/ilp32\libg_nano.a(lib_a-nano-vfprintf_i.o)
 .debug_frame   0x0000000000003278       0x30 c:/mounriver/mounriver_studio/toolchain/risc-v embedded gcc/bin/../lib/gcc/riscv-none-embed/8.2.0/../../../../riscv-none-embed/lib/rv32imac/ilp32\libg_nano.a(lib_a-sbrkr.o)
 .debug_frame   0x00000000000032a8       0xa4 c:/mounriver/mounriver_studio/toolchain/risc-v embedded gcc/bin/../lib/gcc/riscv-none-embed/8.2.0/../../../../riscv-none-embed/lib/rv32imac/ilp32\libg_nano.a(lib_a-stdio.o)
 .debug_frame   0x000000000000334c       0x30 c:/mounriver/mounriver_studio/toolchain/risc-v embedded gcc/bin/../lib/gcc/riscv-none-embed/8.2.0/../../../../riscv-none-embed/lib/rv32imac/ilp32\libg_nano.a(lib_a-writer.o)
 .debug_frame   0x000000000000337c       0x30 c:/mounriver/mounriver_studio/toolchain/risc-v embedded gcc/bin/../lib/gcc/riscv-none-embed/8.2.0/../../../../riscv-none-embed/lib/rv32imac/ilp32\libg_nano.a(lib_a-closer.o)
 .debug_frame   0x00000000000033ac       0x30 c:/mounriver/mounriver_studio/toolchain/risc-v embedded gcc/bin/../lib/gcc/riscv-none-embed/8.2.0/../../../../riscv-none-embed/lib/rv32imac/ilp32\libg_nano.a(lib_a-fstatr.o)
 .debug_frame   0x00000000000033dc       0x30 c:/mounriver/mounriver_studio/toolchain/risc-v embedded gcc/bin/../lib/gcc/riscv-none-embed/8.2.0/../../../../riscv-none-embed/lib/rv32imac/ilp32\libg_nano.a(lib_a-isattyr.o)
 .debug_frame   0x000000000000340c       0x30 c:/mounriver/mounriver_studio/toolchain/risc-v embedded gcc/bin/../lib/gcc/riscv-none-embed/8.2.0/../../../../riscv-none-embed/lib/rv32imac/ilp32\libg_nano.a(lib_a-lseekr.o)
 .debug_frame   0x000000000000343c       0x20 c:/mounriver/mounriver_studio/toolchain/risc-v embedded gcc/bin/../lib/gcc/riscv-none-embed/8.2.0/../../../../riscv-none-embed/lib/rv32imac/ilp32\libg_nano.a(lib_a-memchr.o)
 .debug_frame   0x000000000000345c       0x30 c:/mounriver/mounriver_studio/toolchain/risc-v embedded gcc/bin/../lib/gcc/riscv-none-embed/8.2.0/../../../../riscv-none-embed/lib/rv32imac/ilp32\libg_nano.a(lib_a-mlock.o)
 .debug_frame   0x000000000000348c       0x30 c:/mounriver/mounriver_studio/toolchain/risc-v embedded gcc/bin/../lib/gcc/riscv-none-embed/8.2.0/../../../../riscv-none-embed/lib/rv32imac/ilp32\libg_nano.a(lib_a-readr.o)
 .debug_frame   0x00000000000034bc       0x70 c:/mounriver/mounriver_studio/toolchain/risc-v embedded gcc/bin/../lib/gcc/riscv-none-embed/8.2.0/../../../../riscv-none-embed/lib/rv32imac/ilp32\libg_nano.a(lib_a-reent.o)
 .debug_frame   0x000000000000352c       0x20 c:/mounriver/mounriver_studio/toolchain/risc-v embedded gcc/bin/../lib/gcc/riscv-none-embed/8.2.0/../../../../riscv-none-embed/lib/rv32imac/ilp32\libnosys.a(close.o)
 .debug_frame   0x000000000000354c       0x20 c:/mounriver/mounriver_studio/toolchain/risc-v embedded gcc/bin/../lib/gcc/riscv-none-embed/8.2.0/../../../../riscv-none-embed/lib/rv32imac/ilp32\libnosys.a(fstat.o)
 .debug_frame   0x000000000000356c       0x20 c:/mounriver/mounriver_studio/toolchain/risc-v embedded gcc/bin/../lib/gcc/riscv-none-embed/8.2.0/../../../../riscv-none-embed/lib/rv32imac/ilp32\libnosys.a(isatty.o)
 .debug_frame   0x000000000000358c       0x20 c:/mounriver/mounriver_studio/toolchain/risc-v embedded gcc/bin/../lib/gcc/riscv-none-embed/8.2.0/../../../../riscv-none-embed/lib/rv32imac/ilp32\libnosys.a(lseek.o)
 .debug_frame   0x00000000000035ac       0x20 c:/mounriver/mounriver_studio/toolchain/risc-v embedded gcc/bin/../lib/gcc/riscv-none-embed/8.2.0/../../../../riscv-none-embed/lib/rv32imac/ilp32\libnosys.a(read.o)
 .debug_frame   0x00000000000035cc       0x20 c:/mounriver/mounriver_studio/toolchain/risc-v embedded gcc/bin/../lib/gcc/riscv-none-embed/8.2.0/../../../../riscv-none-embed/lib/rv32imac/ilp32\libnosys.a(sbrk.o)

.stab           0x0000000000000000       0x84
 .stab          0x0000000000000000       0x24 c:/mounriver/mounriver_studio/toolchain/risc-v embedded gcc/bin/../lib/gcc/riscv-none-embed/8.2.0/../../../../riscv-none-embed/lib/rv32imac/ilp32\libnosys.a(close.o)
 .stab          0x0000000000000024       0x18 c:/mounriver/mounriver_studio/toolchain/risc-v embedded gcc/bin/../lib/gcc/riscv-none-embed/8.2.0/../../../../riscv-none-embed/lib/rv32imac/ilp32\libnosys.a(fstat.o)
                                         0x24 (size before relaxing)
 .stab          0x000000000000003c       0x18 c:/mounriver/mounriver_studio/toolchain/risc-v embedded gcc/bin/../lib/gcc/riscv-none-embed/8.2.0/../../../../riscv-none-embed/lib/rv32imac/ilp32\libnosys.a(isatty.o)
                                         0x24 (size before relaxing)
 .stab          0x0000000000000054       0x18 c:/mounriver/mounriver_studio/toolchain/risc-v embedded gcc/bin/../lib/gcc/riscv-none-embed/8.2.0/../../../../riscv-none-embed/lib/rv32imac/ilp32\libnosys.a(lseek.o)
                                         0x24 (size before relaxing)
 .stab          0x000000000000006c       0x18 c:/mounriver/mounriver_studio/toolchain/risc-v embedded gcc/bin/../lib/gcc/riscv-none-embed/8.2.0/../../../../riscv-none-embed/lib/rv32imac/ilp32\libnosys.a(read.o)
                                         0x24 (size before relaxing)

.stabstr        0x0000000000000000      0x117
 .stabstr       0x0000000000000000      0x117 c:/mounriver/mounriver_studio/toolchain/risc-v embedded gcc/bin/../lib/gcc/riscv-none-embed/8.2.0/../../../../riscv-none-embed/lib/rv32imac/ilp32\libnosys.a(close.o)
